srun: job 23244 queued and waiting for resources
srun: job 23244 has been allocated resources
shape=[8192,96,128] warmup=30 iters=200 repeats=5
  flash_kda (bf16 state) : mean=1.0324 ms, min=1.0257 ms, max=2.7337 ms
  flash_kda (no state)   : mean=1.0286 ms, min=1.0255 ms, max=1.1366 ms
  flash_kda (fp32 state) : mean=0.9993 ms, min=0.9961 ms, max=1.1028 ms
  chunk_kda : mean=2.3723 ms, min=2.3641 ms, max=2.7202 ms
  chunk_gated_delta_rule : mean=1.3056 ms, min=1.2989 ms, max=1.3923 ms
varlen shape=[8192,96,128] seq_lens=[1300, 547, 2048, 963, 271, 3063] warmup=30 iters=200 repeats=5
  flash_kda (bf16 state) : mean=0.8591 ms, min=0.8116 ms, max=0.9253 ms
  flash_kda (no state)   : mean=0.8574 ms, min=0.8056 ms, max=0.9201 ms
  flash_kda (fp32 state) : mean=0.8709 ms, min=0.8341 ms, max=0.9223 ms
  chunk_kda : mean=2.3905 ms, min=2.3783 ms, max=2.8782 ms
  chunk_gated_delta_rule : mean=1.3120 ms, min=1.3051 ms, max=1.7996 ms
varlen shape=[8192,96,128] seq_lens=[1024, 1024, 1024, 1024, 1024, 1024, 1024, 1024] warmup=30 iters=200 repeats=5
  flash_kda (bf16 state) : mean=0.7003 ms, min=0.6907 ms, max=0.7241 ms
  flash_kda (no state)   : mean=0.6982 ms, min=0.6907 ms, max=0.7305 ms
  flash_kda (fp32 state) : mean=0.7183 ms, min=0.7111 ms, max=0.7405 ms
  chunk_kda : mean=2.3482 ms, min=2.3334 ms, max=3.9041 ms
  chunk_gated_delta_rule : mean=1.2618 ms, min=1.2521 ms, max=2.7696 ms
