srun: job 23441 queued and waiting for resources
srun: job 23441 has been allocated resources
Traceback (most recent call last):
  File "<C1_REPO>/assignment02/team/c1_flashkda/FlashKDA/../challenge/diagnose_5090_exactness.py", line 38, in <module>
    from tests.torch_ref import torch_ref  # noqa: E402
    ^^^^^^^^^^^^^^^^^^^^^^^^^^^^^^^^^^^^^
  File "<C1_REPO>/assignment02/team/c1_flashkda/FlashKDA/tests/torch_ref.py", line 32, in <module>
    sigmoid_ext = load_inline(
                  ^^^^^^^^^^^^
  File "<C1_REPO>/assignment02/.venv/lib/python3.12/site-packages/torch/utils/cpp_extension.py", line 2285, in load_inline
    return _jit_compile(
           ^^^^^^^^^^^^^
  File "<C1_REPO>/assignment02/.venv/lib/python3.12/site-packages/torch/utils/cpp_extension.py", line 2382, in _jit_compile
    _write_ninja_file_and_build_library(
  File "<C1_REPO>/assignment02/.venv/lib/python3.12/site-packages/torch/utils/cpp_extension.py", line 2496, in _write_ninja_file_and_build_library
    verify_ninja_availability()
  File "<C1_REPO>/assignment02/.venv/lib/python3.12/site-packages/torch/utils/cpp_extension.py", line 2562, in verify_ninja_availability
    raise RuntimeError("Ninja is required to load C++ extensions (pip install ninja to get it)")
RuntimeError: Ninja is required to load C++ extensions (pip install ninja to get it)
srun: error: dev-slurm: task 0: Exited with exit code 1
