srun: job 23442 queued and waiting for resources
srun: job 23442 has been allocated resources
{
  "case": {
    "h": 96,
    "name": "one_chunk_h96",
    "state_dtype": "bf16",
    "t": 16
  },
  "final_state_vs_reference": {
    "different_elements": 0,
    "different_fraction": 0.0,
    "equal": true,
    "max_abs": 0.0,
    "mean_abs": 0.0,
    "mean_relative_to_mean_abs_ref": 0.0,
    "mismatches_beyond_one_bf16_ulp": 0,
    "total_elements": 1572864
  },
  "kernel_repeatability": [
    {
      "final_state_equal_to_repeat_0": true,
      "output_equal_to_repeat_0": true,
      "repeat": 1
    },
    {
      "final_state_equal_to_repeat_0": true,
      "output_equal_to_repeat_0": true,
      "repeat": 2
    }
  ],
  "output_vs_reference": {
    "different_elements": 0,
    "different_fraction": 0.0,
    "equal": true,
    "max_abs": 0.0,
    "mean_abs": 0.0,
    "mean_relative_to_mean_abs_ref": 0.0,
    "mismatches_beyond_one_bf16_ulp": 0,
    "total_elements": 196608
  },
  "reference_repeatability": {
    "final_state_equal": true,
    "output_equal": true
  },
  "wall_seconds_including_reference": 11.386651511769742
}
{
  "case": {
    "h": 96,
    "name": "two_chunks_h96",
    "state_dtype": "bf16",
    "t": 17
  },
  "final_state_vs_reference": {
    "different_elements": 0,
    "different_fraction": 0.0,
    "equal": true,
    "max_abs": 0.0,
    "mean_abs": 0.0,
    "mean_relative_to_mean_abs_ref": 0.0,
    "mismatches_beyond_one_bf16_ulp": 0,
    "total_elements": 1572864
  },
  "kernel_repeatability": [
    {
      "final_state_equal_to_repeat_0": true,
      "output_equal_to_repeat_0": true,
      "repeat": 1
    },
    {
      "final_state_equal_to_repeat_0": true,
      "output_equal_to_repeat_0": true,
      "repeat": 2
    }
  ],
  "output_vs_reference": {
    "different_elements": 0,
    "different_fraction": 0.0,
    "equal": true,
    "max_abs": 0.0,
    "mean_abs": 0.0,
    "mean_relative_to_mean_abs_ref": 0.0,
    "mismatches_beyond_one_bf16_ulp": 0,
    "total_elements": 208896
  },
  "reference_repeatability": {
    "final_state_equal": true,
    "output_equal": true
  },
  "wall_seconds_including_reference": 0.18936806917190552
}
{
  "case": {
    "h": 96,
    "name": "four_chunks_h96",
    "state_dtype": "bf16",
    "t": 64
  },
  "final_state_vs_reference": {
    "different_elements": 0,
    "different_fraction": 0.0,
    "equal": true,
    "max_abs": 0.0,
    "mean_abs": 0.0,
    "mean_relative_to_mean_abs_ref": 0.0,
    "mismatches_beyond_one_bf16_ulp": 0,
    "total_elements": 1572864
  },
  "kernel_repeatability": [
    {
      "final_state_equal_to_repeat_0": true,
      "output_equal_to_repeat_0": true,
      "repeat": 1
    },
    {
      "final_state_equal_to_repeat_0": true,
      "output_equal_to_repeat_0": true,
      "repeat": 2
    }
  ],
  "output_vs_reference": {
    "different_elements": 0,
    "different_fraction": 0.0,
    "equal": true,
    "max_abs": 0.0,
    "mean_abs": 0.0,
    "mean_relative_to_mean_abs_ref": 0.0,
    "mismatches_beyond_one_bf16_ulp": 0,
    "total_elements": 786432
  },
  "reference_repeatability": {
    "final_state_equal": true,
    "output_equal": true
  },
  "wall_seconds_including_reference": 0.3709076102823019
}
{
  "case": {
    "h": 96,
    "name": "sixtyfour_chunks_h96",
    "state_dtype": "bf16",
    "t": 1024
  },
  "final_state_vs_reference": {
    "different_elements": 0,
    "different_fraction": 0.0,
    "equal": true,
    "max_abs": 0.0,
    "mean_abs": 0.0,
    "mean_relative_to_mean_abs_ref": 0.0,
    "mismatches_beyond_one_bf16_ulp": 0,
    "total_elements": 1572864
  },
  "kernel_repeatability": [
    {
      "final_state_equal_to_repeat_0": true,
      "output_equal_to_repeat_0": true,
      "repeat": 1
    },
    {
      "final_state_equal_to_repeat_0": true,
      "output_equal_to_repeat_0": true,
      "repeat": 2
    }
  ],
  "output_vs_reference": {
    "different_elements": 0,
    "different_fraction": 0.0,
    "equal": true,
    "max_abs": 0.0,
    "mean_abs": 0.0,
    "mean_relative_to_mean_abs_ref": 0.0,
    "mismatches_beyond_one_bf16_ulp": 0,
    "total_elements": 12582912
  },
  "reference_repeatability": {
    "final_state_equal": true,
    "output_equal": true
  },
  "wall_seconds_including_reference": 5.986717729829252
}
{
  "case": {
    "h": 1,
    "name": "official_fixed_h1",
    "state_dtype": "bf16",
    "t": 8192
  },
  "final_state_vs_reference": {
    "different_elements": 0,
    "different_fraction": 0.0,
    "equal": true,
    "max_abs": 0.0,
    "mean_abs": 0.0,
    "mean_relative_to_mean_abs_ref": 0.0,
    "mismatches_beyond_one_bf16_ulp": 0,
    "total_elements": 16384
  },
  "kernel_repeatability": [
    {
      "final_state_equal_to_repeat_0": true,
      "output_equal_to_repeat_0": true,
      "repeat": 1
    },
    {
      "final_state_equal_to_repeat_0": true,
      "output_equal_to_repeat_0": true,
      "repeat": 2
    }
  ],
  "output_vs_reference": {
    "different_elements": 0,
    "different_fraction": 0.0,
    "equal": true,
    "max_abs": 0.0,
    "mean_abs": 0.0,
    "mean_relative_to_mean_abs_ref": 0.0,
    "mismatches_beyond_one_bf16_ulp": 0,
    "total_elements": 1048576
  },
  "reference_repeatability": {
    "final_state_equal": true,
    "output_equal": true
  },
  "wall_seconds_including_reference": 0.5044927569106221
}
{
  "case": {
    "h": 96,
    "name": "official_fixed_h96_bf16",
    "state_dtype": "bf16",
    "t": 8192
  },
  "final_state_vs_reference": {
    "different_elements": 0,
    "different_fraction": 0.0,
    "equal": true,
    "max_abs": 0.0,
    "mean_abs": 0.0,
    "mean_relative_to_mean_abs_ref": 0.0,
    "mismatches_beyond_one_bf16_ulp": 0,
    "total_elements": 1572864
  },
  "kernel_repeatability": [
    {
      "final_state_equal_to_repeat_0": true,
      "output_equal_to_repeat_0": true,
      "repeat": 1
    },
    {
      "final_state_equal_to_repeat_0": true,
      "output_equal_to_repeat_0": true,
      "repeat": 2
    }
  ],
  "output_vs_reference": {
    "different_elements": 0,
    "different_fraction": 0.0,
    "equal": true,
    "max_abs": 0.0,
    "mean_abs": 0.0,
    "mean_relative_to_mean_abs_ref": 0.0,
    "mismatches_beyond_one_bf16_ulp": 0,
    "total_elements": 100663296
  },
  "reference_repeatability": {
    "final_state_equal": true,
    "output_equal": true
  },
  "wall_seconds_including_reference": 47.49159993324429
}
{
  "case": {
    "h": 96,
    "name": "official_fixed_h96_fp32",
    "state_dtype": "fp32",
    "t": 8192
  },
  "final_state_vs_reference": {
    "different_elements": 0,
    "different_fraction": 0.0,
    "equal": true,
    "max_abs": 0.0,
    "mean_abs": 0.0,
    "mean_relative_to_mean_abs_ref": 0.0,
    "total_elements": 1572864
  },
  "kernel_repeatability": [
    {
      "final_state_equal_to_repeat_0": true,
      "output_equal_to_repeat_0": true,
      "repeat": 1
    },
    {
      "final_state_equal_to_repeat_0": true,
      "output_equal_to_repeat_0": true,
      "repeat": 2
    }
  ],
  "output_vs_reference": {
    "different_elements": 0,
    "different_fraction": 0.0,
    "equal": true,
    "max_abs": 0.0,
    "mean_abs": 0.0,
    "mean_relative_to_mean_abs_ref": 0.0,
    "mismatches_beyond_one_bf16_ulp": 0,
    "total_elements": 100663296
  },
  "reference_repeatability": {
    "final_state_equal": true,
    "output_equal": true
  },
  "wall_seconds_including_reference": 47.31507169501856
}

=== compact summary ===
one_chunk_h96: out_equal=True out_diff=0/196608 out_max=0; state_equal=True state_diff=0/1572864 state_max=0
two_chunks_h96: out_equal=True out_diff=0/208896 out_max=0; state_equal=True state_diff=0/1572864 state_max=0
four_chunks_h96: out_equal=True out_diff=0/786432 out_max=0; state_equal=True state_diff=0/1572864 state_max=0
sixtyfour_chunks_h96: out_equal=True out_diff=0/12582912 out_max=0; state_equal=True state_diff=0/1572864 state_max=0
official_fixed_h1: out_equal=True out_diff=0/1048576 out_max=0; state_equal=True state_diff=0/16384 state_max=0
official_fixed_h96_bf16: out_equal=True out_diff=0/100663296 out_max=0; state_equal=True state_diff=0/1572864 state_max=0
official_fixed_h96_fp32: out_equal=True out_diff=0/100663296 out_max=0; state_equal=True state_diff=0/1572864 state_max=0
wrote JSON: ../results/diagnose_b300_boundary_path.json
