srun: job 25002 queued and waiting for resources
srun: job 25002 has been allocated resources
=== clusters=8 iters=200 repeats=9 ===
run dup elems=1024: warmup launch
run dup elems=1024: warmup done
run dup elems=1024: sample 0
run dup elems=1024: sample 1
run dup elems=1024: sample 2
run dup elems=1024: sample 3
run dup elems=1024: sample 4
run dup elems=1024: sample 5
run dup elems=1024: sample 6
run dup elems=1024: sample 7
run dup elems=1024: sample 8
run dsm elems=1024: warmup launch
run dsm elems=1024: warmup done
run dsm elems=1024: sample 0
run dsm elems=1024: sample 1
run dsm elems=1024: sample 2
run dsm elems=1024: sample 3
run dsm elems=1024: sample 4
run dsm elems=1024: sample 5
run dsm elems=1024: sample 6
run dsm elems=1024: sample 7
run dsm elems=1024: sample 8
run dup elems=2048: warmup launch
run dup elems=2048: warmup done
run dup elems=2048: sample 0
run dup elems=2048: sample 1
run dup elems=2048: sample 2
run dup elems=2048: sample 3
run dup elems=2048: sample 4
run dup elems=2048: sample 5
run dup elems=2048: sample 6
run dup elems=2048: sample 7
run dup elems=2048: sample 8
run dsm elems=2048: warmup launch
run dsm elems=2048: warmup done
run dsm elems=2048: sample 0
run dsm elems=2048: sample 1
run dsm elems=2048: sample 2
run dsm elems=2048: sample 3
run dsm elems=2048: sample 4
run dsm elems=2048: sample 5
run dsm elems=2048: sample 6
run dsm elems=2048: sample 7
run dsm elems=2048: sample 8
run dup elems=4096: warmup launch
run dup elems=4096: warmup done
run dup elems=4096: sample 0
run dup elems=4096: sample 1
run dup elems=4096: sample 2
run dup elems=4096: sample 3
run dup elems=4096: sample 4
run dup elems=4096: sample 5
run dup elems=4096: sample 6
run dup elems=4096: sample 7
run dup elems=4096: sample 8
run dsm elems=4096: warmup launch
run dsm elems=4096: warmup done
run dsm elems=4096: sample 0
run dsm elems=4096: sample 1
run dsm elems=4096: sample 2
run dsm elems=4096: sample 3
run dsm elems=4096: sample 4
run dsm elems=4096: sample 5
run dsm elems=4096: sample 6
run dsm elems=4096: sample 7
run dsm elems=4096: sample 8
run dup elems=8192: warmup launch
run dup elems=8192: warmup done
run dup elems=8192: sample 0
run dup elems=8192: sample 1
run dup elems=8192: sample 2
run dup elems=8192: sample 3
run dup elems=8192: sample 4
run dup elems=8192: sample 5
run dup elems=8192: sample 6
run dup elems=8192: sample 7
run dup elems=8192: sample 8
run dsm elems=8192: warmup launch
run dsm elems=8192: warmup done
run dsm elems=8192: sample 0
run dsm elems=8192: sample 1
run dsm elems=8192: sample 2
run dsm elems=8192: sample 3
run dsm elems=8192: sample 4
run dsm elems=8192: sample 5
run dsm elems=8192: sample 6
run dsm elems=8192: sample 7
run dsm elems=8192: sample 8
run dup elems=16384: warmup launch
run dup elems=16384: warmup done
run dup elems=16384: sample 0
run dup elems=16384: sample 1
run dup elems=16384: sample 2
run dup elems=16384: sample 3
run dup elems=16384: sample 4
run dup elems=16384: sample 5
run dup elems=16384: sample 6
run dup elems=16384: sample 7
run dup elems=16384: sample 8
run dsm elems=16384: warmup launch
run dsm elems=16384: warmup done
run dsm elems=16384: sample 0
run dsm elems=16384: sample 1
run dsm elems=16384: sample 2
run dsm elems=16384: sample 3
run dsm elems=16384: sample 4
run dsm elems=16384: sample 5
run dsm elems=16384: sample 6
run dsm elems=16384: sample 7
run dsm elems=16384: sample 8
clusters=8 iters=200 repeats=9 block=128 cluster=(2,1,1)
elems,duplicate_ms,dsm_ms,speedup,duplicate_exact,dsm_exact
1024,0.0023064,0.00262624,0.878214,1,1
2048,0.0037944,0.0044792,0.847116,1,1
4096,0.00668848,0.00807488,0.828307,1,1
8192,0.0126046,0.0154166,0.8176,1,1
16384,0.0243811,0.0300067,0.812522,1,1
=== clusters=16 iters=200 repeats=9 ===
run dup elems=1024: warmup launch
run dup elems=1024: warmup done
run dup elems=1024: sample 0
run dup elems=1024: sample 1
run dup elems=1024: sample 2
run dup elems=1024: sample 3
run dup elems=1024: sample 4
run dup elems=1024: sample 5
run dup elems=1024: sample 6
run dup elems=1024: sample 7
run dup elems=1024: sample 8
run dsm elems=1024: warmup launch
run dsm elems=1024: warmup done
run dsm elems=1024: sample 0
run dsm elems=1024: sample 1
run dsm elems=1024: sample 2
run dsm elems=1024: sample 3
run dsm elems=1024: sample 4
run dsm elems=1024: sample 5
run dsm elems=1024: sample 6
run dsm elems=1024: sample 7
run dsm elems=1024: sample 8
run dup elems=2048: warmup launch
run dup elems=2048: warmup done
run dup elems=2048: sample 0
run dup elems=2048: sample 1
run dup elems=2048: sample 2
run dup elems=2048: sample 3
run dup elems=2048: sample 4
run dup elems=2048: sample 5
run dup elems=2048: sample 6
run dup elems=2048: sample 7
run dup elems=2048: sample 8
run dsm elems=2048: warmup launch
run dsm elems=2048: warmup done
run dsm elems=2048: sample 0
run dsm elems=2048: sample 1
run dsm elems=2048: sample 2
run dsm elems=2048: sample 3
run dsm elems=2048: sample 4
run dsm elems=2048: sample 5
run dsm elems=2048: sample 6
run dsm elems=2048: sample 7
run dsm elems=2048: sample 8
run dup elems=4096: warmup launch
run dup elems=4096: warmup done
run dup elems=4096: sample 0
run dup elems=4096: sample 1
run dup elems=4096: sample 2
run dup elems=4096: sample 3
run dup elems=4096: sample 4
run dup elems=4096: sample 5
run dup elems=4096: sample 6
run dup elems=4096: sample 7
run dup elems=4096: sample 8
run dsm elems=4096: warmup launch
run dsm elems=4096: warmup done
run dsm elems=4096: sample 0
run dsm elems=4096: sample 1
run dsm elems=4096: sample 2
run dsm elems=4096: sample 3
run dsm elems=4096: sample 4
run dsm elems=4096: sample 5
run dsm elems=4096: sample 6
run dsm elems=4096: sample 7
run dsm elems=4096: sample 8
run dup elems=8192: warmup launch
run dup elems=8192: warmup done
run dup elems=8192: sample 0
run dup elems=8192: sample 1
run dup elems=8192: sample 2
run dup elems=8192: sample 3
run dup elems=8192: sample 4
run dup elems=8192: sample 5
run dup elems=8192: sample 6
run dup elems=8192: sample 7
run dup elems=8192: sample 8
run dsm elems=8192: warmup launch
run dsm elems=8192: warmup done
run dsm elems=8192: sample 0
run dsm elems=8192: sample 1
run dsm elems=8192: sample 2
run dsm elems=8192: sample 3
run dsm elems=8192: sample 4
run dsm elems=8192: sample 5
run dsm elems=8192: sample 6
run dsm elems=8192: sample 7
run dsm elems=8192: sample 8
run dup elems=16384: warmup launch
run dup elems=16384: warmup done
run dup elems=16384: sample 0
run dup elems=16384: sample 1
run dup elems=16384: sample 2
run dup elems=16384: sample 3
run dup elems=16384: sample 4
run dup elems=16384: sample 5
run dup elems=16384: sample 6
run dup elems=16384: sample 7
run dup elems=16384: sample 8
run dsm elems=16384: warmup launch
run dsm elems=16384: warmup done
run dsm elems=16384: sample 0
run dsm elems=16384: sample 1
run dsm elems=16384: sample 2
run dsm elems=16384: sample 3
run dsm elems=16384: sample 4
run dsm elems=16384: sample 5
run dsm elems=16384: sample 6
run dsm elems=16384: sample 7
run dsm elems=16384: sample 8
clusters=16 iters=200 repeats=9 block=128 cluster=(2,1,1)
elems,duplicate_ms,dsm_ms,speedup,duplicate_exact,dsm_exact
1024,0.00230928,0.00262704,0.879043,1,1
2048,0.00379744,0.0044776,0.848097,1,1
4096,0.00668528,0.00807488,0.827911,1,1
8192,0.0126032,0.0154142,0.817633,1,1
16384,0.0243814,0.0300142,0.812329,1,1
=== clusters=32 iters=200 repeats=9 ===
run dup elems=1024: warmup launch
run dup elems=1024: warmup done
run dup elems=1024: sample 0
run dup elems=1024: sample 1
run dup elems=1024: sample 2
run dup elems=1024: sample 3
run dup elems=1024: sample 4
run dup elems=1024: sample 5
run dup elems=1024: sample 6
run dup elems=1024: sample 7
run dup elems=1024: sample 8
run dsm elems=1024: warmup launch
run dsm elems=1024: warmup done
run dsm elems=1024: sample 0
run dsm elems=1024: sample 1
run dsm elems=1024: sample 2
run dsm elems=1024: sample 3
run dsm elems=1024: sample 4
run dsm elems=1024: sample 5
run dsm elems=1024: sample 6
run dsm elems=1024: sample 7
run dsm elems=1024: sample 8
run dup elems=2048: warmup launch
run dup elems=2048: warmup done
run dup elems=2048: sample 0
run dup elems=2048: sample 1
run dup elems=2048: sample 2
run dup elems=2048: sample 3
run dup elems=2048: sample 4
run dup elems=2048: sample 5
run dup elems=2048: sample 6
run dup elems=2048: sample 7
run dup elems=2048: sample 8
run dsm elems=2048: warmup launch
run dsm elems=2048: warmup done
run dsm elems=2048: sample 0
run dsm elems=2048: sample 1
run dsm elems=2048: sample 2
run dsm elems=2048: sample 3
run dsm elems=2048: sample 4
run dsm elems=2048: sample 5
run dsm elems=2048: sample 6
run dsm elems=2048: sample 7
run dsm elems=2048: sample 8
run dup elems=4096: warmup launch
run dup elems=4096: warmup done
run dup elems=4096: sample 0
run dup elems=4096: sample 1
run dup elems=4096: sample 2
run dup elems=4096: sample 3
run dup elems=4096: sample 4
run dup elems=4096: sample 5
run dup elems=4096: sample 6
run dup elems=4096: sample 7
run dup elems=4096: sample 8
run dsm elems=4096: warmup launch
run dsm elems=4096: warmup done
run dsm elems=4096: sample 0
run dsm elems=4096: sample 1
run dsm elems=4096: sample 2
run dsm elems=4096: sample 3
run dsm elems=4096: sample 4
run dsm elems=4096: sample 5
run dsm elems=4096: sample 6
run dsm elems=4096: sample 7
run dsm elems=4096: sample 8
run dup elems=8192: warmup launch
run dup elems=8192: warmup done
run dup elems=8192: sample 0
run dup elems=8192: sample 1
run dup elems=8192: sample 2
run dup elems=8192: sample 3
run dup elems=8192: sample 4
run dup elems=8192: sample 5
run dup elems=8192: sample 6
run dup elems=8192: sample 7
run dup elems=8192: sample 8
run dsm elems=8192: warmup launch
run dsm elems=8192: warmup done
run dsm elems=8192: sample 0
run dsm elems=8192: sample 1
run dsm elems=8192: sample 2
run dsm elems=8192: sample 3
run dsm elems=8192: sample 4
run dsm elems=8192: sample 5
run dsm elems=8192: sample 6
run dsm elems=8192: sample 7
run dsm elems=8192: sample 8
run dup elems=16384: warmup launch
run dup elems=16384: warmup done
run dup elems=16384: sample 0
run dup elems=16384: sample 1
run dup elems=16384: sample 2
run dup elems=16384: sample 3
run dup elems=16384: sample 4
run dup elems=16384: sample 5
run dup elems=16384: sample 6
run dup elems=16384: sample 7
run dup elems=16384: sample 8
run dsm elems=16384: warmup launch
run dsm elems=16384: warmup done
run dsm elems=16384: sample 0
run dsm elems=16384: sample 1
run dsm elems=16384: sample 2
run dsm elems=16384: sample 3
run dsm elems=16384: sample 4
run dsm elems=16384: sample 5
run dsm elems=16384: sample 6
run dsm elems=16384: sample 7
run dsm elems=16384: sample 8
clusters=32 iters=200 repeats=9 block=128 cluster=(2,1,1)
elems,duplicate_ms,dsm_ms,speedup,duplicate_exact,dsm_exact
1024,0.00230864,0.00262864,0.878264,1,1
2048,0.0037976,0.0044776,0.848133,1,1
4096,0.00668512,0.00807296,0.828088,1,1
8192,0.0126027,0.0154066,0.81801,1,1
16384,0.0243795,0.0300157,0.812226,1,1
=== clusters=64 iters=200 repeats=9 ===
run dup elems=1024: warmup launch
run dup elems=1024: warmup done
run dup elems=1024: sample 0
run dup elems=1024: sample 1
run dup elems=1024: sample 2
run dup elems=1024: sample 3
run dup elems=1024: sample 4
run dup elems=1024: sample 5
run dup elems=1024: sample 6
run dup elems=1024: sample 7
run dup elems=1024: sample 8
run dsm elems=1024: warmup launch
run dsm elems=1024: warmup done
run dsm elems=1024: sample 0
run dsm elems=1024: sample 1
run dsm elems=1024: sample 2
run dsm elems=1024: sample 3
run dsm elems=1024: sample 4
run dsm elems=1024: sample 5
run dsm elems=1024: sample 6
run dsm elems=1024: sample 7
run dsm elems=1024: sample 8
run dup elems=2048: warmup launch
run dup elems=2048: warmup done
run dup elems=2048: sample 0
run dup elems=2048: sample 1
run dup elems=2048: sample 2
run dup elems=2048: sample 3
run dup elems=2048: sample 4
run dup elems=2048: sample 5
run dup elems=2048: sample 6
run dup elems=2048: sample 7
run dup elems=2048: sample 8
run dsm elems=2048: warmup launch
run dsm elems=2048: warmup done
run dsm elems=2048: sample 0
run dsm elems=2048: sample 1
run dsm elems=2048: sample 2
run dsm elems=2048: sample 3
run dsm elems=2048: sample 4
run dsm elems=2048: sample 5
run dsm elems=2048: sample 6
run dsm elems=2048: sample 7
run dsm elems=2048: sample 8
run dup elems=4096: warmup launch
run dup elems=4096: warmup done
run dup elems=4096: sample 0
run dup elems=4096: sample 1
run dup elems=4096: sample 2
run dup elems=4096: sample 3
run dup elems=4096: sample 4
run dup elems=4096: sample 5
run dup elems=4096: sample 6
run dup elems=4096: sample 7
run dup elems=4096: sample 8
run dsm elems=4096: warmup launch
run dsm elems=4096: warmup done
run dsm elems=4096: sample 0
run dsm elems=4096: sample 1
run dsm elems=4096: sample 2
run dsm elems=4096: sample 3
run dsm elems=4096: sample 4
run dsm elems=4096: sample 5
run dsm elems=4096: sample 6
run dsm elems=4096: sample 7
run dsm elems=4096: sample 8
run dup elems=8192: warmup launch
run dup elems=8192: warmup done
run dup elems=8192: sample 0
run dup elems=8192: sample 1
run dup elems=8192: sample 2
run dup elems=8192: sample 3
run dup elems=8192: sample 4
run dup elems=8192: sample 5
run dup elems=8192: sample 6
run dup elems=8192: sample 7
run dup elems=8192: sample 8
run dsm elems=8192: warmup launch
run dsm elems=8192: warmup done
run dsm elems=8192: sample 0
run dsm elems=8192: sample 1
run dsm elems=8192: sample 2
run dsm elems=8192: sample 3
run dsm elems=8192: sample 4
run dsm elems=8192: sample 5
run dsm elems=8192: sample 6
run dsm elems=8192: sample 7
run dsm elems=8192: sample 8
run dup elems=16384: warmup launch
run dup elems=16384: warmup done
run dup elems=16384: sample 0
run dup elems=16384: sample 1
run dup elems=16384: sample 2
run dup elems=16384: sample 3
run dup elems=16384: sample 4
run dup elems=16384: sample 5
run dup elems=16384: sample 6
run dup elems=16384: sample 7
run dup elems=16384: sample 8
run dsm elems=16384: warmup launch
run dsm elems=16384: warmup done
run dsm elems=16384: sample 0
run dsm elems=16384: sample 1
run dsm elems=16384: sample 2
run dsm elems=16384: sample 3
run dsm elems=16384: sample 4
run dsm elems=16384: sample 5
run dsm elems=16384: sample 6
run dsm elems=16384: sample 7
run dsm elems=16384: sample 8
clusters=64 iters=200 repeats=9 block=128 cluster=(2,1,1)
elems,duplicate_ms,dsm_ms,speedup,duplicate_exact,dsm_exact
1024,0.00231904,0.00263888,0.878797,1,1
2048,0.00379648,0.00447712,0.847974,1,1
4096,0.00676448,0.00815728,0.829257,1,1
8192,0.0127656,0.015575,0.819619,1,1
16384,0.0246494,0.0302826,0.813981,1,1
