Using Python 3.10.12 environment at: /home/lcpu/newsunh/wmhpc-training-camp-x-lcpu-ai-infra-seminars/assignment02/.venv
Resolved 1 package in 4.68s
   Building flash-kda @ file:///home/lcpu/newsunh/wmhpc-training-camp-x-lcpu-ai-infra-seminars/assignment02/team/c1_flashkda/FlashKDA
      Built flash-kda @ file:///home/lcpu/newsunh/wmhpc-training-camp-x-lcpu-ai-infra-seminars/assignment02/team/c1_flashkda/FlashKDA
Prepared 1 package in 1m 03s
Uninstalled 1 package in 0.59ms
Installed 1 package in 1ms
 - flash-kda==0.0.1+86106d7 (from file:///home/lcpu/newsunh/wmhpc-training-camp-x-lcpu-ai-infra-seminars/assignment02/team/c1_flashkda/FlashKDA)
 + flash-kda==0.0.1+r8.5090.state2 (from file:///home/lcpu/newsunh/wmhpc-training-camp-x-lcpu-ai-infra-seminars/assignment02/team/c1_flashkda/FlashKDA)
{
  "H": 1,
  "T": 8192,
  "output_nonzero_elements": 1048537,
  "reference_state_digest": "d145a6545fd6d41a4f5588ec37f1fb8368566064a9b8d0d13ce7ab4a84ae6180",
  "seed": 2027,
  "state_digest": "d145a6545fd6d41a4f5588ec37f1fb8368566064a9b8d0d13ce7ab4a84ae6180",
  "state_dtype": "bfloat16",
  "state_equal_reference": true,
  "timing": {
    "max_ms": 0.8112639784812927,
    "mean_ms": 0.7988895972569784,
    "median_ms": 0.7981759905815125,
    "min_ms": 0.7958719730377197,
    "samples_ms": [
      0.7958719730377197,
      0.7961919903755188,
      0.7962239980697632,
      0.7965440154075623,
      0.7966399788856506,
      0.7966399788856506,
      0.79721599817276,
      0.7972800135612488,
      0.7972800135612488,
      0.7975360155105591,
      0.7976639866828918,
      0.7980160117149353,
      0.7980800271034241,
      0.7981119751930237,
      0.7981439828872681,
      0.7981759905815125,
      0.7985919713973999,
      0.7985919713973999,
      0.7987520098686218,
      0.7990080118179321,
      0.7991679906845093,
      0.7991679906845093,
      0.799232006072998,
      0.7992640137672424,
      0.7992640137672424,
      0.7995839715003967,
      0.8007360100746155,
      0.8032320141792297,
      0.8052160143852234,
      0.8112639784812927
    ]
  }
}
{
  "H": 4,
  "T": 8192,
  "output_nonzero_elements": 4194165,
  "reference_state_digest": "9ab638ad4f81956f06d41ca3614bfa33eec7db15f90718135e417ff7311c6d97",
  "seed": 2027,
  "state_digest": "9ab638ad4f81956f06d41ca3614bfa33eec7db15f90718135e417ff7311c6d97",
  "state_dtype": "bfloat16",
  "state_equal_reference": true,
  "timing": {
    "max_ms": 0.8284159898757935,
    "mean_ms": 0.8208746671676636,
    "median_ms": 0.8207039833068848,
    "min_ms": 0.8171200156211853,
    "samples_ms": [
      0.8171200156211853,
      0.8172799944877625,
      0.8175680041313171,
      0.8176640272140503,
      0.8186240196228027,
      0.8189120292663574,
      0.818943977355957,
      0.8191360235214233,
      0.8191999793052673,
      0.8195840120315552,
      0.8197119832038879,
      0.8197439908981323,
      0.8198080062866211,
      0.8198080062866211,
      0.8198720216751099,
      0.8207039833068848,
      0.8208000063896179,
      0.8209599852561951,
      0.8210560083389282,
      0.8211519718170166,
      0.8214399814605713,
      0.8218880295753479,
      0.8219839930534363,
      0.8221439719200134,
      0.8222079873085022,
      0.8233280181884766,
      0.8237760066986084,
      0.826304018497467,
      0.8271039724349976,
      0.8284159898757935
    ]
  }
}
{
  "H": 96,
  "T": 8192,
  "output_nonzero_elements": 100659399,
  "reference_state_digest": "7dd5294193f6c866b823cd7e1fd80541092135d2ca45d333d5341a19457fda17",
  "seed": 2027,
  "state_digest": "b1de6e69bcee0b16ae6d176f825c128527155084978cd488c1208f8dd2d7674d",
  "state_dtype": "bfloat16",
  "state_equal_reference": false,
  "timing": {
    "max_ms": 2.6684799194335938,
    "mean_ms": 2.6307711760203043,
    "median_ms": 2.628767967224121,
    "min_ms": 2.624511957168579,
    "samples_ms": [
      2.624511957168579,
      2.6248960494995117,
      2.625119924545288,
      2.626271963119507,
      2.626271963119507,
      2.6263999938964844,
      2.6267199516296387,
      2.6269760131835938,
      2.6271679401397705,
      2.627487897872925,
      2.627648115158081,
      2.6277120113372803,
      2.6279680728912354,
      2.6284799575805664,
      2.6284799575805664,
      2.628767967224121,
      2.629120111465454,
      2.6303999423980713,
      2.630431890487671,
      2.6307199001312256,
      2.6312639713287354,
      2.6314239501953125,
      2.6314239501953125,
      2.6316161155700684,
      2.6319360733032227,
      2.632416009902954,
      2.6362879276275635,
      2.638079881668091,
      2.6386559009552,
      2.6684799194335938
    ]
  }
}
R7 state-only final state is not exact
