{
  "H": 96,
  "T": 8192,
  "output_different_elements": 0,
  "output_digest": "7cb17f36f8a2d5e46159dd250646da535c5b5d572b78bc66157b3affc6d6de4f",
  "output_equal_reference": true,
  "output_max_abs_diff": 0.0,
  "output_mean_abs_diff": 0.0,
  "output_nonzero_elements": 100659413,
  "reference_output_digest": "7cb17f36f8a2d5e46159dd250646da535c5b5d572b78bc66157b3affc6d6de4f",
  "reference_state_digest": "d83bda52e4e0a64ca1673a6f97758f9b3b023178a84261f253efbf75ff0aaac1",
  "seed": 2027,
  "state_digest": "d83bda52e4e0a64ca1673a6f97758f9b3b023178a84261f253efbf75ff0aaac1",
  "state_dtype": "bfloat16",
  "state_equal_reference": true,
  "timing": {
    "max_ms": 1.8161920309066772,
    "mean_ms": 1.790169608592987,
    "median_ms": 1.786911964416504,
    "min_ms": 1.7769279479980469,
    "samples_ms": [
      1.7769279479980469,
      1.7770559787750244,
      1.7771199941635132,
      1.7789119482040405,
      1.7789440155029297,
      1.7789759635925293,
      1.7800639867782593,
      1.7807999849319458,
      1.780832052230835,
      1.780832052230835,
      1.780959963798523,
      1.7810560464859009,
      1.781216025352478,
      1.782080054283142,
      1.782912015914917,
      1.7837120294570923,
      1.7838720083236694,
      1.7840640544891357,
      1.7844799757003784,
      1.784991979598999,
      1.7850879430770874,
      1.7851519584655762,
      1.7853440046310425,
      1.785696029663086,
      1.7863999605178833,
      1.786911964416504,
      1.787551999092102,
      1.7876160144805908,
      1.7881280183792114,
      1.789023995399475,
      1.7892160415649414,
      1.789247989654541,
      1.7900480031967163,
      1.7915199995040894,
      1.7918399572372437,
      1.7920000553131104,
      1.7922240495681763,
      1.7934080362319946,
      1.794975996017456,
      1.7983360290527344,
      1.7993600368499756,
      1.804800033569336,
      1.805408000946045,
      1.809216022491455,
      1.809216022491455,
      1.8111040592193604,
      1.813472032546997,
      1.8142720460891724,
      1.8159040212631226,
      1.8161920309066772
    ]
  }
}
