{
  "H": 96,
  "T": 8192,
  "output_different_elements": 0,
  "output_digest": "7cb17f36f8a2d5e46159dd250646da535c5b5d572b78bc66157b3affc6d6de4f",
  "output_equal_reference": true,
  "output_max_abs_diff": 0.0,
  "output_mean_abs_diff": 0.0,
  "output_nonzero_elements": 100659413,
  "reference_output_digest": "7cb17f36f8a2d5e46159dd250646da535c5b5d572b78bc66157b3affc6d6de4f",
  "reference_state_digest": "d83bda52e4e0a64ca1673a6f97758f9b3b023178a84261f253efbf75ff0aaac1",
  "seed": 2027,
  "state_digest": "d83bda52e4e0a64ca1673a6f97758f9b3b023178a84261f253efbf75ff0aaac1",
  "state_dtype": "bfloat16",
  "state_equal_reference": true,
  "timing": {
    "max_ms": 1.7707200050354004,
    "mean_ms": 1.7610265636444091,
    "median_ms": 1.760543942451477,
    "min_ms": 1.7569279670715332,
    "samples_ms": [
      1.7569279670715332,
      1.7570559978485107,
      1.7570879459381104,
      1.757215976715088,
      1.757472038269043,
      1.7578239440917969,
      1.7583039999008179,
      1.758687973022461,
      1.7588800191879272,
      1.7588800191879272,
      1.7589759826660156,
      1.7590399980545044,
      1.75929594039917,
      1.759328007698059,
      1.7593920230865479,
      1.7595200538635254,
      1.759552001953125,
      1.759775996208191,
      1.7599999904632568,
      1.760032057762146,
      1.7600640058517456,
      1.760256052017212,
      1.760256052017212,
      1.7603199481964111,
      1.7605119943618774,
      1.760543942451477,
      1.7607040405273438,
      1.7608319520950317,
      1.7608319520950317,
      1.760864019393921,
      1.760864019393921,
      1.7608959674835205,
      1.7608959674835205,
      1.761023998260498,
      1.761023998260498,
      1.7614400386810303,
      1.7619199752807617,
      1.7619520425796509,
      1.7622400522232056,
      1.7624640464782715,
      1.7626240253448486,
      1.7626240253448486,
      1.7634880542755127,
      1.763551950454712,
      1.7640000581741333,
      1.7655680179595947,
      1.7666239738464355,
      1.7683520317077637,
      1.770624041557312,
      1.7707200050354004
    ]
  }
}
