{
  "H": 96,
  "T": 8192,
  "output_different_elements": 0,
  "output_digest": "7cb17f36f8a2d5e46159dd250646da535c5b5d572b78bc66157b3affc6d6de4f",
  "output_equal_reference": true,
  "output_max_abs_diff": 0.0,
  "output_mean_abs_diff": 0.0,
  "output_nonzero_elements": 100659413,
  "reference_output_digest": "7cb17f36f8a2d5e46159dd250646da535c5b5d572b78bc66157b3affc6d6de4f",
  "reference_state_digest": "d83bda52e4e0a64ca1673a6f97758f9b3b023178a84261f253efbf75ff0aaac1",
  "seed": 2027,
  "state_digest": "d83bda52e4e0a64ca1673a6f97758f9b3b023178a84261f253efbf75ff0aaac1",
  "state_dtype": "bfloat16",
  "state_equal_reference": true,
  "timing": {
    "max_ms": 2.051071882247925,
    "mean_ms": 2.0361139154434205,
    "median_ms": 2.0351359844207764,
    "min_ms": 2.0272960662841797,
    "samples_ms": [
      2.0272960662841797,
      2.028064012527466,
      2.0293118953704834,
      2.0298240184783936,
      2.0300800800323486,
      2.030303955078125,
      2.0303359031677246,
      2.031968116760254,
      2.0320959091186523,
      2.0322558879852295,
      2.032320022583008,
      2.0325119495391846,
      2.0327680110931396,
      2.0329599380493164,
      2.0330560207366943,
      2.033087968826294,
      2.033184051513672,
      2.0336639881134033,
      2.0339839458465576,
      2.0343360900878906,
      2.0343360900878906,
      2.03439998626709,
      2.0344960689544678,
      2.034976005554199,
      2.035007953643799,
      2.0351359844207764,
      2.036128044128418,
      2.036191940307617,
      2.0362560749053955,
      2.036288022994995,
      2.0363519191741943,
      2.0364480018615723,
      2.03654408454895,
      2.0370240211486816,
      2.0370240211486816,
      2.037184000015259,
      2.0374081134796143,
      2.0379838943481445,
      2.038719892501831,
      2.039072036743164,
      2.0400640964508057,
      2.040544033050537,
      2.040992021560669,
      2.042527914047241,
      2.0433599948883057,
      2.044127941131592,
      2.0456318855285645,
      2.047071933746338,
      2.049920082092285,
      2.051071882247925
    ]
  }
}
