{
  "H": 96,
  "T": 16,
  "output_different_elements": 196578,
  "output_digest": "f8f6f81c38ade370fc3bea16a6c1e1c003f802d02ad997e64c1da32009c9eb8d",
  "output_equal_reference": false,
  "output_max_abs_diff": 48896.0,
  "output_mean_abs_diff": 888.1014404296875,
  "output_nonzero_elements": 3071,
  "reference_output_digest": "1bd9be12e3cdd353af0e2b3e71e1fc2404d19f9a97bbbcb35875da28ba049735",
  "reference_state_digest": "6bce0b0a915d8ae9e0558d3449336999545500dee3359378409ea3cc792a046a",
  "seed": 2027,
  "state_digest": "6bce0b0a915d8ae9e0558d3449336999545500dee3359378409ea3cc792a046a",
  "state_dtype": "bfloat16",
  "state_equal_reference": true,
  "timing": {
    "max_ms": 0.06384000182151794,
    "mean_ms": 0.0486431997269392,
    "median_ms": 0.046879999339580536,
    "min_ms": 0.04364800080657005,
    "samples_ms": [
      0.04364800080657005,
      0.04495999962091446,
      0.045823998749256134,
      0.04681599885225296,
      0.04684799909591675,
      0.046879999339580536,
      0.04739199951291084,
      0.04944000020623207,
      0.050783999264240265,
      0.06384000182151794
    ]
  }
}
