{
  "H": 4,
  "T": 8192,
  "output_different_elements": 0,
  "output_digest": "3f024ec8855cbd4168b7dd8685c8d842dd31dbf876d462e2a42067f55bd36dd6",
  "output_equal_reference": true,
  "output_max_abs_diff": 0.0,
  "output_mean_abs_diff": 0.0,
  "output_nonzero_elements": 4194135,
  "reference_output_digest": "3f024ec8855cbd4168b7dd8685c8d842dd31dbf876d462e2a42067f55bd36dd6",
  "reference_state_digest": "8450df2a6179f915145fe73c5beba8e924b03385e07e102aeaf832ffc8ddf637",
  "seed": 2027,
  "state_digest": "8450df2a6179f915145fe73c5beba8e924b03385e07e102aeaf832ffc8ddf637",
  "state_dtype": "bfloat16",
  "state_equal_reference": true,
  "timing": {
    "max_ms": 1.1596800088882446,
    "mean_ms": 1.1500755190849303,
    "median_ms": 1.149664044380188,
    "min_ms": 1.1450239419937134,
    "samples_ms": [
      1.1450239419937134,
      1.1459200382232666,
      1.1467519998550415,
      1.1474560499191284,
      1.147487998008728,
      1.1475520133972168,
      1.1476479768753052,
      1.1479359865188599,
      1.1482880115509033,
      1.1483839750289917,
      1.1484160423278809,
      1.1485120058059692,
      1.1486719846725464,
      1.148800015449524,
      1.148800015449524,
      1.1489280462265015,
      1.1489280462265015,
      1.1489280462265015,
      1.1489919424057007,
      1.149183988571167,
      1.1493120193481445,
      1.1493439674377441,
      1.149407982826233,
      1.1494719982147217,
      1.1496319770812988,
      1.149664044380188,
      1.1498240232467651,
      1.1501439809799194,
      1.1501439809799194,
      1.1502399444580078,
      1.1503679752349854,
      1.1506880521774292,
      1.1508159637451172,
      1.150879979133606,
      1.150879979133606,
      1.1509120464324951,
      1.151039958000183,
      1.1511679887771606,
      1.1512000560760498,
      1.1516480445861816,
      1.1516480445861816,
      1.1518399715423584,
      1.1518399715423584,
      1.1519360542297363,
      1.1527999639511108,
      1.1533759832382202,
      1.1536959409713745,
      1.1536959409713745,
      1.1558719873428345,
      1.1596800088882446
    ]
  }
}
