{
  "H": 96,
  "T": 16,
  "output_digest": "ade6bbdbb86d57b0005f7bf0805881e78f00f42a0c6627cb4f432544f1d1c0dc",
  "output_equal_reference": false,
  "output_nonzero_elements": 196608,
  "reference_output_digest": "1bd9be12e3cdd353af0e2b3e71e1fc2404d19f9a97bbbcb35875da28ba049735",
  "reference_state_digest": "6bce0b0a915d8ae9e0558d3449336999545500dee3359378409ea3cc792a046a",
  "seed": 2027,
  "state_digest": "6bce0b0a915d8ae9e0558d3449336999545500dee3359378409ea3cc792a046a",
  "state_dtype": "bfloat16",
  "state_equal_reference": true,
  "timing": {
    "max_ms": 0.039872001856565475,
    "mean_ms": 0.03126080073416233,
    "median_ms": 0.030432000756263733,
    "min_ms": 0.028896000236272812,
    "samples_ms": [
      0.028896000236272812,
      0.02940800040960312,
      0.02940800040960312,
      0.029920000582933426,
      0.030400000512599945,
      0.030432000756263733,
      0.0306560005992651,
      0.03110400028526783,
      0.03251200169324875,
      0.039872001856565475
    ]
  }
}
