{
  "H": 1,
  "T": 8192,
  "output_different_elements": 0,
  "output_digest": "8c16e51b2dbc338cf8bf8c0d549b311c5152eea9444d3165cb615fffb7215f22",
  "output_equal_reference": true,
  "output_max_abs_diff": 0.0,
  "output_mean_abs_diff": 0.0,
  "output_nonzero_elements": 1048537,
  "reference_output_digest": "8c16e51b2dbc338cf8bf8c0d549b311c5152eea9444d3165cb615fffb7215f22",
  "reference_state_digest": "b0479f38d18af5f7dbfc32837338a24cb54e44138715144ca1a180438338fc6f",
  "seed": 2027,
  "state_digest": "b0479f38d18af5f7dbfc32837338a24cb54e44138715144ca1a180438338fc6f",
  "state_dtype": "bfloat16",
  "state_equal_reference": true,
  "timing": {
    "max_ms": 1.2075519561767578,
    "mean_ms": 1.1308563184738158,
    "median_ms": 1.1289279460906982,
    "min_ms": 1.1251200437545776,
    "samples_ms": [
      1.1251200437545776,
      1.1251519918441772,
      1.126528024673462,
      1.126528024673462,
      1.126688003540039,
      1.1270079612731934,
      1.1270079612731934,
      1.1270400285720825,
      1.1270719766616821,
      1.127519965171814,
      1.1275520324707031,
      1.1281280517578125,
      1.128159999847412,
      1.1283520460128784,
      1.1284799575805664,
      1.1285760402679443,
      1.128640055656433,
      1.1286720037460327,
      1.1286720037460327,
      1.1287039518356323,
      1.128767967224121,
      1.1288319826126099,
      1.1288319826126099,
      1.1288959980010986,
      1.1288959980010986,
      1.1289279460906982,
      1.1290240287780762,
      1.1290559768676758,
      1.1291840076446533,
      1.1293439865112305,
      1.1293439865112305,
      1.1295039653778076,
      1.1295679807662964,
      1.1297600269317627,
      1.1300480365753174,
      1.130079984664917,
      1.130784034729004,
      1.1308159828186035,
      1.1308799982070923,
      1.1309759616851807,
      1.1309759616851807,
      1.1310080289840698,
      1.1312320232391357,
      1.1315840482711792,
      1.1316800117492676,
      1.1319999694824219,
      1.1327680349349976,
      1.1336959600448608,
      1.13919997215271,
      1.2075519561767578
    ]
  }
}
