{
  "H": 96,
  "T": 8192,
  "output_nonzero_elements": 100659413,
  "reference_state_digest": "d83bda52e4e0a64ca1673a6f97758f9b3b023178a84261f253efbf75ff0aaac1",
  "seed": 2027,
  "state_digest": "d83bda52e4e0a64ca1673a6f97758f9b3b023178a84261f253efbf75ff0aaac1",
  "state_dtype": "bfloat16",
  "state_equal_reference": true,
  "timing": {
    "max_ms": 2.021183967590332,
    "mean_ms": 2.0026816010475157,
    "median_ms": 2.002239942550659,
    "min_ms": 1.9976320266723633,
    "samples_ms": [
      1.9976320266723633,
      1.9987839460372925,
      1.999295949935913,
      1.999392032623291,
      1.9997119903564453,
      1.9997119903564453,
      2.000351905822754,
      2.0004160404205322,
      2.000447988510132,
      2.001471996307373,
      2.00166392326355,
      2.0017600059509277,
      2.0018560886383057,
      2.001919984817505,
      2.0022079944610596,
      2.002239942550659,
      2.0024640560150146,
      2.002624034881592,
      2.0026559829711914,
      2.002943992614746,
      2.0029759407043457,
      2.0038399696350098,
      2.0038719177246094,
      2.0041921138763428,
      2.0042879581451416,
      2.0045440196990967,
      2.0046401023864746,
      2.0055360794067383,
      2.005824089050293,
      2.021183967590332
    ]
  }
}
