R9 shared-oracle/direct-map comparison: mismatches=1008 unwritten=0 total=1024
R9 explicit-inverse-map comparison: mismatches=0 unwritten=0 total=1024
R9 explicit-map tail rows=7: mismatches=0 outside_writes=0
oracle row 0: 0001 0002 0021 0022 0041 0042 0061 0062 0005 0006 0025 0026 0045 0046 0065 0066 0401 0402 0421 0422 0441 0442 0461 0462 0405 0406 0425 0426 0445 0446 0465 0466 0801 0802 0821 0822 0841 0842 0861 0862 0805 0806 0825 0826 0845 0846 0865 0866 0c01 0c02 0c21 0c22 0c41 0c42 0c61 0c62 0c05 0c06 0c25 0c26 0c45 0c46 0c65 0c66
direct row 0: 0001 0002 0003 0004 0005 0006 0007 0008 0201 0202 0203 0204 0205 0206 0207 0208 0401 0402 0403 0404 0405 0406 0407 0408 0601 0602 0603 0604 0605 0606 0607 0608 0801 0802 0803 0804 0805 0806 0807 0808 0a01 0a02 0a03 0a04 0a05 0a06 0a07 0a08 0c01 0c02 0c03 0c04 0c05 0c06 0c07 0c08 0e01 0e02 0e03 0e04 0e05 0e06 0e07 0e08
explicit row 0: 0001 0002 0021 0022 0041 0042 0061 0062 0005 0006 0025 0026 0045 0046 0065 0066 0401 0402 0421 0422 0441 0442 0461 0462 0405 0406 0425 0426 0445 0446 0465 0466 0801 0802 0821 0822 0841 0842 0861 0862 0805 0806 0825 0826 0845 0846 0865 0866 0c01 0c02 0c21 0c22 0c41 0c42 0c61 0c62 0c05 0c06 0c25 0c26 0c45 0c46 0c65 0c66
oracle row 1: 0081 0082 00a1 00a2 00c1 00c2 00e1 00e2 0085 0086 00a5 00a6 00c5 00c6 00e5 00e6 0481 0482 04a1 04a2 04c1 04c2 04e1 04e2 0485 0486 04a5 04a6 04c5 04c6 04e5 04e6 0881 0882 08a1 08a2 08c1 08c2 08e1 08e2 0885 0886 08a5 08a6 08c5 08c6 08e5 08e6 0c81 0c82 0ca1 0ca2 0cc1 0cc2 0ce1 0ce2 0c85 0c86 0ca5 0ca6 0cc5 0cc6 0ce5 0ce6
oracle row 2: 0101 0102 0121 0122 0141 0142 0161 0162 0105 0106 0125 0126 0145 0146 0165 0166 0501 0502 0521 0522 0541 0542 0561 0562 0505 0506 0525 0526 0545 0546 0565 0566 0901 0902 0921 0922 0941 0942 0961 0962 0905 0906 0925 0926 0945 0946 0965 0966 0d01 0d02 0d21 0d22 0d41 0d42 0d61 0d62 0d05 0d06 0d25 0d26 0d45 0d46 0d65 0d66
oracle row 3: 0181 0182 01a1 01a2 01c1 01c2 01e1 01e2 0185 0186 01a5 01a6 01c5 01c6 01e5 01e6 0581 0582 05a1 05a2 05c1 05c2 05e1 05e2 0585 0586 05a5 05a6 05c5 05c6 05e5 05e6 0981 0982 09a1 09a2 09c1 09c2 09e1 09e2 0985 0986 09a5 09a6 09c5 09c6 09e5 09e6 0d81 0d82 0da1 0da2 0dc1 0dc2 0de1 0de2 0d85 0d86 0da5 0da6 0dc5 0dc6 0de5 0de6
oracle row 4: 0201 0202 0221 0222 0241 0242 0261 0262 0205 0206 0225 0226 0245 0246 0265 0266 0601 0602 0621 0622 0641 0642 0661 0662 0605 0606 0625 0626 0645 0646 0665 0666 0a01 0a02 0a21 0a22 0a41 0a42 0a61 0a62 0a05 0a06 0a25 0a26 0a45 0a46 0a65 0a66 0e01 0e02 0e21 0e22 0e41 0e42 0e61 0e62 0e05 0e06 0e25 0e26 0e45 0e46 0e65 0e66
oracle row 5: 0281 0282 02a1 02a2 02c1 02c2 02e1 02e2 0285 0286 02a5 02a6 02c5 02c6 02e5 02e6 0681 0682 06a1 06a2 06c1 06c2 06e1 06e2 0685 0686 06a5 06a6 06c5 06c6 06e5 06e6 0a81 0a82 0aa1 0aa2 0ac1 0ac2 0ae1 0ae2 0a85 0a86 0aa5 0aa6 0ac5 0ac6 0ae5 0ae6 0e81 0e82 0ea1 0ea2 0ec1 0ec2 0ee1 0ee2 0e85 0e86 0ea5 0ea6 0ec5 0ec6 0ee5 0ee6
oracle row 6: 0301 0302 0321 0322 0341 0342 0361 0362 0305 0306 0325 0326 0345 0346 0365 0366 0701 0702 0721 0722 0741 0742 0761 0762 0705 0706 0725 0726 0745 0746 0765 0766 0b01 0b02 0b21 0b22 0b41 0b42 0b61 0b62 0b05 0b06 0b25 0b26 0b45 0b46 0b65 0b66 0f01 0f02 0f21 0f22 0f41 0f42 0f61 0f62 0f05 0f06 0f25 0f26 0f45 0f46 0f65 0f66
oracle row 7: 0381 0382 03a1 03a2 03c1 03c2 03e1 03e2 0385 0386 03a5 03a6 03c5 03c6 03e5 03e6 0781 0782 07a1 07a2 07c1 07c2 07e1 07e2 0785 0786 07a5 07a6 07c5 07c6 07e5 07e6 0b81 0b82 0ba1 0ba2 0bc1 0bc2 0be1 0be2 0b85 0b86 0ba5 0ba6 0bc5 0bc6 0be5 0be6 0f81 0f82 0fa1 0fa2 0fc1 0fc2 0fe1 0fe2 0f85 0f86 0fa5 0fa6 0fc5 0fc6 0fe5 0fe6
oracle row 8: 0003 0004 0023 0024 0043 0044 0063 0064 0007 0008 0027 0028 0047 0048 0067 0068 0403 0404 0423 0424 0443 0444 0463 0464 0407 0408 0427 0428 0447 0448 0467 0468 0803 0804 0823 0824 0843 0844 0863 0864 0807 0808 0827 0828 0847 0848 0867 0868 0c03 0c04 0c23 0c24 0c43 0c44 0c63 0c64 0c07 0c08 0c27 0c28 0c47 0c48 0c67 0c68
oracle row 9: 0083 0084 00a3 00a4 00c3 00c4 00e3 00e4 0087 0088 00a7 00a8 00c7 00c8 00e7 00e8 0483 0484 04a3 04a4 04c3 04c4 04e3 04e4 0487 0488 04a7 04a8 04c7 04c8 04e7 04e8 0883 0884 08a3 08a4 08c3 08c4 08e3 08e4 0887 0888 08a7 08a8 08c7 08c8 08e7 08e8 0c83 0c84 0ca3 0ca4 0cc3 0cc4 0ce3 0ce4 0c87 0c88 0ca7 0ca8 0cc7 0cc8 0ce7 0ce8
oracle row 10: 0103 0104 0123 0124 0143 0144 0163 0164 0107 0108 0127 0128 0147 0148 0167 0168 0503 0504 0523 0524 0543 0544 0563 0564 0507 0508 0527 0528 0547 0548 0567 0568 0903 0904 0923 0924 0943 0944 0963 0964 0907 0908 0927 0928 0947 0948 0967 0968 0d03 0d04 0d23 0d24 0d43 0d44 0d63 0d64 0d07 0d08 0d27 0d28 0d47 0d48 0d67 0d68
oracle row 11: 0183 0184 01a3 01a4 01c3 01c4 01e3 01e4 0187 0188 01a7 01a8 01c7 01c8 01e7 01e8 0583 0584 05a3 05a4 05c3 05c4 05e3 05e4 0587 0588 05a7 05a8 05c7 05c8 05e7 05e8 0983 0984 09a3 09a4 09c3 09c4 09e3 09e4 0987 0988 09a7 09a8 09c7 09c8 09e7 09e8 0d83 0d84 0da3 0da4 0dc3 0dc4 0de3 0de4 0d87 0d88 0da7 0da8 0dc7 0dc8 0de7 0de8
oracle row 12: 0203 0204 0223 0224 0243 0244 0263 0264 0207 0208 0227 0228 0247 0248 0267 0268 0603 0604 0623 0624 0643 0644 0663 0664 0607 0608 0627 0628 0647 0648 0667 0668 0a03 0a04 0a23 0a24 0a43 0a44 0a63 0a64 0a07 0a08 0a27 0a28 0a47 0a48 0a67 0a68 0e03 0e04 0e23 0e24 0e43 0e44 0e63 0e64 0e07 0e08 0e27 0e28 0e47 0e48 0e67 0e68
oracle row 13: 0283 0284 02a3 02a4 02c3 02c4 02e3 02e4 0287 0288 02a7 02a8 02c7 02c8 02e7 02e8 0683 0684 06a3 06a4 06c3 06c4 06e3 06e4 0687 0688 06a7 06a8 06c7 06c8 06e7 06e8 0a83 0a84 0aa3 0aa4 0ac3 0ac4 0ae3 0ae4 0a87 0a88 0aa7 0aa8 0ac7 0ac8 0ae7 0ae8 0e83 0e84 0ea3 0ea4 0ec3 0ec4 0ee3 0ee4 0e87 0e88 0ea7 0ea8 0ec7 0ec8 0ee7 0ee8
oracle row 14: 0303 0304 0323 0324 0343 0344 0363 0364 0307 0308 0327 0328 0347 0348 0367 0368 0703 0704 0723 0724 0743 0744 0763 0764 0707 0708 0727 0728 0747 0748 0767 0768 0b03 0b04 0b23 0b24 0b43 0b44 0b63 0b64 0b07 0b08 0b27 0b28 0b47 0b48 0b67 0b68 0f03 0f04 0f23 0f24 0f43 0f44 0f63 0f64 0f07 0f08 0f27 0f28 0f47 0f48 0f67 0f68
oracle row 15: 0383 0384 03a3 03a4 03c3 03c4 03e3 03e4 0387 0388 03a7 03a8 03c7 03c8 03e7 03e8 0783 0784 07a3 07a4 07c3 07c4 07e3 07e4 0787 0788 07a7 07a8 07c7 07c8 07e7 07e8 0b83 0b84 0ba3 0ba4 0bc3 0bc4 0be3 0be4 0b87 0b88 0ba7 0ba8 0bc7 0bc8 0be7 0be8 0f83 0f84 0fa3 0fa4 0fc3 0fc4 0fe3 0fe4 0f87 0f88 0fa7 0fa8 0fc7 0fc8 0fe7 0fe8
