srun: job 23231 queued and waiting for resources
srun: job 23231 has been allocated resources
/home/lcpu/10578328/wmhpc-training-camp-x-lcpu-ai-infra-seminars/assignment02/team/c1_flashkda/FlashKDA/cutlass/include/cute/arch/mma_sm100_umma.hpp(88): error: static assertion failed with "SM100_MMA_F16BF16 M-mode size should be 64 or 128 for 1 CTA cluster MMA."
    static_assert(M == 64 || M == 128, "SM100_MMA_F16BF16 M-mode size should be 64 or 128 for 1 CTA cluster MMA.");
    ^
          detected during:
            instantiation of class "cute::SM100_MMA_F16BF16_SS<a_type, b_type, c_type, M, N, a_major, b_major, a_neg, b_neg> [with a_type=cutlass::half_t, b_type=cutlass::half_t, c_type=float, M=16, N=16, a_major=cute::UMMA::Major::K, b_major=cute::UMMA::Major::K, a_neg=cute::UMMA::ScaleIn::One, b_neg=cute::UMMA::ScaleIn::One]" at line 373 of /home/lcpu/10578328/c1_tcgen05_m16.36d5lj/01_mma_sm100.cu
            instantiation of "void gemm_host_f16xf16_f32_f32_tnt(const TypeA *, LayoutA, const TypeB *, LayoutB, const TypeC *, LayoutC, TypeD *, LayoutD, Alpha, Beta) [with TypeA=cutlass::half_t, LayoutA=cute::Layout<cute::tuple<int, int>, cute::tuple<int, cute::C<1>>>, TypeB=cutlass::half_t, LayoutB=cute::Layout<cute::tuple<int, int>, cute::tuple<int, cute::C<1>>>, TypeC=float, LayoutC=cute::Layout<cute::tuple<int, int>, cute::tuple<int, cute::C<1>>>, TypeD=float, LayoutD=cute::Layout<cute::tuple<int, int>, cute::tuple<int, cute::C<1>>>, Alpha=float, Beta=float]" at line 578 of /home/lcpu/10578328/c1_tcgen05_m16.36d5lj/01_mma_sm100.cu

/home/lcpu/10578328/wmhpc-training-camp-x-lcpu-ai-infra-seminars/assignment02/team/c1_flashkda/FlashKDA/cutlass/include/cute/atom/mma_traits_sm100.hpp(502): error: static assertion failed with "UMMA_1SM M-mode size should be 64 or 128."
        static_assert(M_MMA == 64 || M_MMA == 128, "UMMA_1SM M-mode size should be 64 or 128.");
        ^
          detected during:
            instantiation of "auto cute::UMMA::tmem_frg<ValueType, StorageType, N_SM, TmemAlloc>::make(const TmemShape &) [with ValueType=float, StorageType=uint32_t, N_SM=1, TmemAlloc=cute::UMMA::TmemAllocMode::Interleaved, TmemShape=cute::tuple<cute::tuple<cute::C<16>, cute::C<16>>, cute::_1, cute::_1>]" at line 974
            instantiation of "auto cute::MakeTensor<cute::UMMA::tmem_frg<ValueType, StorageType, N_SM, TmemAlloc>>::operator()(const Shape &) [with ValueType=float, StorageType=uint32_t, N_SM=1, TmemAlloc=cute::UMMA::TmemAllocMode::Interleaved, Shape=cute::tuple<cute::tuple<cute::C<16>, cute::C<16>>, cute::_1, cute::_1>]" at line 401 of /home/lcpu/10578328/wmhpc-training-camp-x-lcpu-ai-infra-seminars/assignment02/team/c1_flashkda/FlashKDA/cutlass/include/cute/tensor_impl.hpp
            instantiation of "auto cute::make_tensor<T,Args...>(const Args &...) [with T=cute::UMMA::tmem_frg<float, uint32_t, 1, cute::UMMA::TmemAllocMode::Interleaved>, Args=<cute::tuple<cute::tuple<cute::C<16>, cute::C<16>>, cute::_1, cute::_1>>]" at line 142 of /home/lcpu/10578328/wmhpc-training-camp-x-lcpu-ai-infra-seminars/assignment02/team/c1_flashkda/FlashKDA/cutlass/include/cute/atom/mma_atom.hpp
            instantiation of "auto cute::MMA_Atom<cute::MMA_Traits<MMAOperation, Args...>>::make_fragment_C(CTensor &&) [with MMAOperation=cute::SM100_MMA_F16BF16_SS<cutlass::half_t, cutlass::half_t, float, 16, 16, cute::UMMA::Major::K, cute::UMMA::Major::K, cute::UMMA::ScaleIn::One, cute::UMMA::ScaleIn::One>, Args=<>, CTensor=cute::Tensor<cute::ViewEngine<cute::gmem_ptr<const float *>>, cute::Layout<cute::tuple<cute::tuple<cute::C<16>, cute::C<16>>, cute::_1, cute::_1>, cute::tuple<cute::tuple<int, cute::C<1>>, cute::C<0>, cute::C<0>>>> &]" at line 229 of /home/lcpu/10578328/c1_tcgen05_m16.36d5lj/01_mma_sm100.cu
            instantiation of "void gemm_device<SharedStorage,ATensor,BTensor,CTensor,DTensor,MmaTiler_MNK,TiledMMA,ClusterShape_MNK,Alpha,Beta>(ATensor, BTensor, CTensor, DTensor, MmaTiler_MNK, TiledMMA, ClusterShape_MNK, Alpha, Beta) [with SharedStorage=SharedStorage<cutlass::half_t, cutlass::half_t, cute::ComposedLayout<cute::Swizzle<3, 4, 3>, cute::smem_ptr_flag_bits<16>, cute::Layout<cute::tuple<cute::tuple<cute::C<16>, cute::C<16>>, cute::_1, cute::_4>, cute::tuple<cute::tuple<cute::_64, cute::_1>, cute::C<0>, cute::C<16>>>>, cute::ComposedLayout<cute::Swizzle<3, 4, 3>, cute::smem_ptr_flag_bits<16>, cute::Layout<cute::tuple<cute::tuple<cute::C<16>, cute::C<16>>, cute::_1, cute::_4>, cute::tuple<cute::tuple<cute::_64, cute::_1>, cute::C<0>, cute::C<16>>>>>, ATensor=cute::Tensor<cute::ViewEngine<cute::gmem_ptr<const cutlass::half_t *>>, cute::Layout<cute::tuple<int, int>, cute::tuple<int, cute::C<1>>>>, BTensor=cute::Tensor<cute::ViewEngine<cute::gmem_ptr<const cutlass::half_t *>>, cute::Layout<cute::tuple<int, int>, cute::tuple<int, cute::C<1>>>>, CTensor=cute::Tensor<cute::ViewEngine<cute::gmem_ptr<const float *>>, cute::Layout<cute::tuple<int, int>, cute::tuple<int, cute::C<1>>>>, DTensor=cute::Tensor<cute::ViewEngine<cute::gmem_ptr<float *>>, cute::Layout<cute::tuple<int, int>, cute::tuple<int, cute::C<1>>>>, MmaTiler_MNK=cute::tuple<cute::C<16>, cute::C<16>, cute::C<64>>, TiledMMA=cute::TiledMMA<cute::MMA_Atom<cute::SM100_MMA_F16BF16_SS<cutlass::half_t, cutlass::half_t, float, 16, 16, cute::UMMA::Major::K, cute::UMMA::Major::K, cute::UMMA::ScaleIn::One, cute::UMMA::ScaleIn::One>>, cute::Layout<cute::tuple<cute::_1, cute::_1, cute::_1>, cute::tuple<cute::C<0>, cute::C<0>, cute::C<0>>>, cute::tuple<cute::Underscore, cute::Underscore, cute::Underscore>>, ClusterShape_MNK=cute::tuple<cute::_1, cute::_1, cute::_1>, Alpha=float, Beta=float]" at line 462 of /home/lcpu/10578328/c1_tcgen05_m16.36d5lj/01_mma_sm100.cu
            instantiation of "void gemm_host_f16xf16_f32_f32_tnt(const TypeA *, LayoutA, const TypeB *, LayoutB, const TypeC *, LayoutC, TypeD *, LayoutD, Alpha, Beta) [with TypeA=cutlass::half_t, LayoutA=cute::Layout<cute::tuple<int, int>, cute::tuple<int, cute::C<1>>>, TypeB=cutlass::half_t, LayoutB=cute::Layout<cute::tuple<int, int>, cute::tuple<int, cute::C<1>>>, TypeC=float, LayoutC=cute::Layout<cute::tuple<int, int>, cute::tuple<int, cute::C<1>>>, TypeD=float, LayoutD=cute::Layout<cute::tuple<int, int>, cute::tuple<int, cute::C<1>>>, Alpha=float, Beta=float]" at line 578 of /home/lcpu/10578328/c1_tcgen05_m16.36d5lj/01_mma_sm100.cu

/home/lcpu/10578328/c1_tcgen05_m16.36d5lj/01_mma_sm100.cu(229): error: no instance of constructor "Tensor" matches the argument list
            argument types are: (void)
    Tensor tCtAcc = cta_mma.make_fragment_C(tCgC);
           ^
          detected during:
            instantiation of "void gemm_device<SharedStorage,ATensor,BTensor,CTensor,DTensor,MmaTiler_MNK,TiledMMA,ClusterShape_MNK,Alpha,Beta>(ATensor, BTensor, CTensor, DTensor, MmaTiler_MNK, TiledMMA, ClusterShape_MNK, Alpha, Beta) [with SharedStorage=SharedStorage<cutlass::half_t, cutlass::half_t, cute::ComposedLayout<cute::Swizzle<3, 4, 3>, cute::smem_ptr_flag_bits<16>, cute::Layout<cute::tuple<cute::tuple<cute::C<16>, cute::C<16>>, cute::_1, cute::_4>, cute::tuple<cute::tuple<cute::_64, cute::_1>, cute::C<0>, cute::C<16>>>>, cute::ComposedLayout<cute::Swizzle<3, 4, 3>, cute::smem_ptr_flag_bits<16>, cute::Layout<cute::tuple<cute::tuple<cute::C<16>, cute::C<16>>, cute::_1, cute::_4>, cute::tuple<cute::tuple<cute::_64, cute::_1>, cute::C<0>, cute::C<16>>>>>, ATensor=cute::Tensor<cute::ViewEngine<cute::gmem_ptr<const cutlass::half_t *>>, cute::Layout<cute::tuple<int, int>, cute::tuple<int, cute::C<1>>>>, BTensor=cute::Tensor<cute::ViewEngine<cute::gmem_ptr<const cutlass::half_t *>>, cute::Layout<cute::tuple<int, int>, cute::tuple<int, cute::C<1>>>>, CTensor=cute::Tensor<cute::ViewEngine<cute::gmem_ptr<const float *>>, cute::Layout<cute::tuple<int, int>, cute::tuple<int, cute::C<1>>>>, DTensor=cute::Tensor<cute::ViewEngine<cute::gmem_ptr<float *>>, cute::Layout<cute::tuple<int, int>, cute::tuple<int, cute::C<1>>>>, MmaTiler_MNK=cute::tuple<cute::C<16>, cute::C<16>, cute::C<64>>, TiledMMA=cute::TiledMMA<cute::MMA_Atom<cute::SM100_MMA_F16BF16_SS<cutlass::half_t, cutlass::half_t, float, 16, 16, cute::UMMA::Major::K, cute::UMMA::Major::K, cute::UMMA::ScaleIn::One, cute::UMMA::ScaleIn::One>>, cute::Layout<cute::tuple<cute::_1, cute::_1, cute::_1>, cute::tuple<cute::C<0>, cute::C<0>, cute::C<0>>>, cute::tuple<cute::Underscore, cute::Underscore, cute::Underscore>>, ClusterShape_MNK=cute::tuple<cute::_1, cute::_1, cute::_1>, Alpha=float, Beta=float]" at line 462
            instantiation of "void gemm_host_f16xf16_f32_f32_tnt(const TypeA *, LayoutA, const TypeB *, LayoutB, const TypeC *, LayoutC, TypeD *, LayoutD, Alpha, Beta) [with TypeA=cutlass::half_t, LayoutA=cute::Layout<cute::tuple<int, int>, cute::tuple<int, cute::C<1>>>, TypeB=cutlass::half_t, LayoutB=cute::Layout<cute::tuple<int, int>, cute::tuple<int, cute::C<1>>>, TypeC=float, LayoutC=cute::Layout<cute::tuple<int, int>, cute::tuple<int, cute::C<1>>>, TypeD=float, LayoutD=cute::Layout<cute::tuple<int, int>, cute::tuple<int, cute::C<1>>>, Alpha=float, Beta=float]" at line 578

/home/lcpu/10578328/c1_tcgen05_m16.36d5lj/01_mma_sm100.cu(229): error: cannot deduce class template arguments
    Tensor tCtAcc = cta_mma.make_fragment_C(tCgC);
    ^
          detected during:
            instantiation of "void gemm_device<SharedStorage,ATensor,BTensor,CTensor,DTensor,MmaTiler_MNK,TiledMMA,ClusterShape_MNK,Alpha,Beta>(ATensor, BTensor, CTensor, DTensor, MmaTiler_MNK, TiledMMA, ClusterShape_MNK, Alpha, Beta) [with SharedStorage=SharedStorage<cutlass::half_t, cutlass::half_t, cute::ComposedLayout<cute::Swizzle<3, 4, 3>, cute::smem_ptr_flag_bits<16>, cute::Layout<cute::tuple<cute::tuple<cute::C<16>, cute::C<16>>, cute::_1, cute::_4>, cute::tuple<cute::tuple<cute::_64, cute::_1>, cute::C<0>, cute::C<16>>>>, cute::ComposedLayout<cute::Swizzle<3, 4, 3>, cute::smem_ptr_flag_bits<16>, cute::Layout<cute::tuple<cute::tuple<cute::C<16>, cute::C<16>>, cute::_1, cute::_4>, cute::tuple<cute::tuple<cute::_64, cute::_1>, cute::C<0>, cute::C<16>>>>>, ATensor=cute::Tensor<cute::ViewEngine<cute::gmem_ptr<const cutlass::half_t *>>, cute::Layout<cute::tuple<int, int>, cute::tuple<int, cute::C<1>>>>, BTensor=cute::Tensor<cute::ViewEngine<cute::gmem_ptr<const cutlass::half_t *>>, cute::Layout<cute::tuple<int, int>, cute::tuple<int, cute::C<1>>>>, CTensor=cute::Tensor<cute::ViewEngine<cute::gmem_ptr<const float *>>, cute::Layout<cute::tuple<int, int>, cute::tuple<int, cute::C<1>>>>, DTensor=cute::Tensor<cute::ViewEngine<cute::gmem_ptr<float *>>, cute::Layout<cute::tuple<int, int>, cute::tuple<int, cute::C<1>>>>, MmaTiler_MNK=cute::tuple<cute::C<16>, cute::C<16>, cute::C<64>>, TiledMMA=cute::TiledMMA<cute::MMA_Atom<cute::SM100_MMA_F16BF16_SS<cutlass::half_t, cutlass::half_t, float, 16, 16, cute::UMMA::Major::K, cute::UMMA::Major::K, cute::UMMA::ScaleIn::One, cute::UMMA::ScaleIn::One>>, cute::Layout<cute::tuple<cute::_1, cute::_1, cute::_1>, cute::tuple<cute::C<0>, cute::C<0>, cute::C<0>>>, cute::tuple<cute::Underscore, cute::Underscore, cute::Underscore>>, ClusterShape_MNK=cute::tuple<cute::_1, cute::_1, cute::_1>, Alpha=float, Beta=float]" at line 462
            instantiation of "void gemm_host_f16xf16_f32_f32_tnt(const TypeA *, LayoutA, const TypeB *, LayoutB, const TypeC *, LayoutC, TypeD *, LayoutD, Alpha, Beta) [with TypeA=cutlass::half_t, LayoutA=cute::Layout<cute::tuple<int, int>, cute::tuple<int, cute::C<1>>>, TypeB=cutlass::half_t, LayoutB=cute::Layout<cute::tuple<int, int>, cute::tuple<int, cute::C<1>>>, TypeC=float, LayoutC=cute::Layout<cute::tuple<int, int>, cute::tuple<int, cute::C<1>>>, TypeD=float, LayoutD=cute::Layout<cute::tuple<int, int>, cute::tuple<int, cute::C<1>>>, Alpha=float, Beta=float]" at line 578

/home/lcpu/10578328/c1_tcgen05_m16.36d5lj/01_mma_sm100.cu(289): error: no instance of overloaded function "gemm" matches the argument list
            argument types are: (cute::TiledMMA<cute::MMA_Atom<cute::SM100_MMA_F16BF16_SS<cutlass::half_t, cutlass::half_t, float, 16, 16, cute::UMMA::Major::K, cute::UMMA::Major::K, cute::UMMA::ScaleIn::One, cute::UMMA::ScaleIn::One>>, cute::Layout<cute::tuple<cute::_1, cute::_1, cute::_1>, cute::tuple<cute::C<0>, cute::C<0>, cute::C<0>>>, cute::tuple<cute::Underscore, cute::Underscore, cute::Underscore>>, cute::Tensor<cute::ViewEngine<cute::UMMA::DescriptorIterator>, cute::Layout<cute::tuple<cute::_1, cute::_1>, cute::tuple<cute::_0, cute::_0>>>, cute::Tensor<cute::ViewEngine<cute::UMMA::DescriptorIterator>, cute::Layout<cute::tuple<cute::_1, cute::_1>, cute::tuple<cute::_0, cute::_0>>>, <error-type>)
          gemm(tiled_mma, tCrA(_,_,k_block), tCrB(_,_,k_block), tCtAcc);
          ^
/home/lcpu/10578328/wmhpc-training-camp-x-lcpu-ai-infra-seminars/assignment02/team/c1_flashkda/FlashKDA/cutlass/include/cute/algorithm/gemm.hpp(70): note #3322-D: number of parameters of function template "cute::gemm(const cute::Tensor<TA, ALayout> &, const cute::Tensor<TB, BLayout> &, cute::Tensor<TC, CLayout> &)" does not match the call
  gemm(Tensor<TA, ALayout> const& A,
  ^
/home/lcpu/10578328/wmhpc-training-camp-x-lcpu-ai-infra-seminars/assignment02/team/c1_flashkda/FlashKDA/cutlass/include/cute/algorithm/gemm.hpp(83): note #3327-D: candidate function template "cute::gemm(const cute::MMA_Atom<MMA> &, const cute::Tensor<TA, ALayout> &, const cute::Tensor<TB, BLayout> &, cute::Tensor<TC, CLayout> &)" failed deduction
  gemm(MMA_Atom<MMA> const& mma,
  ^
/home/lcpu/10578328/wmhpc-training-camp-x-lcpu-ai-infra-seminars/assignment02/team/c1_flashkda/FlashKDA/cutlass/include/cute/algorithm/gemm.hpp(100): note #3322-D: number of parameters of function template "cute::gemm(const cute::Tensor<TA, ALayout> &, const cute::Tensor<TB, BLayout> &, cute::Tensor<TC, CLayout> &&)" does not match the call
  gemm(Tensor<TA, ALayout> const& A,
  ^
/home/lcpu/10578328/wmhpc-training-camp-x-lcpu-ai-infra-seminars/assignment02/team/c1_flashkda/FlashKDA/cutlass/include/cute/algorithm/gemm.hpp(113): note #3327-D: candidate function template "cute::gemm(cute::Tensor<TD, DLayout> &&, const cute::Tensor<TA, ALayout> &, const cute::Tensor<TB, BLayout> &, const cute::Tensor<TC, CLayout> &)" failed deduction
  gemm(Tensor<TD, DLayout> && D,
  ^
/home/lcpu/10578328/wmhpc-training-camp-x-lcpu-ai-infra-seminars/assignment02/team/c1_flashkda/FlashKDA/cutlass/include/cute/algorithm/gemm.hpp(127): note #3327-D: candidate function template "cute::gemm(const cute::MMA_Atom<MMA> &, const cute::Tensor<TA, ALayout> &, const cute::Tensor<TB, BLayout> &, cute::Tensor<TC, CLayout> &&)" failed deduction
  gemm(MMA_Atom<MMA> const& mma,
  ^
/home/lcpu/10578328/wmhpc-training-camp-x-lcpu-ai-infra-seminars/assignment02/team/c1_flashkda/FlashKDA/cutlass/include/cute/algorithm/gemm.hpp(142): note #3322-D: number of parameters of function template "cute::gemm(const cute::MMA_Atom<MMA> &, cute::Tensor<TD, DLayout> &&, const cute::Tensor<TA, ALayout> &, const cute::Tensor<TB, BLayout> &, const cute::Tensor<TC, CLayout> &)" does not match the call
  gemm(MMA_Atom<MMA> const& mma,
  ^
/home/lcpu/10578328/wmhpc-training-camp-x-lcpu-ai-infra-seminars/assignment02/team/c1_flashkda/FlashKDA/cutlass/include/cute/algorithm/gemm.hpp(161): note #3327-D: candidate function template "cute::gemm(cute::Tensor<TD, DLayout> &, const cute::Tensor<TA, ALayout> &, const cute::Tensor<TB, BLayout> &, const cute::Tensor<TC, CLayout> &)" failed deduction
  gemm(Tensor<TD, DLayout> & D,
  ^
/home/lcpu/10578328/wmhpc-training-camp-x-lcpu-ai-infra-seminars/assignment02/team/c1_flashkda/FlashKDA/cutlass/include/cute/algorithm/gemm.hpp(190): note #3322-D: number of parameters of function template "cute::gemm(const cute::MMA_Atom<MMA> &, cute::Tensor<TD, DLayout> &, const cute::Tensor<TA, ALayout> &, const cute::Tensor<TB, BLayout> &, const cute::Tensor<TC, CLayout> &)" does not match the call
  gemm(MMA_Atom<MMA> const& mma,
  ^
/home/lcpu/10578328/wmhpc-training-camp-x-lcpu-ai-infra-seminars/assignment02/team/c1_flashkda/FlashKDA/cutlass/include/cute/algorithm/gemm.hpp(212): note #3322-D: number of parameters of function template "cute::gemm(const cute::MMA_Atom<MMA> &, cute::Tensor<TD, DLayout> &, const cute::Tensor<TA, ALayout> &, const cute::Tensor<TB, BLayout> &, const cute::Tensor<TC, CLayout> &)" does not match the call
  gemm(MMA_Atom<MMA> const& mma,
  ^
/home/lcpu/10578328/wmhpc-training-camp-x-lcpu-ai-infra-seminars/assignment02/team/c1_flashkda/FlashKDA/cutlass/include/cute/algorithm/gemm.hpp(240): note #3322-D: number of parameters of function template "cute::gemm(const cute::MMA_Atom<MMA> &, cute::Tensor<TD, DLayout> &, const cute::Tensor<TA, ALayout> &, const cute::Tensor<TB, BLayout> &, const cute::Tensor<TC, CLayout> &)" does not match the call
  gemm(MMA_Atom<MMA> const& mma,
  ^
/home/lcpu/10578328/wmhpc-training-camp-x-lcpu-ai-infra-seminars/assignment02/team/c1_flashkda/FlashKDA/cutlass/include/cute/algorithm/gemm.hpp(275): note #3322-D: number of parameters of function template "cute::gemm(const cute::MMA_Atom<MMA> &, cute::Tensor<TD, DLayout> &, const cute::Tensor<TA, ALayout> &, const cute::Tensor<TB, BLayout> &, const cute::Tensor<TC, CLayout> &)" does not match the call
  gemm(MMA_Atom<MMA> const& mma,
  ^
/home/lcpu/10578328/wmhpc-training-camp-x-lcpu-ai-infra-seminars/assignment02/team/c1_flashkda/FlashKDA/cutlass/include/cute/algorithm/gemm.hpp(400): note #3322-D: number of parameters of function template "cute::gemm(const cute::MMA_Atom<MMA> &, cute::Tensor<TD, DLayout> &, const cute::Tensor<TA, ALayout> &, const cute::Tensor<TB, BLayout> &, const cute::Tensor<TC, CLayout> &)" does not match the call
  gemm(MMA_Atom<MMA> const& mma,
  ^
/home/lcpu/10578328/wmhpc-training-camp-x-lcpu-ai-infra-seminars/assignment02/team/c1_flashkda/FlashKDA/cutlass/include/cute/algorithm/gemm.hpp(439): note #3322-D: number of parameters of function template "cute::gemm(const cute::MMA_Atom<MMA> &, cute::Tensor<TD, DLayout> &, const cute::Tensor<TA, ALayout> &, const cute::Tensor<TB, BLayout> &, const cute::Tensor<TC, CLayout> &)" does not match the call
  gemm(MMA_Atom<MMA> const& mma,
  ^
/home/lcpu/10578328/wmhpc-training-camp-x-lcpu-ai-infra-seminars/assignment02/team/c1_flashkda/FlashKDA/cutlass/include/cute/algorithm/gemm.hpp(474): note #3322-D: number of parameters of function template "cute::gemm(const cute::MMA_Atom<MMA> &, cute::Tensor<TD, DLayout> &, const cute::Tensor<TA, ALayout> &, const cute::Tensor<TB, BLayout> &, const cute::Tensor<TC, CLayout> &)" does not match the call
  gemm(MMA_Atom<MMA> const& mma,
  ^
/home/lcpu/10578328/wmhpc-training-camp-x-lcpu-ai-infra-seminars/assignment02/team/c1_flashkda/FlashKDA/cutlass/include/cute/algorithm/cooperative_gemm.hpp(521): note #3322-D: number of parameters of function template "cute::gemm(const cute::ThrMMA<Args...> &, const Alpha &, const cute::Tensor<TA, ALayout> &, const cute::Tensor<TB, BLayout> &, const Beta &, cute::Tensor<TC, CLayout> &, const ALoadTransformOp &, const BLoadTransformOp &, const CLoadTransformOp &, const CStoreTransformOp &)" does not match the call
  gemm(ThrMMA<Args...> const& thr_mma,
  ^
          detected during:
            instantiation of "void gemm_device<SharedStorage,ATensor,BTensor,CTensor,DTensor,MmaTiler_MNK,TiledMMA,ClusterShape_MNK,Alpha,Beta>(ATensor, BTensor, CTensor, DTensor, MmaTiler_MNK, TiledMMA, ClusterShape_MNK, Alpha, Beta) [with SharedStorage=SharedStorage<cutlass::half_t, cutlass::half_t, cute::ComposedLayout<cute::Swizzle<3, 4, 3>, cute::smem_ptr_flag_bits<16>, cute::Layout<cute::tuple<cute::tuple<cute::C<16>, cute::C<16>>, cute::_1, cute::_4>, cute::tuple<cute::tuple<cute::_64, cute::_1>, cute::C<0>, cute::C<16>>>>, cute::ComposedLayout<cute::Swizzle<3, 4, 3>, cute::smem_ptr_flag_bits<16>, cute::Layout<cute::tuple<cute::tuple<cute::C<16>, cute::C<16>>, cute::_1, cute::_4>, cute::tuple<cute::tuple<cute::_64, cute::_1>, cute::C<0>, cute::C<16>>>>>, ATensor=cute::Tensor<cute::ViewEngine<cute::gmem_ptr<const cutlass::half_t *>>, cute::Layout<cute::tuple<int, int>, cute::tuple<int, cute::C<1>>>>, BTensor=cute::Tensor<cute::ViewEngine<cute::gmem_ptr<const cutlass::half_t *>>, cute::Layout<cute::tuple<int, int>, cute::tuple<int, cute::C<1>>>>, CTensor=cute::Tensor<cute::ViewEngine<cute::gmem_ptr<const float *>>, cute::Layout<cute::tuple<int, int>, cute::tuple<int, cute::C<1>>>>, DTensor=cute::Tensor<cute::ViewEngine<cute::gmem_ptr<float *>>, cute::Layout<cute::tuple<int, int>, cute::tuple<int, cute::C<1>>>>, MmaTiler_MNK=cute::tuple<cute::C<16>, cute::C<16>, cute::C<64>>, TiledMMA=cute::TiledMMA<cute::MMA_Atom<cute::SM100_MMA_F16BF16_SS<cutlass::half_t, cutlass::half_t, float, 16, 16, cute::UMMA::Major::K, cute::UMMA::Major::K, cute::UMMA::ScaleIn::One, cute::UMMA::ScaleIn::One>>, cute::Layout<cute::tuple<cute::_1, cute::_1, cute::_1>, cute::tuple<cute::C<0>, cute::C<0>, cute::C<0>>>, cute::tuple<cute::Underscore, cute::Underscore, cute::Underscore>>, ClusterShape_MNK=cute::tuple<cute::_1, cute::_1, cute::_1>, Alpha=float, Beta=float]" at line 462
            instantiation of "void gemm_host_f16xf16_f32_f32_tnt(const TypeA *, LayoutA, const TypeB *, LayoutB, const TypeC *, LayoutC, TypeD *, LayoutD, Alpha, Beta) [with TypeA=cutlass::half_t, LayoutA=cute::Layout<cute::tuple<int, int>, cute::tuple<int, cute::C<1>>>, TypeB=cutlass::half_t, LayoutB=cute::Layout<cute::tuple<int, int>, cute::tuple<int, cute::C<1>>>, TypeC=float, LayoutC=cute::Layout<cute::tuple<int, int>, cute::tuple<int, cute::C<1>>>, TypeD=float, LayoutD=cute::Layout<cute::tuple<int, int>, cute::tuple<int, cute::C<1>>>, Alpha=float, Beta=float]" at line 578

/home/lcpu/10578328/c1_tcgen05_m16.36d5lj/01_mma_sm100.cu(303): error: no instance of overloaded function "make_tmem_copy" matches the argument list
            argument types are: (cute::SM100::TMEM::LOAD::SM100_TMEM_LOAD_32dp32b1x, <error-type>)
    TiledCopy tiled_t2r_copy = make_tmem_copy(SM100_TMEM_LOAD_32dp32b1x{}, tCtAcc);
                               ^
/home/lcpu/10578328/wmhpc-training-camp-x-lcpu-ai-infra-seminars/assignment02/team/c1_flashkda/FlashKDA/cutlass/include/cute/atom/copy_traits_sm100.hpp(288): note #3327-D: candidate function template "cute::make_tmem_copy(const cute::Copy_Atom<CopyOp, CopyT> &, const cute::Tensor<TEngine, TLayout> &)" failed deduction
  make_tmem_copy(Copy_Atom<CopyOp,CopyT> const& atom,
  ^
/home/lcpu/10578328/wmhpc-training-camp-x-lcpu-ai-infra-seminars/assignment02/team/c1_flashkda/FlashKDA/cutlass/include/cute/atom/copy_traits_sm100.hpp(309): note #3327-D: candidate function template "cute::make_tmem_copy(const CopyOp &, const cute::Tensor<TEngine, TLayout> &)" failed deduction
  make_tmem_copy(CopyOp const&,
  ^
          detected during:
            instantiation of "void gemm_device<SharedStorage,ATensor,BTensor,CTensor,DTensor,MmaTiler_MNK,TiledMMA,ClusterShape_MNK,Alpha,Beta>(ATensor, BTensor, CTensor, DTensor, MmaTiler_MNK, TiledMMA, ClusterShape_MNK, Alpha, Beta) [with SharedStorage=SharedStorage<cutlass::half_t, cutlass::half_t, cute::ComposedLayout<cute::Swizzle<3, 4, 3>, cute::smem_ptr_flag_bits<16>, cute::Layout<cute::tuple<cute::tuple<cute::C<16>, cute::C<16>>, cute::_1, cute::_4>, cute::tuple<cute::tuple<cute::_64, cute::_1>, cute::C<0>, cute::C<16>>>>, cute::ComposedLayout<cute::Swizzle<3, 4, 3>, cute::smem_ptr_flag_bits<16>, cute::Layout<cute::tuple<cute::tuple<cute::C<16>, cute::C<16>>, cute::_1, cute::_4>, cute::tuple<cute::tuple<cute::_64, cute::_1>, cute::C<0>, cute::C<16>>>>>, ATensor=cute::Tensor<cute::ViewEngine<cute::gmem_ptr<const cutlass::half_t *>>, cute::Layout<cute::tuple<int, int>, cute::tuple<int, cute::C<1>>>>, BTensor=cute::Tensor<cute::ViewEngine<cute::gmem_ptr<const cutlass::half_t *>>, cute::Layout<cute::tuple<int, int>, cute::tuple<int, cute::C<1>>>>, CTensor=cute::Tensor<cute::ViewEngine<cute::gmem_ptr<const float *>>, cute::Layout<cute::tuple<int, int>, cute::tuple<int, cute::C<1>>>>, DTensor=cute::Tensor<cute::ViewEngine<cute::gmem_ptr<float *>>, cute::Layout<cute::tuple<int, int>, cute::tuple<int, cute::C<1>>>>, MmaTiler_MNK=cute::tuple<cute::C<16>, cute::C<16>, cute::C<64>>, TiledMMA=cute::TiledMMA<cute::MMA_Atom<cute::SM100_MMA_F16BF16_SS<cutlass::half_t, cutlass::half_t, float, 16, 16, cute::UMMA::Major::K, cute::UMMA::Major::K, cute::UMMA::ScaleIn::One, cute::UMMA::ScaleIn::One>>, cute::Layout<cute::tuple<cute::_1, cute::_1, cute::_1>, cute::tuple<cute::C<0>, cute::C<0>, cute::C<0>>>, cute::tuple<cute::Underscore, cute::Underscore, cute::Underscore>>, ClusterShape_MNK=cute::tuple<cute::_1, cute::_1, cute::_1>, Alpha=float, Beta=float]" at line 462
            instantiation of "void gemm_host_f16xf16_f32_f32_tnt(const TypeA *, LayoutA, const TypeB *, LayoutB, const TypeC *, LayoutC, TypeD *, LayoutD, Alpha, Beta) [with TypeA=cutlass::half_t, LayoutA=cute::Layout<cute::tuple<int, int>, cute::tuple<int, cute::C<1>>>, TypeB=cutlass::half_t, LayoutB=cute::Layout<cute::tuple<int, int>, cute::tuple<int, cute::C<1>>>, TypeC=float, LayoutC=cute::Layout<cute::tuple<int, int>, cute::tuple<int, cute::C<1>>>, TypeD=float, LayoutD=cute::Layout<cute::tuple<int, int>, cute::tuple<int, cute::C<1>>>, Alpha=float, Beta=float]" at line 578

/home/lcpu/10578328/c1_tcgen05_m16.36d5lj/01_mma_sm100.cu(303): error: no instance of constructor "TiledCopy" matches the argument list
            argument types are: (<error-type>)
    TiledCopy tiled_t2r_copy = make_tmem_copy(SM100_TMEM_LOAD_32dp32b1x{}, tCtAcc);
              ^
          detected during:
            instantiation of "void gemm_device<SharedStorage,ATensor,BTensor,CTensor,DTensor,MmaTiler_MNK,TiledMMA,ClusterShape_MNK,Alpha,Beta>(ATensor, BTensor, CTensor, DTensor, MmaTiler_MNK, TiledMMA, ClusterShape_MNK, Alpha, Beta) [with SharedStorage=SharedStorage<cutlass::half_t, cutlass::half_t, cute::ComposedLayout<cute::Swizzle<3, 4, 3>, cute::smem_ptr_flag_bits<16>, cute::Layout<cute::tuple<cute::tuple<cute::C<16>, cute::C<16>>, cute::_1, cute::_4>, cute::tuple<cute::tuple<cute::_64, cute::_1>, cute::C<0>, cute::C<16>>>>, cute::ComposedLayout<cute::Swizzle<3, 4, 3>, cute::smem_ptr_flag_bits<16>, cute::Layout<cute::tuple<cute::tuple<cute::C<16>, cute::C<16>>, cute::_1, cute::_4>, cute::tuple<cute::tuple<cute::_64, cute::_1>, cute::C<0>, cute::C<16>>>>>, ATensor=cute::Tensor<cute::ViewEngine<cute::gmem_ptr<const cutlass::half_t *>>, cute::Layout<cute::tuple<int, int>, cute::tuple<int, cute::C<1>>>>, BTensor=cute::Tensor<cute::ViewEngine<cute::gmem_ptr<const cutlass::half_t *>>, cute::Layout<cute::tuple<int, int>, cute::tuple<int, cute::C<1>>>>, CTensor=cute::Tensor<cute::ViewEngine<cute::gmem_ptr<const float *>>, cute::Layout<cute::tuple<int, int>, cute::tuple<int, cute::C<1>>>>, DTensor=cute::Tensor<cute::ViewEngine<cute::gmem_ptr<float *>>, cute::Layout<cute::tuple<int, int>, cute::tuple<int, cute::C<1>>>>, MmaTiler_MNK=cute::tuple<cute::C<16>, cute::C<16>, cute::C<64>>, TiledMMA=cute::TiledMMA<cute::MMA_Atom<cute::SM100_MMA_F16BF16_SS<cutlass::half_t, cutlass::half_t, float, 16, 16, cute::UMMA::Major::K, cute::UMMA::Major::K, cute::UMMA::ScaleIn::One, cute::UMMA::ScaleIn::One>>, cute::Layout<cute::tuple<cute::_1, cute::_1, cute::_1>, cute::tuple<cute::C<0>, cute::C<0>, cute::C<0>>>, cute::tuple<cute::Underscore, cute::Underscore, cute::Underscore>>, ClusterShape_MNK=cute::tuple<cute::_1, cute::_1, cute::_1>, Alpha=float, Beta=float]" at line 462
            instantiation of "void gemm_host_f16xf16_f32_f32_tnt(const TypeA *, LayoutA, const TypeB *, LayoutB, const TypeC *, LayoutC, TypeD *, LayoutD, Alpha, Beta) [with TypeA=cutlass::half_t, LayoutA=cute::Layout<cute::tuple<int, int>, cute::tuple<int, cute::C<1>>>, TypeB=cutlass::half_t, LayoutB=cute::Layout<cute::tuple<int, int>, cute::tuple<int, cute::C<1>>>, TypeC=float, LayoutC=cute::Layout<cute::tuple<int, int>, cute::tuple<int, cute::C<1>>>, TypeD=float, LayoutD=cute::Layout<cute::tuple<int, int>, cute::tuple<int, cute::C<1>>>, Alpha=float, Beta=float]" at line 578

/home/lcpu/10578328/c1_tcgen05_m16.36d5lj/01_mma_sm100.cu(303): error: cannot deduce class template arguments
    TiledCopy tiled_t2r_copy = make_tmem_copy(SM100_TMEM_LOAD_32dp32b1x{}, tCtAcc);
    ^
          detected during:
            instantiation of "void gemm_device<SharedStorage,ATensor,BTensor,CTensor,DTensor,MmaTiler_MNK,TiledMMA,ClusterShape_MNK,Alpha,Beta>(ATensor, BTensor, CTensor, DTensor, MmaTiler_MNK, TiledMMA, ClusterShape_MNK, Alpha, Beta) [with SharedStorage=SharedStorage<cutlass::half_t, cutlass::half_t, cute::ComposedLayout<cute::Swizzle<3, 4, 3>, cute::smem_ptr_flag_bits<16>, cute::Layout<cute::tuple<cute::tuple<cute::C<16>, cute::C<16>>, cute::_1, cute::_4>, cute::tuple<cute::tuple<cute::_64, cute::_1>, cute::C<0>, cute::C<16>>>>, cute::ComposedLayout<cute::Swizzle<3, 4, 3>, cute::smem_ptr_flag_bits<16>, cute::Layout<cute::tuple<cute::tuple<cute::C<16>, cute::C<16>>, cute::_1, cute::_4>, cute::tuple<cute::tuple<cute::_64, cute::_1>, cute::C<0>, cute::C<16>>>>>, ATensor=cute::Tensor<cute::ViewEngine<cute::gmem_ptr<const cutlass::half_t *>>, cute::Layout<cute::tuple<int, int>, cute::tuple<int, cute::C<1>>>>, BTensor=cute::Tensor<cute::ViewEngine<cute::gmem_ptr<const cutlass::half_t *>>, cute::Layout<cute::tuple<int, int>, cute::tuple<int, cute::C<1>>>>, CTensor=cute::Tensor<cute::ViewEngine<cute::gmem_ptr<const float *>>, cute::Layout<cute::tuple<int, int>, cute::tuple<int, cute::C<1>>>>, DTensor=cute::Tensor<cute::ViewEngine<cute::gmem_ptr<float *>>, cute::Layout<cute::tuple<int, int>, cute::tuple<int, cute::C<1>>>>, MmaTiler_MNK=cute::tuple<cute::C<16>, cute::C<16>, cute::C<64>>, TiledMMA=cute::TiledMMA<cute::MMA_Atom<cute::SM100_MMA_F16BF16_SS<cutlass::half_t, cutlass::half_t, float, 16, 16, cute::UMMA::Major::K, cute::UMMA::Major::K, cute::UMMA::ScaleIn::One, cute::UMMA::ScaleIn::One>>, cute::Layout<cute::tuple<cute::_1, cute::_1, cute::_1>, cute::tuple<cute::C<0>, cute::C<0>, cute::C<0>>>, cute::tuple<cute::Underscore, cute::Underscore, cute::Underscore>>, ClusterShape_MNK=cute::tuple<cute::_1, cute::_1, cute::_1>, Alpha=float, Beta=float]" at line 462
            instantiation of "void gemm_host_f16xf16_f32_f32_tnt(const TypeA *, LayoutA, const TypeB *, LayoutB, const TypeC *, LayoutC, TypeD *, LayoutD, Alpha, Beta) [with TypeA=cutlass::half_t, LayoutA=cute::Layout<cute::tuple<int, int>, cute::tuple<int, cute::C<1>>>, TypeB=cutlass::half_t, LayoutB=cute::Layout<cute::tuple<int, int>, cute::tuple<int, cute::C<1>>>, TypeC=float, LayoutC=cute::Layout<cute::tuple<int, int>, cute::tuple<int, cute::C<1>>>, TypeD=float, LayoutD=cute::Layout<cute::tuple<int, int>, cute::tuple<int, cute::C<1>>>, Alpha=float, Beta=float]" at line 578

/home/lcpu/10578328/c1_tcgen05_m16.36d5lj/01_mma_sm100.cu(304): error: no instance of constructor "ThrCopy" matches the argument list
            argument types are: (<error-type>)
    ThrCopy thr_t2r_copy = tiled_t2r_copy.get_slice(threadIdx.x);
            ^
          detected during:
            instantiation of "void gemm_device<SharedStorage,ATensor,BTensor,CTensor,DTensor,MmaTiler_MNK,TiledMMA,ClusterShape_MNK,Alpha,Beta>(ATensor, BTensor, CTensor, DTensor, MmaTiler_MNK, TiledMMA, ClusterShape_MNK, Alpha, Beta) [with SharedStorage=SharedStorage<cutlass::half_t, cutlass::half_t, cute::ComposedLayout<cute::Swizzle<3, 4, 3>, cute::smem_ptr_flag_bits<16>, cute::Layout<cute::tuple<cute::tuple<cute::C<16>, cute::C<16>>, cute::_1, cute::_4>, cute::tuple<cute::tuple<cute::_64, cute::_1>, cute::C<0>, cute::C<16>>>>, cute::ComposedLayout<cute::Swizzle<3, 4, 3>, cute::smem_ptr_flag_bits<16>, cute::Layout<cute::tuple<cute::tuple<cute::C<16>, cute::C<16>>, cute::_1, cute::_4>, cute::tuple<cute::tuple<cute::_64, cute::_1>, cute::C<0>, cute::C<16>>>>>, ATensor=cute::Tensor<cute::ViewEngine<cute::gmem_ptr<const cutlass::half_t *>>, cute::Layout<cute::tuple<int, int>, cute::tuple<int, cute::C<1>>>>, BTensor=cute::Tensor<cute::ViewEngine<cute::gmem_ptr<const cutlass::half_t *>>, cute::Layout<cute::tuple<int, int>, cute::tuple<int, cute::C<1>>>>, CTensor=cute::Tensor<cute::ViewEngine<cute::gmem_ptr<const float *>>, cute::Layout<cute::tuple<int, int>, cute::tuple<int, cute::C<1>>>>, DTensor=cute::Tensor<cute::ViewEngine<cute::gmem_ptr<float *>>, cute::Layout<cute::tuple<int, int>, cute::tuple<int, cute::C<1>>>>, MmaTiler_MNK=cute::tuple<cute::C<16>, cute::C<16>, cute::C<64>>, TiledMMA=cute::TiledMMA<cute::MMA_Atom<cute::SM100_MMA_F16BF16_SS<cutlass::half_t, cutlass::half_t, float, 16, 16, cute::UMMA::Major::K, cute::UMMA::Major::K, cute::UMMA::ScaleIn::One, cute::UMMA::ScaleIn::One>>, cute::Layout<cute::tuple<cute::_1, cute::_1, cute::_1>, cute::tuple<cute::C<0>, cute::C<0>, cute::C<0>>>, cute::tuple<cute::Underscore, cute::Underscore, cute::Underscore>>, ClusterShape_MNK=cute::tuple<cute::_1, cute::_1, cute::_1>, Alpha=float, Beta=float]" at line 462
            instantiation of "void gemm_host_f16xf16_f32_f32_tnt(const TypeA *, LayoutA, const TypeB *, LayoutB, const TypeC *, LayoutC, TypeD *, LayoutD, Alpha, Beta) [with TypeA=cutlass::half_t, LayoutA=cute::Layout<cute::tuple<int, int>, cute::tuple<int, cute::C<1>>>, TypeB=cutlass::half_t, LayoutB=cute::Layout<cute::tuple<int, int>, cute::tuple<int, cute::C<1>>>, TypeC=float, LayoutC=cute::Layout<cute::tuple<int, int>, cute::tuple<int, cute::C<1>>>, TypeD=float, LayoutD=cute::Layout<cute::tuple<int, int>, cute::tuple<int, cute::C<1>>>, Alpha=float, Beta=float]" at line 578

/home/lcpu/10578328/c1_tcgen05_m16.36d5lj/01_mma_sm100.cu(304): error: cannot deduce class template arguments
    ThrCopy thr_t2r_copy = tiled_t2r_copy.get_slice(threadIdx.x);
    ^
          detected during:
            instantiation of "void gemm_device<SharedStorage,ATensor,BTensor,CTensor,DTensor,MmaTiler_MNK,TiledMMA,ClusterShape_MNK,Alpha,Beta>(ATensor, BTensor, CTensor, DTensor, MmaTiler_MNK, TiledMMA, ClusterShape_MNK, Alpha, Beta) [with SharedStorage=SharedStorage<cutlass::half_t, cutlass::half_t, cute::ComposedLayout<cute::Swizzle<3, 4, 3>, cute::smem_ptr_flag_bits<16>, cute::Layout<cute::tuple<cute::tuple<cute::C<16>, cute::C<16>>, cute::_1, cute::_4>, cute::tuple<cute::tuple<cute::_64, cute::_1>, cute::C<0>, cute::C<16>>>>, cute::ComposedLayout<cute::Swizzle<3, 4, 3>, cute::smem_ptr_flag_bits<16>, cute::Layout<cute::tuple<cute::tuple<cute::C<16>, cute::C<16>>, cute::_1, cute::_4>, cute::tuple<cute::tuple<cute::_64, cute::_1>, cute::C<0>, cute::C<16>>>>>, ATensor=cute::Tensor<cute::ViewEngine<cute::gmem_ptr<const cutlass::half_t *>>, cute::Layout<cute::tuple<int, int>, cute::tuple<int, cute::C<1>>>>, BTensor=cute::Tensor<cute::ViewEngine<cute::gmem_ptr<const cutlass::half_t *>>, cute::Layout<cute::tuple<int, int>, cute::tuple<int, cute::C<1>>>>, CTensor=cute::Tensor<cute::ViewEngine<cute::gmem_ptr<const float *>>, cute::Layout<cute::tuple<int, int>, cute::tuple<int, cute::C<1>>>>, DTensor=cute::Tensor<cute::ViewEngine<cute::gmem_ptr<float *>>, cute::Layout<cute::tuple<int, int>, cute::tuple<int, cute::C<1>>>>, MmaTiler_MNK=cute::tuple<cute::C<16>, cute::C<16>, cute::C<64>>, TiledMMA=cute::TiledMMA<cute::MMA_Atom<cute::SM100_MMA_F16BF16_SS<cutlass::half_t, cutlass::half_t, float, 16, 16, cute::UMMA::Major::K, cute::UMMA::Major::K, cute::UMMA::ScaleIn::One, cute::UMMA::ScaleIn::One>>, cute::Layout<cute::tuple<cute::_1, cute::_1, cute::_1>, cute::tuple<cute::C<0>, cute::C<0>, cute::C<0>>>, cute::tuple<cute::Underscore, cute::Underscore, cute::Underscore>>, ClusterShape_MNK=cute::tuple<cute::_1, cute::_1, cute::_1>, Alpha=float, Beta=float]" at line 462
            instantiation of "void gemm_host_f16xf16_f32_f32_tnt(const TypeA *, LayoutA, const TypeB *, LayoutB, const TypeC *, LayoutC, TypeD *, LayoutD, Alpha, Beta) [with TypeA=cutlass::half_t, LayoutA=cute::Layout<cute::tuple<int, int>, cute::tuple<int, cute::C<1>>>, TypeB=cutlass::half_t, LayoutB=cute::Layout<cute::tuple<int, int>, cute::tuple<int, cute::C<1>>>, TypeC=float, LayoutC=cute::Layout<cute::tuple<int, int>, cute::tuple<int, cute::C<1>>>, TypeD=float, LayoutD=cute::Layout<cute::tuple<int, int>, cute::tuple<int, cute::C<1>>>, Alpha=float, Beta=float]" at line 578

/home/lcpu/10578328/c1_tcgen05_m16.36d5lj/01_mma_sm100.cu(306): error: no instance of constructor "Tensor" matches the argument list
            argument types are: (<error-type>)
    Tensor tDgC = thr_t2r_copy.partition_D(tCgC);
           ^
          detected during:
            instantiation of "void gemm_device<SharedStorage,ATensor,BTensor,CTensor,DTensor,MmaTiler_MNK,TiledMMA,ClusterShape_MNK,Alpha,Beta>(ATensor, BTensor, CTensor, DTensor, MmaTiler_MNK, TiledMMA, ClusterShape_MNK, Alpha, Beta) [with SharedStorage=SharedStorage<cutlass::half_t, cutlass::half_t, cute::ComposedLayout<cute::Swizzle<3, 4, 3>, cute::smem_ptr_flag_bits<16>, cute::Layout<cute::tuple<cute::tuple<cute::C<16>, cute::C<16>>, cute::_1, cute::_4>, cute::tuple<cute::tuple<cute::_64, cute::_1>, cute::C<0>, cute::C<16>>>>, cute::ComposedLayout<cute::Swizzle<3, 4, 3>, cute::smem_ptr_flag_bits<16>, cute::Layout<cute::tuple<cute::tuple<cute::C<16>, cute::C<16>>, cute::_1, cute::_4>, cute::tuple<cute::tuple<cute::_64, cute::_1>, cute::C<0>, cute::C<16>>>>>, ATensor=cute::Tensor<cute::ViewEngine<cute::gmem_ptr<const cutlass::half_t *>>, cute::Layout<cute::tuple<int, int>, cute::tuple<int, cute::C<1>>>>, BTensor=cute::Tensor<cute::ViewEngine<cute::gmem_ptr<const cutlass::half_t *>>, cute::Layout<cute::tuple<int, int>, cute::tuple<int, cute::C<1>>>>, CTensor=cute::Tensor<cute::ViewEngine<cute::gmem_ptr<const float *>>, cute::Layout<cute::tuple<int, int>, cute::tuple<int, cute::C<1>>>>, DTensor=cute::Tensor<cute::ViewEngine<cute::gmem_ptr<float *>>, cute::Layout<cute::tuple<int, int>, cute::tuple<int, cute::C<1>>>>, MmaTiler_MNK=cute::tuple<cute::C<16>, cute::C<16>, cute::C<64>>, TiledMMA=cute::TiledMMA<cute::MMA_Atom<cute::SM100_MMA_F16BF16_SS<cutlass::half_t, cutlass::half_t, float, 16, 16, cute::UMMA::Major::K, cute::UMMA::Major::K, cute::UMMA::ScaleIn::One, cute::UMMA::ScaleIn::One>>, cute::Layout<cute::tuple<cute::_1, cute::_1, cute::_1>, cute::tuple<cute::C<0>, cute::C<0>, cute::C<0>>>, cute::tuple<cute::Underscore, cute::Underscore, cute::Underscore>>, ClusterShape_MNK=cute::tuple<cute::_1, cute::_1, cute::_1>, Alpha=float, Beta=float]" at line 462
            instantiation of "void gemm_host_f16xf16_f32_f32_tnt(const TypeA *, LayoutA, const TypeB *, LayoutB, const TypeC *, LayoutC, TypeD *, LayoutD, Alpha, Beta) [with TypeA=cutlass::half_t, LayoutA=cute::Layout<cute::tuple<int, int>, cute::tuple<int, cute::C<1>>>, TypeB=cutlass::half_t, LayoutB=cute::Layout<cute::tuple<int, int>, cute::tuple<int, cute::C<1>>>, TypeC=float, LayoutC=cute::Layout<cute::tuple<int, int>, cute::tuple<int, cute::C<1>>>, TypeD=float, LayoutD=cute::Layout<cute::tuple<int, int>, cute::tuple<int, cute::C<1>>>, Alpha=float, Beta=float]" at line 578

/home/lcpu/10578328/c1_tcgen05_m16.36d5lj/01_mma_sm100.cu(306): error: cannot deduce class template arguments
    Tensor tDgC = thr_t2r_copy.partition_D(tCgC);
    ^
          detected during:
            instantiation of "void gemm_device<SharedStorage,ATensor,BTensor,CTensor,DTensor,MmaTiler_MNK,TiledMMA,ClusterShape_MNK,Alpha,Beta>(ATensor, BTensor, CTensor, DTensor, MmaTiler_MNK, TiledMMA, ClusterShape_MNK, Alpha, Beta) [with SharedStorage=SharedStorage<cutlass::half_t, cutlass::half_t, cute::ComposedLayout<cute::Swizzle<3, 4, 3>, cute::smem_ptr_flag_bits<16>, cute::Layout<cute::tuple<cute::tuple<cute::C<16>, cute::C<16>>, cute::_1, cute::_4>, cute::tuple<cute::tuple<cute::_64, cute::_1>, cute::C<0>, cute::C<16>>>>, cute::ComposedLayout<cute::Swizzle<3, 4, 3>, cute::smem_ptr_flag_bits<16>, cute::Layout<cute::tuple<cute::tuple<cute::C<16>, cute::C<16>>, cute::_1, cute::_4>, cute::tuple<cute::tuple<cute::_64, cute::_1>, cute::C<0>, cute::C<16>>>>>, ATensor=cute::Tensor<cute::ViewEngine<cute::gmem_ptr<const cutlass::half_t *>>, cute::Layout<cute::tuple<int, int>, cute::tuple<int, cute::C<1>>>>, BTensor=cute::Tensor<cute::ViewEngine<cute::gmem_ptr<const cutlass::half_t *>>, cute::Layout<cute::tuple<int, int>, cute::tuple<int, cute::C<1>>>>, CTensor=cute::Tensor<cute::ViewEngine<cute::gmem_ptr<const float *>>, cute::Layout<cute::tuple<int, int>, cute::tuple<int, cute::C<1>>>>, DTensor=cute::Tensor<cute::ViewEngine<cute::gmem_ptr<float *>>, cute::Layout<cute::tuple<int, int>, cute::tuple<int, cute::C<1>>>>, MmaTiler_MNK=cute::tuple<cute::C<16>, cute::C<16>, cute::C<64>>, TiledMMA=cute::TiledMMA<cute::MMA_Atom<cute::SM100_MMA_F16BF16_SS<cutlass::half_t, cutlass::half_t, float, 16, 16, cute::UMMA::Major::K, cute::UMMA::Major::K, cute::UMMA::ScaleIn::One, cute::UMMA::ScaleIn::One>>, cute::Layout<cute::tuple<cute::_1, cute::_1, cute::_1>, cute::tuple<cute::C<0>, cute::C<0>, cute::C<0>>>, cute::tuple<cute::Underscore, cute::Underscore, cute::Underscore>>, ClusterShape_MNK=cute::tuple<cute::_1, cute::_1, cute::_1>, Alpha=float, Beta=float]" at line 462
            instantiation of "void gemm_host_f16xf16_f32_f32_tnt(const TypeA *, LayoutA, const TypeB *, LayoutB, const TypeC *, LayoutC, TypeD *, LayoutD, Alpha, Beta) [with TypeA=cutlass::half_t, LayoutA=cute::Layout<cute::tuple<int, int>, cute::tuple<int, cute::C<1>>>, TypeB=cutlass::half_t, LayoutB=cute::Layout<cute::tuple<int, int>, cute::tuple<int, cute::C<1>>>, TypeC=float, LayoutC=cute::Layout<cute::tuple<int, int>, cute::tuple<int, cute::C<1>>>, TypeD=float, LayoutD=cute::Layout<cute::tuple<int, int>, cute::tuple<int, cute::C<1>>>, Alpha=float, Beta=float]" at line 578

/home/lcpu/10578328/c1_tcgen05_m16.36d5lj/01_mma_sm100.cu(307): error: no instance of overloaded function "make_fragment_like" matches the argument list
            argument types are: (<error-type>)
    Tensor tDrC = make_fragment_like(tDgC);
                  ^
/home/lcpu/10578328/wmhpc-training-camp-x-lcpu-ai-infra-seminars/assignment02/team/c1_flashkda/FlashKDA/cutlass/include/cute/layout.hpp(455): note #3327-D: candidate function template "cute::make_fragment_like(const cute::Layout<Shape, Stride> &)" failed deduction
  make_fragment_like(Layout<Shape,Stride> const& layout)
  ^
/home/lcpu/10578328/wmhpc-training-camp-x-lcpu-ai-infra-seminars/assignment02/team/c1_flashkda/FlashKDA/cutlass/include/cute/layout.hpp(473): note #3327-D: candidate function template "cute::make_fragment_like(const Shape &)" failed deduction
  make_fragment_like(Shape const& shape)
  ^
/home/lcpu/10578328/wmhpc-training-camp-x-lcpu-ai-infra-seminars/assignment02/team/c1_flashkda/FlashKDA/cutlass/include/cute/tensor_impl.hpp(455): note #3327-D: candidate function template "cute::make_fragment_like<NewT,Layout>(const Layout &)" failed deduction
  make_fragment_like(Layout const& layout)
  ^
/home/lcpu/10578328/wmhpc-training-camp-x-lcpu-ai-infra-seminars/assignment02/team/c1_flashkda/FlashKDA/cutlass/include/cute/tensor_impl.hpp(463): note #3327-D: candidate function template "cute::make_fragment_like<NewT,Engine,Layout>(const cute::Tensor<Engine, Layout> &)" failed deduction
  make_fragment_like(Tensor<Engine,Layout> const& tensor)
  ^
/home/lcpu/10578328/wmhpc-training-camp-x-lcpu-ai-infra-seminars/assignment02/team/c1_flashkda/FlashKDA/cutlass/include/cute/tensor_impl.hpp(471): note #3327-D: candidate function template "cute::make_fragment_like(const cute::Tensor<Engine, Layout> &)" failed deduction
  make_fragment_like(Tensor<Engine,Layout> const& tensor)
  ^
/home/lcpu/10578328/wmhpc-training-camp-x-lcpu-ai-infra-seminars/assignment02/team/c1_flashkda/FlashKDA/cutlass/include/cute/swizzle_layout.hpp(122): note #3327-D: candidate function template "cute::make_fragment_like(const cute::ComposedLayout<cute::Swizzle<B, M, S>, Offset, Layout> &)" failed deduction
  make_fragment_like(ComposedLayout<Swizzle<B,M,S>,Offset,Layout> const& layout)
  ^
          detected during:
            instantiation of "void gemm_device<SharedStorage,ATensor,BTensor,CTensor,DTensor,MmaTiler_MNK,TiledMMA,ClusterShape_MNK,Alpha,Beta>(ATensor, BTensor, CTensor, DTensor, MmaTiler_MNK, TiledMMA, ClusterShape_MNK, Alpha, Beta) [with SharedStorage=SharedStorage<cutlass::half_t, cutlass::half_t, cute::ComposedLayout<cute::Swizzle<3, 4, 3>, cute::smem_ptr_flag_bits<16>, cute::Layout<cute::tuple<cute::tuple<cute::C<16>, cute::C<16>>, cute::_1, cute::_4>, cute::tuple<cute::tuple<cute::_64, cute::_1>, cute::C<0>, cute::C<16>>>>, cute::ComposedLayout<cute::Swizzle<3, 4, 3>, cute::smem_ptr_flag_bits<16>, cute::Layout<cute::tuple<cute::tuple<cute::C<16>, cute::C<16>>, cute::_1, cute::_4>, cute::tuple<cute::tuple<cute::_64, cute::_1>, cute::C<0>, cute::C<16>>>>>, ATensor=cute::Tensor<cute::ViewEngine<cute::gmem_ptr<const cutlass::half_t *>>, cute::Layout<cute::tuple<int, int>, cute::tuple<int, cute::C<1>>>>, BTensor=cute::Tensor<cute::ViewEngine<cute::gmem_ptr<const cutlass::half_t *>>, cute::Layout<cute::tuple<int, int>, cute::tuple<int, cute::C<1>>>>, CTensor=cute::Tensor<cute::ViewEngine<cute::gmem_ptr<const float *>>, cute::Layout<cute::tuple<int, int>, cute::tuple<int, cute::C<1>>>>, DTensor=cute::Tensor<cute::ViewEngine<cute::gmem_ptr<float *>>, cute::Layout<cute::tuple<int, int>, cute::tuple<int, cute::C<1>>>>, MmaTiler_MNK=cute::tuple<cute::C<16>, cute::C<16>, cute::C<64>>, TiledMMA=cute::TiledMMA<cute::MMA_Atom<cute::SM100_MMA_F16BF16_SS<cutlass::half_t, cutlass::half_t, float, 16, 16, cute::UMMA::Major::K, cute::UMMA::Major::K, cute::UMMA::ScaleIn::One, cute::UMMA::ScaleIn::One>>, cute::Layout<cute::tuple<cute::_1, cute::_1, cute::_1>, cute::tuple<cute::C<0>, cute::C<0>, cute::C<0>>>, cute::tuple<cute::Underscore, cute::Underscore, cute::Underscore>>, ClusterShape_MNK=cute::tuple<cute::_1, cute::_1, cute::_1>, Alpha=float, Beta=float]" at line 462
            instantiation of "void gemm_host_f16xf16_f32_f32_tnt(const TypeA *, LayoutA, const TypeB *, LayoutB, const TypeC *, LayoutC, TypeD *, LayoutD, Alpha, Beta) [with TypeA=cutlass::half_t, LayoutA=cute::Layout<cute::tuple<int, int>, cute::tuple<int, cute::C<1>>>, TypeB=cutlass::half_t, LayoutB=cute::Layout<cute::tuple<int, int>, cute::tuple<int, cute::C<1>>>, TypeC=float, LayoutC=cute::Layout<cute::tuple<int, int>, cute::tuple<int, cute::C<1>>>, TypeD=float, LayoutD=cute::Layout<cute::tuple<int, int>, cute::tuple<int, cute::C<1>>>, Alpha=float, Beta=float]" at line 578

/home/lcpu/10578328/c1_tcgen05_m16.36d5lj/01_mma_sm100.cu(307): error: no instance of constructor "Tensor" matches the argument list
            argument types are: (<error-type>)
    Tensor tDrC = make_fragment_like(tDgC);
           ^
          detected during:
            instantiation of "void gemm_device<SharedStorage,ATensor,BTensor,CTensor,DTensor,MmaTiler_MNK,TiledMMA,ClusterShape_MNK,Alpha,Beta>(ATensor, BTensor, CTensor, DTensor, MmaTiler_MNK, TiledMMA, ClusterShape_MNK, Alpha, Beta) [with SharedStorage=SharedStorage<cutlass::half_t, cutlass::half_t, cute::ComposedLayout<cute::Swizzle<3, 4, 3>, cute::smem_ptr_flag_bits<16>, cute::Layout<cute::tuple<cute::tuple<cute::C<16>, cute::C<16>>, cute::_1, cute::_4>, cute::tuple<cute::tuple<cute::_64, cute::_1>, cute::C<0>, cute::C<16>>>>, cute::ComposedLayout<cute::Swizzle<3, 4, 3>, cute::smem_ptr_flag_bits<16>, cute::Layout<cute::tuple<cute::tuple<cute::C<16>, cute::C<16>>, cute::_1, cute::_4>, cute::tuple<cute::tuple<cute::_64, cute::_1>, cute::C<0>, cute::C<16>>>>>, ATensor=cute::Tensor<cute::ViewEngine<cute::gmem_ptr<const cutlass::half_t *>>, cute::Layout<cute::tuple<int, int>, cute::tuple<int, cute::C<1>>>>, BTensor=cute::Tensor<cute::ViewEngine<cute::gmem_ptr<const cutlass::half_t *>>, cute::Layout<cute::tuple<int, int>, cute::tuple<int, cute::C<1>>>>, CTensor=cute::Tensor<cute::ViewEngine<cute::gmem_ptr<const float *>>, cute::Layout<cute::tuple<int, int>, cute::tuple<int, cute::C<1>>>>, DTensor=cute::Tensor<cute::ViewEngine<cute::gmem_ptr<float *>>, cute::Layout<cute::tuple<int, int>, cute::tuple<int, cute::C<1>>>>, MmaTiler_MNK=cute::tuple<cute::C<16>, cute::C<16>, cute::C<64>>, TiledMMA=cute::TiledMMA<cute::MMA_Atom<cute::SM100_MMA_F16BF16_SS<cutlass::half_t, cutlass::half_t, float, 16, 16, cute::UMMA::Major::K, cute::UMMA::Major::K, cute::UMMA::ScaleIn::One, cute::UMMA::ScaleIn::One>>, cute::Layout<cute::tuple<cute::_1, cute::_1, cute::_1>, cute::tuple<cute::C<0>, cute::C<0>, cute::C<0>>>, cute::tuple<cute::Underscore, cute::Underscore, cute::Underscore>>, ClusterShape_MNK=cute::tuple<cute::_1, cute::_1, cute::_1>, Alpha=float, Beta=float]" at line 462
            instantiation of "void gemm_host_f16xf16_f32_f32_tnt(const TypeA *, LayoutA, const TypeB *, LayoutB, const TypeC *, LayoutC, TypeD *, LayoutD, Alpha, Beta) [with TypeA=cutlass::half_t, LayoutA=cute::Layout<cute::tuple<int, int>, cute::tuple<int, cute::C<1>>>, TypeB=cutlass::half_t, LayoutB=cute::Layout<cute::tuple<int, int>, cute::tuple<int, cute::C<1>>>, TypeC=float, LayoutC=cute::Layout<cute::tuple<int, int>, cute::tuple<int, cute::C<1>>>, TypeD=float, LayoutD=cute::Layout<cute::tuple<int, int>, cute::tuple<int, cute::C<1>>>, Alpha=float, Beta=float]" at line 578

/home/lcpu/10578328/c1_tcgen05_m16.36d5lj/01_mma_sm100.cu(307): error: cannot deduce class template arguments
    Tensor tDrC = make_fragment_like(tDgC);
    ^
          detected during:
            instantiation of "void gemm_device<SharedStorage,ATensor,BTensor,CTensor,DTensor,MmaTiler_MNK,TiledMMA,ClusterShape_MNK,Alpha,Beta>(ATensor, BTensor, CTensor, DTensor, MmaTiler_MNK, TiledMMA, ClusterShape_MNK, Alpha, Beta) [with SharedStorage=SharedStorage<cutlass::half_t, cutlass::half_t, cute::ComposedLayout<cute::Swizzle<3, 4, 3>, cute::smem_ptr_flag_bits<16>, cute::Layout<cute::tuple<cute::tuple<cute::C<16>, cute::C<16>>, cute::_1, cute::_4>, cute::tuple<cute::tuple<cute::_64, cute::_1>, cute::C<0>, cute::C<16>>>>, cute::ComposedLayout<cute::Swizzle<3, 4, 3>, cute::smem_ptr_flag_bits<16>, cute::Layout<cute::tuple<cute::tuple<cute::C<16>, cute::C<16>>, cute::_1, cute::_4>, cute::tuple<cute::tuple<cute::_64, cute::_1>, cute::C<0>, cute::C<16>>>>>, ATensor=cute::Tensor<cute::ViewEngine<cute::gmem_ptr<const cutlass::half_t *>>, cute::Layout<cute::tuple<int, int>, cute::tuple<int, cute::C<1>>>>, BTensor=cute::Tensor<cute::ViewEngine<cute::gmem_ptr<const cutlass::half_t *>>, cute::Layout<cute::tuple<int, int>, cute::tuple<int, cute::C<1>>>>, CTensor=cute::Tensor<cute::ViewEngine<cute::gmem_ptr<const float *>>, cute::Layout<cute::tuple<int, int>, cute::tuple<int, cute::C<1>>>>, DTensor=cute::Tensor<cute::ViewEngine<cute::gmem_ptr<float *>>, cute::Layout<cute::tuple<int, int>, cute::tuple<int, cute::C<1>>>>, MmaTiler_MNK=cute::tuple<cute::C<16>, cute::C<16>, cute::C<64>>, TiledMMA=cute::TiledMMA<cute::MMA_Atom<cute::SM100_MMA_F16BF16_SS<cutlass::half_t, cutlass::half_t, float, 16, 16, cute::UMMA::Major::K, cute::UMMA::Major::K, cute::UMMA::ScaleIn::One, cute::UMMA::ScaleIn::One>>, cute::Layout<cute::tuple<cute::_1, cute::_1, cute::_1>, cute::tuple<cute::C<0>, cute::C<0>, cute::C<0>>>, cute::tuple<cute::Underscore, cute::Underscore, cute::Underscore>>, ClusterShape_MNK=cute::tuple<cute::_1, cute::_1, cute::_1>, Alpha=float, Beta=float]" at line 462
            instantiation of "void gemm_host_f16xf16_f32_f32_tnt(const TypeA *, LayoutA, const TypeB *, LayoutB, const TypeC *, LayoutC, TypeD *, LayoutD, Alpha, Beta) [with TypeA=cutlass::half_t, LayoutA=cute::Layout<cute::tuple<int, int>, cute::tuple<int, cute::C<1>>>, TypeB=cutlass::half_t, LayoutB=cute::Layout<cute::tuple<int, int>, cute::tuple<int, cute::C<1>>>, TypeC=float, LayoutC=cute::Layout<cute::tuple<int, int>, cute::tuple<int, cute::C<1>>>, TypeD=float, LayoutD=cute::Layout<cute::tuple<int, int>, cute::tuple<int, cute::C<1>>>, Alpha=float, Beta=float]" at line 578

/home/lcpu/10578328/c1_tcgen05_m16.36d5lj/01_mma_sm100.cu(309): error: no instance of overloaded function "copy" matches the argument list
            argument types are: (<error-type>, <error-type>)
    copy(tDgC, tDrC);
    ^
/home/lcpu/10578328/wmhpc-training-camp-x-lcpu-ai-infra-seminars/assignment02/team/c1_flashkda/FlashKDA/cutlass/include/cute/algorithm/copy.hpp(173): note #3322-D: number of parameters of function template "cute::copy(const cute::AutoCopyAsync &, const cute::Tensor<SrcEngine, SrcLayout> &, cute::Tensor<DstEngine, DstLayout> &)" does not match the call
  copy(AutoCopyAsync const& cpy,
  ^
/home/lcpu/10578328/wmhpc-training-camp-x-lcpu-ai-infra-seminars/assignment02/team/c1_flashkda/FlashKDA/cutlass/include/cute/algorithm/copy.hpp(189): note #3322-D: number of parameters of function template "cute::copy(const cute::Copy_Atom<CopyArgs...> &, const cute::Tensor<SrcEngine, SrcLayout> &, cute::Tensor<DstEngine, DstLayout> &)" does not match the call
  copy(Copy_Atom<CopyArgs...> const& copy_atom,
  ^
/home/lcpu/10578328/wmhpc-training-camp-x-lcpu-ai-infra-seminars/assignment02/team/c1_flashkda/FlashKDA/cutlass/include/cute/algorithm/copy.hpp(247): note #3322-D: number of parameters of function template "cute::copy(const cute::AutoVectorizingCopyWithAssumedAlignment<MaxVecBits> &, const cute::Tensor<SrcEngine, SrcLayout> &, cute::Tensor<DstEngine, DstLayout> &)" does not match the call
  copy(AutoVectorizingCopyWithAssumedAlignment<MaxVecBits> const&,
  ^
/home/lcpu/10578328/wmhpc-training-camp-x-lcpu-ai-infra-seminars/assignment02/team/c1_flashkda/FlashKDA/cutlass/include/cute/algorithm/copy.hpp(288): note #3322-D: number of parameters of function template "cute::copy(const cute::AutoFilter<CopyOp> &, const cute::Tensor<SrcEngine, SrcLayout> &, cute::Tensor<DstEngine, DstLayout> &)" does not match the call
  copy(AutoFilter<CopyOp> const& copy_op,
  ^
/home/lcpu/10578328/wmhpc-training-camp-x-lcpu-ai-infra-seminars/assignment02/team/c1_flashkda/FlashKDA/cutlass/include/cute/algorithm/copy.hpp(312): note #3327-D: candidate function template "cute::copy(const cute::Tensor<SrcEngine, SrcLayout> &, cute::Tensor<DstEngine, DstLayout> &)" failed deduction
  copy(Tensor<SrcEngine, SrcLayout> const& src,
  ^
/home/lcpu/10578328/wmhpc-training-camp-x-lcpu-ai-infra-seminars/assignment02/team/c1_flashkda/FlashKDA/cutlass/include/cute/algorithm/copy.hpp(350): note #3322-D: number of parameters of function template "cute::copy(const cute::Copy_Atom<cute::AutoVectorizingCopyWithAssumedAlignment<MaxVecBits>, Args...> &, const cute::Tensor<SrcEngine, SrcLayout> &, cute::Tensor<DstEngine, DstLayout> &)" does not match the call
  copy(Copy_Atom<AutoVectorizingCopyWithAssumedAlignment<MaxVecBits>, Args...> const&,
  ^
/home/lcpu/10578328/wmhpc-training-camp-x-lcpu-ai-infra-seminars/assignment02/team/c1_flashkda/FlashKDA/cutlass/include/cute/algorithm/copy.hpp(362): note #3322-D: number of parameters of function template "cute::copy(const cute::Copy_Atom<cute::Copy_Traits<cute::AutoVectorizingCopyWithAssumedAlignment<MaxVecBits>>, Args...> &, const cute::Tensor<SrcEngine, SrcLayout> &, cute::Tensor<DstEngine, DstLayout> &)" does not match the call
  copy(Copy_Atom<Copy_Traits<AutoVectorizingCopyWithAssumedAlignment<MaxVecBits>>, Args...> const&,
  ^
/home/lcpu/10578328/wmhpc-training-camp-x-lcpu-ai-infra-seminars/assignment02/team/c1_flashkda/FlashKDA/cutlass/include/cute/algorithm/copy.hpp(375): note #3322-D: number of parameters of function template "cute::copy(const cute::Copy_Traits<cute::SM90_BULK_COPY_AUTO, CT_Args...> &, const cute::Tensor<SrcEngine, SrcLayout> &, cute::Tensor<DstEngine, DstLayout> &)" does not match the call
  copy(Copy_Traits<SM90_BULK_COPY_AUTO, CT_Args...> const& atom,
  ^
/home/lcpu/10578328/wmhpc-training-camp-x-lcpu-ai-infra-seminars/assignment02/team/c1_flashkda/FlashKDA/cutlass/include/cute/algorithm/copy.hpp(408): note #3322-D: number of parameters of function template "cute::copy(const cute::Copy_Atom<cute::Copy_Traits<cute::SM90_BULK_COPY_AUTO, CT_Args...>, CA_Args...> &, const cute::Tensor<SrcEngine, SrcLayout> &, cute::Tensor<DstEngine, DstLayout> &)" does not match the call
  copy(Copy_Atom<Copy_Traits<SM90_BULK_COPY_AUTO, CT_Args...>, CA_Args...> const& atom,
  ^
/home/lcpu/10578328/wmhpc-training-camp-x-lcpu-ai-infra-seminars/assignment02/team/c1_flashkda/FlashKDA/cutlass/include/cute/algorithm/copy.hpp(439): note #3322-D: number of parameters of function template "cute::copy(const cute::TiledCopy<CopyAtom, TV, Tiler> &, const cute::Tensor<SrcEngine, SrcLayout> &, cute::Tensor<DstEngine, DstLayout> &)" does not match the call
  copy(TiledCopy<CopyAtom, TV, Tiler> const& tiled_copy,
  ^
/home/lcpu/10578328/wmhpc-training-camp-x-lcpu-ai-infra-seminars/assignment02/team/c1_flashkda/FlashKDA/cutlass/include/cute/algorithm/copy.hpp(462): note #3322-D: number of parameters of function template "cute::copy(const cute::ThrCopy<TiledCopy, ThrIdx> &, const cute::Tensor<SrcEngine, SrcLayout> &, cute::Tensor<DstEngine, DstLayout> &)" does not match the call
  copy(ThrCopy<TiledCopy, ThrIdx> const& thr_copy,
  ^
/home/lcpu/10578328/wmhpc-training-camp-x-lcpu-ai-infra-seminars/assignment02/team/c1_flashkda/FlashKDA/cutlass/include/cute/algorithm/copy.hpp(489): note #3322-D: number of parameters of function template "cute::copy(const CopyPolicy &, const cute::Tensor<SrcEngine, SrcLayout> &, cute::Tensor<DstEngine, DstLayout> &)" does not match the call
  copy(CopyPolicy const& cpy,
  ^
/home/lcpu/10578328/wmhpc-training-camp-x-lcpu-ai-infra-seminars/assignment02/team/c1_flashkda/FlashKDA/cutlass/include/cute/algorithm/copy.hpp(530): note #3327-D: candidate function template "cute::copy(const cute::Tensor<SrcEngine, SrcLayout> &, cute::Tensor<DstEngine, DstLayout> &&)" failed deduction
  copy(Tensor<SrcEngine, SrcLayout> const& src,
  ^
/home/lcpu/10578328/wmhpc-training-camp-x-lcpu-ai-infra-seminars/assignment02/team/c1_flashkda/FlashKDA/cutlass/include/cute/algorithm/copy.hpp(541): note #3322-D: number of parameters of function template "cute::copy(const CopyPolicy &, const cute::Tensor<SrcEngine, SrcLayout> &, cute::Tensor<DstEngine, DstLayout> &&)" does not match the call
  copy(CopyPolicy const& copy_policy,
  ^
          detected during:
            instantiation of "void gemm_device<SharedStorage,ATensor,BTensor,CTensor,DTensor,MmaTiler_MNK,TiledMMA,ClusterShape_MNK,Alpha,Beta>(ATensor, BTensor, CTensor, DTensor, MmaTiler_MNK, TiledMMA, ClusterShape_MNK, Alpha, Beta) [with SharedStorage=SharedStorage<cutlass::half_t, cutlass::half_t, cute::ComposedLayout<cute::Swizzle<3, 4, 3>, cute::smem_ptr_flag_bits<16>, cute::Layout<cute::tuple<cute::tuple<cute::C<16>, cute::C<16>>, cute::_1, cute::_4>, cute::tuple<cute::tuple<cute::_64, cute::_1>, cute::C<0>, cute::C<16>>>>, cute::ComposedLayout<cute::Swizzle<3, 4, 3>, cute::smem_ptr_flag_bits<16>, cute::Layout<cute::tuple<cute::tuple<cute::C<16>, cute::C<16>>, cute::_1, cute::_4>, cute::tuple<cute::tuple<cute::_64, cute::_1>, cute::C<0>, cute::C<16>>>>>, ATensor=cute::Tensor<cute::ViewEngine<cute::gmem_ptr<const cutlass::half_t *>>, cute::Layout<cute::tuple<int, int>, cute::tuple<int, cute::C<1>>>>, BTensor=cute::Tensor<cute::ViewEngine<cute::gmem_ptr<const cutlass::half_t *>>, cute::Layout<cute::tuple<int, int>, cute::tuple<int, cute::C<1>>>>, CTensor=cute::Tensor<cute::ViewEngine<cute::gmem_ptr<const float *>>, cute::Layout<cute::tuple<int, int>, cute::tuple<int, cute::C<1>>>>, DTensor=cute::Tensor<cute::ViewEngine<cute::gmem_ptr<float *>>, cute::Layout<cute::tuple<int, int>, cute::tuple<int, cute::C<1>>>>, MmaTiler_MNK=cute::tuple<cute::C<16>, cute::C<16>, cute::C<64>>, TiledMMA=cute::TiledMMA<cute::MMA_Atom<cute::SM100_MMA_F16BF16_SS<cutlass::half_t, cutlass::half_t, float, 16, 16, cute::UMMA::Major::K, cute::UMMA::Major::K, cute::UMMA::ScaleIn::One, cute::UMMA::ScaleIn::One>>, cute::Layout<cute::tuple<cute::_1, cute::_1, cute::_1>, cute::tuple<cute::C<0>, cute::C<0>, cute::C<0>>>, cute::tuple<cute::Underscore, cute::Underscore, cute::Underscore>>, ClusterShape_MNK=cute::tuple<cute::_1, cute::_1, cute::_1>, Alpha=float, Beta=float]" at line 462
            instantiation of "void gemm_host_f16xf16_f32_f32_tnt(const TypeA *, LayoutA, const TypeB *, LayoutB, const TypeC *, LayoutC, TypeD *, LayoutD, Alpha, Beta) [with TypeA=cutlass::half_t, LayoutA=cute::Layout<cute::tuple<int, int>, cute::tuple<int, cute::C<1>>>, TypeB=cutlass::half_t, LayoutB=cute::Layout<cute::tuple<int, int>, cute::tuple<int, cute::C<1>>>, TypeC=float, LayoutC=cute::Layout<cute::tuple<int, int>, cute::tuple<int, cute::C<1>>>, TypeD=float, LayoutD=cute::Layout<cute::tuple<int, int>, cute::tuple<int, cute::C<1>>>, Alpha=float, Beta=float]" at line 578

/home/lcpu/10578328/c1_tcgen05_m16.36d5lj/01_mma_sm100.cu(311): error: no instance of constructor "Tensor" matches the argument list
            argument types are: (<error-type>)
    Tensor tDtAcc = thr_t2r_copy.partition_S(tCtAcc);
           ^
          detected during:
            instantiation of "void gemm_device<SharedStorage,ATensor,BTensor,CTensor,DTensor,MmaTiler_MNK,TiledMMA,ClusterShape_MNK,Alpha,Beta>(ATensor, BTensor, CTensor, DTensor, MmaTiler_MNK, TiledMMA, ClusterShape_MNK, Alpha, Beta) [with SharedStorage=SharedStorage<cutlass::half_t, cutlass::half_t, cute::ComposedLayout<cute::Swizzle<3, 4, 3>, cute::smem_ptr_flag_bits<16>, cute::Layout<cute::tuple<cute::tuple<cute::C<16>, cute::C<16>>, cute::_1, cute::_4>, cute::tuple<cute::tuple<cute::_64, cute::_1>, cute::C<0>, cute::C<16>>>>, cute::ComposedLayout<cute::Swizzle<3, 4, 3>, cute::smem_ptr_flag_bits<16>, cute::Layout<cute::tuple<cute::tuple<cute::C<16>, cute::C<16>>, cute::_1, cute::_4>, cute::tuple<cute::tuple<cute::_64, cute::_1>, cute::C<0>, cute::C<16>>>>>, ATensor=cute::Tensor<cute::ViewEngine<cute::gmem_ptr<const cutlass::half_t *>>, cute::Layout<cute::tuple<int, int>, cute::tuple<int, cute::C<1>>>>, BTensor=cute::Tensor<cute::ViewEngine<cute::gmem_ptr<const cutlass::half_t *>>, cute::Layout<cute::tuple<int, int>, cute::tuple<int, cute::C<1>>>>, CTensor=cute::Tensor<cute::ViewEngine<cute::gmem_ptr<const float *>>, cute::Layout<cute::tuple<int, int>, cute::tuple<int, cute::C<1>>>>, DTensor=cute::Tensor<cute::ViewEngine<cute::gmem_ptr<float *>>, cute::Layout<cute::tuple<int, int>, cute::tuple<int, cute::C<1>>>>, MmaTiler_MNK=cute::tuple<cute::C<16>, cute::C<16>, cute::C<64>>, TiledMMA=cute::TiledMMA<cute::MMA_Atom<cute::SM100_MMA_F16BF16_SS<cutlass::half_t, cutlass::half_t, float, 16, 16, cute::UMMA::Major::K, cute::UMMA::Major::K, cute::UMMA::ScaleIn::One, cute::UMMA::ScaleIn::One>>, cute::Layout<cute::tuple<cute::_1, cute::_1, cute::_1>, cute::tuple<cute::C<0>, cute::C<0>, cute::C<0>>>, cute::tuple<cute::Underscore, cute::Underscore, cute::Underscore>>, ClusterShape_MNK=cute::tuple<cute::_1, cute::_1, cute::_1>, Alpha=float, Beta=float]" at line 462
            instantiation of "void gemm_host_f16xf16_f32_f32_tnt(const TypeA *, LayoutA, const TypeB *, LayoutB, const TypeC *, LayoutC, TypeD *, LayoutD, Alpha, Beta) [with TypeA=cutlass::half_t, LayoutA=cute::Layout<cute::tuple<int, int>, cute::tuple<int, cute::C<1>>>, TypeB=cutlass::half_t, LayoutB=cute::Layout<cute::tuple<int, int>, cute::tuple<int, cute::C<1>>>, TypeC=float, LayoutC=cute::Layout<cute::tuple<int, int>, cute::tuple<int, cute::C<1>>>, TypeD=float, LayoutD=cute::Layout<cute::tuple<int, int>, cute::tuple<int, cute::C<1>>>, Alpha=float, Beta=float]" at line 578

/home/lcpu/10578328/c1_tcgen05_m16.36d5lj/01_mma_sm100.cu(311): error: cannot deduce class template arguments
    Tensor tDtAcc = thr_t2r_copy.partition_S(tCtAcc);
    ^
          detected during:
            instantiation of "void gemm_device<SharedStorage,ATensor,BTensor,CTensor,DTensor,MmaTiler_MNK,TiledMMA,ClusterShape_MNK,Alpha,Beta>(ATensor, BTensor, CTensor, DTensor, MmaTiler_MNK, TiledMMA, ClusterShape_MNK, Alpha, Beta) [with SharedStorage=SharedStorage<cutlass::half_t, cutlass::half_t, cute::ComposedLayout<cute::Swizzle<3, 4, 3>, cute::smem_ptr_flag_bits<16>, cute::Layout<cute::tuple<cute::tuple<cute::C<16>, cute::C<16>>, cute::_1, cute::_4>, cute::tuple<cute::tuple<cute::_64, cute::_1>, cute::C<0>, cute::C<16>>>>, cute::ComposedLayout<cute::Swizzle<3, 4, 3>, cute::smem_ptr_flag_bits<16>, cute::Layout<cute::tuple<cute::tuple<cute::C<16>, cute::C<16>>, cute::_1, cute::_4>, cute::tuple<cute::tuple<cute::_64, cute::_1>, cute::C<0>, cute::C<16>>>>>, ATensor=cute::Tensor<cute::ViewEngine<cute::gmem_ptr<const cutlass::half_t *>>, cute::Layout<cute::tuple<int, int>, cute::tuple<int, cute::C<1>>>>, BTensor=cute::Tensor<cute::ViewEngine<cute::gmem_ptr<const cutlass::half_t *>>, cute::Layout<cute::tuple<int, int>, cute::tuple<int, cute::C<1>>>>, CTensor=cute::Tensor<cute::ViewEngine<cute::gmem_ptr<const float *>>, cute::Layout<cute::tuple<int, int>, cute::tuple<int, cute::C<1>>>>, DTensor=cute::Tensor<cute::ViewEngine<cute::gmem_ptr<float *>>, cute::Layout<cute::tuple<int, int>, cute::tuple<int, cute::C<1>>>>, MmaTiler_MNK=cute::tuple<cute::C<16>, cute::C<16>, cute::C<64>>, TiledMMA=cute::TiledMMA<cute::MMA_Atom<cute::SM100_MMA_F16BF16_SS<cutlass::half_t, cutlass::half_t, float, 16, 16, cute::UMMA::Major::K, cute::UMMA::Major::K, cute::UMMA::ScaleIn::One, cute::UMMA::ScaleIn::One>>, cute::Layout<cute::tuple<cute::_1, cute::_1, cute::_1>, cute::tuple<cute::C<0>, cute::C<0>, cute::C<0>>>, cute::tuple<cute::Underscore, cute::Underscore, cute::Underscore>>, ClusterShape_MNK=cute::tuple<cute::_1, cute::_1, cute::_1>, Alpha=float, Beta=float]" at line 462
            instantiation of "void gemm_host_f16xf16_f32_f32_tnt(const TypeA *, LayoutA, const TypeB *, LayoutB, const TypeC *, LayoutC, TypeD *, LayoutD, Alpha, Beta) [with TypeA=cutlass::half_t, LayoutA=cute::Layout<cute::tuple<int, int>, cute::tuple<int, cute::C<1>>>, TypeB=cutlass::half_t, LayoutB=cute::Layout<cute::tuple<int, int>, cute::tuple<int, cute::C<1>>>, TypeC=float, LayoutC=cute::Layout<cute::tuple<int, int>, cute::tuple<int, cute::C<1>>>, TypeD=float, LayoutD=cute::Layout<cute::tuple<int, int>, cute::tuple<int, cute::C<1>>>, Alpha=float, Beta=float]" at line 578

/home/lcpu/10578328/c1_tcgen05_m16.36d5lj/01_mma_sm100.cu(312): error: no instance of constructor "Tensor" matches the argument list
            argument types are: (<error-type>)
    Tensor tDgD = thr_t2r_copy.partition_D(tCgD);
           ^
          detected during:
            instantiation of "void gemm_device<SharedStorage,ATensor,BTensor,CTensor,DTensor,MmaTiler_MNK,TiledMMA,ClusterShape_MNK,Alpha,Beta>(ATensor, BTensor, CTensor, DTensor, MmaTiler_MNK, TiledMMA, ClusterShape_MNK, Alpha, Beta) [with SharedStorage=SharedStorage<cutlass::half_t, cutlass::half_t, cute::ComposedLayout<cute::Swizzle<3, 4, 3>, cute::smem_ptr_flag_bits<16>, cute::Layout<cute::tuple<cute::tuple<cute::C<16>, cute::C<16>>, cute::_1, cute::_4>, cute::tuple<cute::tuple<cute::_64, cute::_1>, cute::C<0>, cute::C<16>>>>, cute::ComposedLayout<cute::Swizzle<3, 4, 3>, cute::smem_ptr_flag_bits<16>, cute::Layout<cute::tuple<cute::tuple<cute::C<16>, cute::C<16>>, cute::_1, cute::_4>, cute::tuple<cute::tuple<cute::_64, cute::_1>, cute::C<0>, cute::C<16>>>>>, ATensor=cute::Tensor<cute::ViewEngine<cute::gmem_ptr<const cutlass::half_t *>>, cute::Layout<cute::tuple<int, int>, cute::tuple<int, cute::C<1>>>>, BTensor=cute::Tensor<cute::ViewEngine<cute::gmem_ptr<const cutlass::half_t *>>, cute::Layout<cute::tuple<int, int>, cute::tuple<int, cute::C<1>>>>, CTensor=cute::Tensor<cute::ViewEngine<cute::gmem_ptr<const float *>>, cute::Layout<cute::tuple<int, int>, cute::tuple<int, cute::C<1>>>>, DTensor=cute::Tensor<cute::ViewEngine<cute::gmem_ptr<float *>>, cute::Layout<cute::tuple<int, int>, cute::tuple<int, cute::C<1>>>>, MmaTiler_MNK=cute::tuple<cute::C<16>, cute::C<16>, cute::C<64>>, TiledMMA=cute::TiledMMA<cute::MMA_Atom<cute::SM100_MMA_F16BF16_SS<cutlass::half_t, cutlass::half_t, float, 16, 16, cute::UMMA::Major::K, cute::UMMA::Major::K, cute::UMMA::ScaleIn::One, cute::UMMA::ScaleIn::One>>, cute::Layout<cute::tuple<cute::_1, cute::_1, cute::_1>, cute::tuple<cute::C<0>, cute::C<0>, cute::C<0>>>, cute::tuple<cute::Underscore, cute::Underscore, cute::Underscore>>, ClusterShape_MNK=cute::tuple<cute::_1, cute::_1, cute::_1>, Alpha=float, Beta=float]" at line 462
            instantiation of "void gemm_host_f16xf16_f32_f32_tnt(const TypeA *, LayoutA, const TypeB *, LayoutB, const TypeC *, LayoutC, TypeD *, LayoutD, Alpha, Beta) [with TypeA=cutlass::half_t, LayoutA=cute::Layout<cute::tuple<int, int>, cute::tuple<int, cute::C<1>>>, TypeB=cutlass::half_t, LayoutB=cute::Layout<cute::tuple<int, int>, cute::tuple<int, cute::C<1>>>, TypeC=float, LayoutC=cute::Layout<cute::tuple<int, int>, cute::tuple<int, cute::C<1>>>, TypeD=float, LayoutD=cute::Layout<cute::tuple<int, int>, cute::tuple<int, cute::C<1>>>, Alpha=float, Beta=float]" at line 578

/home/lcpu/10578328/c1_tcgen05_m16.36d5lj/01_mma_sm100.cu(312): error: cannot deduce class template arguments
    Tensor tDgD = thr_t2r_copy.partition_D(tCgD);
    ^
          detected during:
            instantiation of "void gemm_device<SharedStorage,ATensor,BTensor,CTensor,DTensor,MmaTiler_MNK,TiledMMA,ClusterShape_MNK,Alpha,Beta>(ATensor, BTensor, CTensor, DTensor, MmaTiler_MNK, TiledMMA, ClusterShape_MNK, Alpha, Beta) [with SharedStorage=SharedStorage<cutlass::half_t, cutlass::half_t, cute::ComposedLayout<cute::Swizzle<3, 4, 3>, cute::smem_ptr_flag_bits<16>, cute::Layout<cute::tuple<cute::tuple<cute::C<16>, cute::C<16>>, cute::_1, cute::_4>, cute::tuple<cute::tuple<cute::_64, cute::_1>, cute::C<0>, cute::C<16>>>>, cute::ComposedLayout<cute::Swizzle<3, 4, 3>, cute::smem_ptr_flag_bits<16>, cute::Layout<cute::tuple<cute::tuple<cute::C<16>, cute::C<16>>, cute::_1, cute::_4>, cute::tuple<cute::tuple<cute::_64, cute::_1>, cute::C<0>, cute::C<16>>>>>, ATensor=cute::Tensor<cute::ViewEngine<cute::gmem_ptr<const cutlass::half_t *>>, cute::Layout<cute::tuple<int, int>, cute::tuple<int, cute::C<1>>>>, BTensor=cute::Tensor<cute::ViewEngine<cute::gmem_ptr<const cutlass::half_t *>>, cute::Layout<cute::tuple<int, int>, cute::tuple<int, cute::C<1>>>>, CTensor=cute::Tensor<cute::ViewEngine<cute::gmem_ptr<const float *>>, cute::Layout<cute::tuple<int, int>, cute::tuple<int, cute::C<1>>>>, DTensor=cute::Tensor<cute::ViewEngine<cute::gmem_ptr<float *>>, cute::Layout<cute::tuple<int, int>, cute::tuple<int, cute::C<1>>>>, MmaTiler_MNK=cute::tuple<cute::C<16>, cute::C<16>, cute::C<64>>, TiledMMA=cute::TiledMMA<cute::MMA_Atom<cute::SM100_MMA_F16BF16_SS<cutlass::half_t, cutlass::half_t, float, 16, 16, cute::UMMA::Major::K, cute::UMMA::Major::K, cute::UMMA::ScaleIn::One, cute::UMMA::ScaleIn::One>>, cute::Layout<cute::tuple<cute::_1, cute::_1, cute::_1>, cute::tuple<cute::C<0>, cute::C<0>, cute::C<0>>>, cute::tuple<cute::Underscore, cute::Underscore, cute::Underscore>>, ClusterShape_MNK=cute::tuple<cute::_1, cute::_1, cute::_1>, Alpha=float, Beta=float]" at line 462
            instantiation of "void gemm_host_f16xf16_f32_f32_tnt(const TypeA *, LayoutA, const TypeB *, LayoutB, const TypeC *, LayoutC, TypeD *, LayoutD, Alpha, Beta) [with TypeA=cutlass::half_t, LayoutA=cute::Layout<cute::tuple<int, int>, cute::tuple<int, cute::C<1>>>, TypeB=cutlass::half_t, LayoutB=cute::Layout<cute::tuple<int, int>, cute::tuple<int, cute::C<1>>>, TypeC=float, LayoutC=cute::Layout<cute::tuple<int, int>, cute::tuple<int, cute::C<1>>>, TypeD=float, LayoutD=cute::Layout<cute::tuple<int, int>, cute::tuple<int, cute::C<1>>>, Alpha=float, Beta=float]" at line 578

/home/lcpu/10578328/c1_tcgen05_m16.36d5lj/01_mma_sm100.cu(314): error: no instance of constructor "Tensor" matches the argument list
            argument types are: (<error-type>)
    Tensor tDrAcc = make_tensor<AccType>(shape(tDgD));
           ^
          detected during:
            instantiation of "void gemm_device<SharedStorage,ATensor,BTensor,CTensor,DTensor,MmaTiler_MNK,TiledMMA,ClusterShape_MNK,Alpha,Beta>(ATensor, BTensor, CTensor, DTensor, MmaTiler_MNK, TiledMMA, ClusterShape_MNK, Alpha, Beta) [with SharedStorage=SharedStorage<cutlass::half_t, cutlass::half_t, cute::ComposedLayout<cute::Swizzle<3, 4, 3>, cute::smem_ptr_flag_bits<16>, cute::Layout<cute::tuple<cute::tuple<cute::C<16>, cute::C<16>>, cute::_1, cute::_4>, cute::tuple<cute::tuple<cute::_64, cute::_1>, cute::C<0>, cute::C<16>>>>, cute::ComposedLayout<cute::Swizzle<3, 4, 3>, cute::smem_ptr_flag_bits<16>, cute::Layout<cute::tuple<cute::tuple<cute::C<16>, cute::C<16>>, cute::_1, cute::_4>, cute::tuple<cute::tuple<cute::_64, cute::_1>, cute::C<0>, cute::C<16>>>>>, ATensor=cute::Tensor<cute::ViewEngine<cute::gmem_ptr<const cutlass::half_t *>>, cute::Layout<cute::tuple<int, int>, cute::tuple<int, cute::C<1>>>>, BTensor=cute::Tensor<cute::ViewEngine<cute::gmem_ptr<const cutlass::half_t *>>, cute::Layout<cute::tuple<int, int>, cute::tuple<int, cute::C<1>>>>, CTensor=cute::Tensor<cute::ViewEngine<cute::gmem_ptr<const float *>>, cute::Layout<cute::tuple<int, int>, cute::tuple<int, cute::C<1>>>>, DTensor=cute::Tensor<cute::ViewEngine<cute::gmem_ptr<float *>>, cute::Layout<cute::tuple<int, int>, cute::tuple<int, cute::C<1>>>>, MmaTiler_MNK=cute::tuple<cute::C<16>, cute::C<16>, cute::C<64>>, TiledMMA=cute::TiledMMA<cute::MMA_Atom<cute::SM100_MMA_F16BF16_SS<cutlass::half_t, cutlass::half_t, float, 16, 16, cute::UMMA::Major::K, cute::UMMA::Major::K, cute::UMMA::ScaleIn::One, cute::UMMA::ScaleIn::One>>, cute::Layout<cute::tuple<cute::_1, cute::_1, cute::_1>, cute::tuple<cute::C<0>, cute::C<0>, cute::C<0>>>, cute::tuple<cute::Underscore, cute::Underscore, cute::Underscore>>, ClusterShape_MNK=cute::tuple<cute::_1, cute::_1, cute::_1>, Alpha=float, Beta=float]" at line 462
            instantiation of "void gemm_host_f16xf16_f32_f32_tnt(const TypeA *, LayoutA, const TypeB *, LayoutB, const TypeC *, LayoutC, TypeD *, LayoutD, Alpha, Beta) [with TypeA=cutlass::half_t, LayoutA=cute::Layout<cute::tuple<int, int>, cute::tuple<int, cute::C<1>>>, TypeB=cutlass::half_t, LayoutB=cute::Layout<cute::tuple<int, int>, cute::tuple<int, cute::C<1>>>, TypeC=float, LayoutC=cute::Layout<cute::tuple<int, int>, cute::tuple<int, cute::C<1>>>, TypeD=float, LayoutD=cute::Layout<cute::tuple<int, int>, cute::tuple<int, cute::C<1>>>, Alpha=float, Beta=float]" at line 578

/home/lcpu/10578328/c1_tcgen05_m16.36d5lj/01_mma_sm100.cu(314): error: cannot deduce class template arguments
    Tensor tDrAcc = make_tensor<AccType>(shape(tDgD));
    ^
          detected during:
            instantiation of "void gemm_device<SharedStorage,ATensor,BTensor,CTensor,DTensor,MmaTiler_MNK,TiledMMA,ClusterShape_MNK,Alpha,Beta>(ATensor, BTensor, CTensor, DTensor, MmaTiler_MNK, TiledMMA, ClusterShape_MNK, Alpha, Beta) [with SharedStorage=SharedStorage<cutlass::half_t, cutlass::half_t, cute::ComposedLayout<cute::Swizzle<3, 4, 3>, cute::smem_ptr_flag_bits<16>, cute::Layout<cute::tuple<cute::tuple<cute::C<16>, cute::C<16>>, cute::_1, cute::_4>, cute::tuple<cute::tuple<cute::_64, cute::_1>, cute::C<0>, cute::C<16>>>>, cute::ComposedLayout<cute::Swizzle<3, 4, 3>, cute::smem_ptr_flag_bits<16>, cute::Layout<cute::tuple<cute::tuple<cute::C<16>, cute::C<16>>, cute::_1, cute::_4>, cute::tuple<cute::tuple<cute::_64, cute::_1>, cute::C<0>, cute::C<16>>>>>, ATensor=cute::Tensor<cute::ViewEngine<cute::gmem_ptr<const cutlass::half_t *>>, cute::Layout<cute::tuple<int, int>, cute::tuple<int, cute::C<1>>>>, BTensor=cute::Tensor<cute::ViewEngine<cute::gmem_ptr<const cutlass::half_t *>>, cute::Layout<cute::tuple<int, int>, cute::tuple<int, cute::C<1>>>>, CTensor=cute::Tensor<cute::ViewEngine<cute::gmem_ptr<const float *>>, cute::Layout<cute::tuple<int, int>, cute::tuple<int, cute::C<1>>>>, DTensor=cute::Tensor<cute::ViewEngine<cute::gmem_ptr<float *>>, cute::Layout<cute::tuple<int, int>, cute::tuple<int, cute::C<1>>>>, MmaTiler_MNK=cute::tuple<cute::C<16>, cute::C<16>, cute::C<64>>, TiledMMA=cute::TiledMMA<cute::MMA_Atom<cute::SM100_MMA_F16BF16_SS<cutlass::half_t, cutlass::half_t, float, 16, 16, cute::UMMA::Major::K, cute::UMMA::Major::K, cute::UMMA::ScaleIn::One, cute::UMMA::ScaleIn::One>>, cute::Layout<cute::tuple<cute::_1, cute::_1, cute::_1>, cute::tuple<cute::C<0>, cute::C<0>, cute::C<0>>>, cute::tuple<cute::Underscore, cute::Underscore, cute::Underscore>>, ClusterShape_MNK=cute::tuple<cute::_1, cute::_1, cute::_1>, Alpha=float, Beta=float]" at line 462
            instantiation of "void gemm_host_f16xf16_f32_f32_tnt(const TypeA *, LayoutA, const TypeB *, LayoutB, const TypeC *, LayoutC, TypeD *, LayoutD, Alpha, Beta) [with TypeA=cutlass::half_t, LayoutA=cute::Layout<cute::tuple<int, int>, cute::tuple<int, cute::C<1>>>, TypeB=cutlass::half_t, LayoutB=cute::Layout<cute::tuple<int, int>, cute::tuple<int, cute::C<1>>>, TypeC=float, LayoutC=cute::Layout<cute::tuple<int, int>, cute::tuple<int, cute::C<1>>>, TypeD=float, LayoutD=cute::Layout<cute::tuple<int, int>, cute::tuple<int, cute::C<1>>>, Alpha=float, Beta=float]" at line 578

/home/lcpu/10578328/c1_tcgen05_m16.36d5lj/01_mma_sm100.cu(316): error: no instance of overloaded function "copy" matches the argument list
            argument types are: (<error-type>, <error-type>, <error-type>)
    copy(tiled_t2r_copy, tDtAcc, tDrAcc);
    ^
/home/lcpu/10578328/wmhpc-training-camp-x-lcpu-ai-infra-seminars/assignment02/team/c1_flashkda/FlashKDA/cutlass/include/cute/algorithm/copy.hpp(173): note #3327-D: candidate function template "cute::copy(const cute::AutoCopyAsync &, const cute::Tensor<SrcEngine, SrcLayout> &, cute::Tensor<DstEngine, DstLayout> &)" failed deduction
  copy(AutoCopyAsync const& cpy,
  ^
/home/lcpu/10578328/wmhpc-training-camp-x-lcpu-ai-infra-seminars/assignment02/team/c1_flashkda/FlashKDA/cutlass/include/cute/algorithm/copy.hpp(189): note #3327-D: candidate function template "cute::copy(const cute::Copy_Atom<CopyArgs...> &, const cute::Tensor<SrcEngine, SrcLayout> &, cute::Tensor<DstEngine, DstLayout> &)" failed deduction
  copy(Copy_Atom<CopyArgs...> const& copy_atom,
  ^
/home/lcpu/10578328/wmhpc-training-camp-x-lcpu-ai-infra-seminars/assignment02/team/c1_flashkda/FlashKDA/cutlass/include/cute/algorithm/copy.hpp(247): note #3327-D: candidate function template "cute::copy(const cute::AutoVectorizingCopyWithAssumedAlignment<MaxVecBits> &, const cute::Tensor<SrcEngine, SrcLayout> &, cute::Tensor<DstEngine, DstLayout> &)" failed deduction
  copy(AutoVectorizingCopyWithAssumedAlignment<MaxVecBits> const&,
  ^
/home/lcpu/10578328/wmhpc-training-camp-x-lcpu-ai-infra-seminars/assignment02/team/c1_flashkda/FlashKDA/cutlass/include/cute/algorithm/copy.hpp(288): note #3327-D: candidate function template "cute::copy(const cute::AutoFilter<CopyOp> &, const cute::Tensor<SrcEngine, SrcLayout> &, cute::Tensor<DstEngine, DstLayout> &)" failed deduction
  copy(AutoFilter<CopyOp> const& copy_op,
  ^
/home/lcpu/10578328/wmhpc-training-camp-x-lcpu-ai-infra-seminars/assignment02/team/c1_flashkda/FlashKDA/cutlass/include/cute/algorithm/copy.hpp(312): note #3322-D: number of parameters of function template "cute::copy(const cute::Tensor<SrcEngine, SrcLayout> &, cute::Tensor<DstEngine, DstLayout> &)" does not match the call
  copy(Tensor<SrcEngine, SrcLayout> const& src,
  ^
/home/lcpu/10578328/wmhpc-training-camp-x-lcpu-ai-infra-seminars/assignment02/team/c1_flashkda/FlashKDA/cutlass/include/cute/algorithm/copy.hpp(350): note #3327-D: candidate function template "cute::copy(const cute::Copy_Atom<cute::AutoVectorizingCopyWithAssumedAlignment<MaxVecBits>, Args...> &, const cute::Tensor<SrcEngine, SrcLayout> &, cute::Tensor<DstEngine, DstLayout> &)" failed deduction
  copy(Copy_Atom<AutoVectorizingCopyWithAssumedAlignment<MaxVecBits>, Args...> const&,
  ^
/home/lcpu/10578328/wmhpc-training-camp-x-lcpu-ai-infra-seminars/assignment02/team/c1_flashkda/FlashKDA/cutlass/include/cute/algorithm/copy.hpp(362): note #3327-D: candidate function template "cute::copy(const cute::Copy_Atom<cute::Copy_Traits<cute::AutoVectorizingCopyWithAssumedAlignment<MaxVecBits>>, Args...> &, const cute::Tensor<SrcEngine, SrcLayout> &, cute::Tensor<DstEngine, DstLayout> &)" failed deduction
  copy(Copy_Atom<Copy_Traits<AutoVectorizingCopyWithAssumedAlignment<MaxVecBits>>, Args...> const&,
  ^
/home/lcpu/10578328/wmhpc-training-camp-x-lcpu-ai-infra-seminars/assignment02/team/c1_flashkda/FlashKDA/cutlass/include/cute/algorithm/copy.hpp(375): note #3327-D: candidate function template "cute::copy(const cute::Copy_Traits<cute::SM90_BULK_COPY_AUTO, CT_Args...> &, const cute::Tensor<SrcEngine, SrcLayout> &, cute::Tensor<DstEngine, DstLayout> &)" failed deduction
  copy(Copy_Traits<SM90_BULK_COPY_AUTO, CT_Args...> const& atom,
  ^
/home/lcpu/10578328/wmhpc-training-camp-x-lcpu-ai-infra-seminars/assignment02/team/c1_flashkda/FlashKDA/cutlass/include/cute/algorithm/copy.hpp(408): note #3327-D: candidate function template "cute::copy(const cute::Copy_Atom<cute::Copy_Traits<cute::SM90_BULK_COPY_AUTO, CT_Args...>, CA_Args...> &, const cute::Tensor<SrcEngine, SrcLayout> &, cute::Tensor<DstEngine, DstLayout> &)" failed deduction
  copy(Copy_Atom<Copy_Traits<SM90_BULK_COPY_AUTO, CT_Args...>, CA_Args...> const& atom,
  ^
/home/lcpu/10578328/wmhpc-training-camp-x-lcpu-ai-infra-seminars/assignment02/team/c1_flashkda/FlashKDA/cutlass/include/cute/algorithm/copy.hpp(439): note #3327-D: candidate function template "cute::copy(const cute::TiledCopy<CopyAtom, TV, Tiler> &, const cute::Tensor<SrcEngine, SrcLayout> &, cute::Tensor<DstEngine, DstLayout> &)" failed deduction
  copy(TiledCopy<CopyAtom, TV, Tiler> const& tiled_copy,
  ^
/home/lcpu/10578328/wmhpc-training-camp-x-lcpu-ai-infra-seminars/assignment02/team/c1_flashkda/FlashKDA/cutlass/include/cute/algorithm/copy.hpp(462): note #3327-D: candidate function template "cute::copy(const cute::ThrCopy<TiledCopy, ThrIdx> &, const cute::Tensor<SrcEngine, SrcLayout> &, cute::Tensor<DstEngine, DstLayout> &)" failed deduction
  copy(ThrCopy<TiledCopy, ThrIdx> const& thr_copy,
  ^
/home/lcpu/10578328/wmhpc-training-camp-x-lcpu-ai-infra-seminars/assignment02/team/c1_flashkda/FlashKDA/cutlass/include/cute/algorithm/copy.hpp(489): note #3327-D: candidate function template "cute::copy(const CopyPolicy &, const cute::Tensor<SrcEngine, SrcLayout> &, cute::Tensor<DstEngine, DstLayout> &)" failed deduction
  copy(CopyPolicy const& cpy,
  ^
/home/lcpu/10578328/wmhpc-training-camp-x-lcpu-ai-infra-seminars/assignment02/team/c1_flashkda/FlashKDA/cutlass/include/cute/algorithm/copy.hpp(530): note #3322-D: number of parameters of function template "cute::copy(const cute::Tensor<SrcEngine, SrcLayout> &, cute::Tensor<DstEngine, DstLayout> &&)" does not match the call
  copy(Tensor<SrcEngine, SrcLayout> const& src,
  ^
/home/lcpu/10578328/wmhpc-training-camp-x-lcpu-ai-infra-seminars/assignment02/team/c1_flashkda/FlashKDA/cutlass/include/cute/algorithm/copy.hpp(541): note #3327-D: candidate function template "cute::copy(const CopyPolicy &, const cute::Tensor<SrcEngine, SrcLayout> &, cute::Tensor<DstEngine, DstLayout> &&)" failed deduction
  copy(CopyPolicy const& copy_policy,
  ^
          detected during:
            instantiation of "void gemm_device<SharedStorage,ATensor,BTensor,CTensor,DTensor,MmaTiler_MNK,TiledMMA,ClusterShape_MNK,Alpha,Beta>(ATensor, BTensor, CTensor, DTensor, MmaTiler_MNK, TiledMMA, ClusterShape_MNK, Alpha, Beta) [with SharedStorage=SharedStorage<cutlass::half_t, cutlass::half_t, cute::ComposedLayout<cute::Swizzle<3, 4, 3>, cute::smem_ptr_flag_bits<16>, cute::Layout<cute::tuple<cute::tuple<cute::C<16>, cute::C<16>>, cute::_1, cute::_4>, cute::tuple<cute::tuple<cute::_64, cute::_1>, cute::C<0>, cute::C<16>>>>, cute::ComposedLayout<cute::Swizzle<3, 4, 3>, cute::smem_ptr_flag_bits<16>, cute::Layout<cute::tuple<cute::tuple<cute::C<16>, cute::C<16>>, cute::_1, cute::_4>, cute::tuple<cute::tuple<cute::_64, cute::_1>, cute::C<0>, cute::C<16>>>>>, ATensor=cute::Tensor<cute::ViewEngine<cute::gmem_ptr<const cutlass::half_t *>>, cute::Layout<cute::tuple<int, int>, cute::tuple<int, cute::C<1>>>>, BTensor=cute::Tensor<cute::ViewEngine<cute::gmem_ptr<const cutlass::half_t *>>, cute::Layout<cute::tuple<int, int>, cute::tuple<int, cute::C<1>>>>, CTensor=cute::Tensor<cute::ViewEngine<cute::gmem_ptr<const float *>>, cute::Layout<cute::tuple<int, int>, cute::tuple<int, cute::C<1>>>>, DTensor=cute::Tensor<cute::ViewEngine<cute::gmem_ptr<float *>>, cute::Layout<cute::tuple<int, int>, cute::tuple<int, cute::C<1>>>>, MmaTiler_MNK=cute::tuple<cute::C<16>, cute::C<16>, cute::C<64>>, TiledMMA=cute::TiledMMA<cute::MMA_Atom<cute::SM100_MMA_F16BF16_SS<cutlass::half_t, cutlass::half_t, float, 16, 16, cute::UMMA::Major::K, cute::UMMA::Major::K, cute::UMMA::ScaleIn::One, cute::UMMA::ScaleIn::One>>, cute::Layout<cute::tuple<cute::_1, cute::_1, cute::_1>, cute::tuple<cute::C<0>, cute::C<0>, cute::C<0>>>, cute::tuple<cute::Underscore, cute::Underscore, cute::Underscore>>, ClusterShape_MNK=cute::tuple<cute::_1, cute::_1, cute::_1>, Alpha=float, Beta=float]" at line 462
            instantiation of "void gemm_host_f16xf16_f32_f32_tnt(const TypeA *, LayoutA, const TypeB *, LayoutB, const TypeC *, LayoutC, TypeD *, LayoutD, Alpha, Beta) [with TypeA=cutlass::half_t, LayoutA=cute::Layout<cute::tuple<int, int>, cute::tuple<int, cute::C<1>>>, TypeB=cutlass::half_t, LayoutB=cute::Layout<cute::tuple<int, int>, cute::tuple<int, cute::C<1>>>, TypeC=float, LayoutC=cute::Layout<cute::tuple<int, int>, cute::tuple<int, cute::C<1>>>, TypeD=float, LayoutD=cute::Layout<cute::tuple<int, int>, cute::tuple<int, cute::C<1>>>, Alpha=float, Beta=float]" at line 578

/home/lcpu/10578328/c1_tcgen05_m16.36d5lj/01_mma_sm100.cu(319): error: no instance of overloaded function "axpby" matches the argument list
            argument types are: (float, <error-type>, float, <error-type>)
    axpby(alpha, tDrAcc, beta, tDrC);
    ^
/home/lcpu/10578328/wmhpc-training-camp-x-lcpu-ai-infra-seminars/assignment02/team/c1_flashkda/FlashKDA/cutlass/include/cute/algorithm/axpby.hpp(50): note #3327-D: candidate function template "cute::axpby(const Alpha &, const cute::Tensor<XEngine, XLayout> &, const Beta &, cute::Tensor<YEngine, YLayout> &&, const PrdTensor &)" failed deduction
  axpby(Alpha const& alpha,
  ^
/home/lcpu/10578328/wmhpc-training-camp-x-lcpu-ai-infra-seminars/assignment02/team/c1_flashkda/FlashKDA/cutlass/include/cute/algorithm/axpby.hpp(69): note #3327-D: candidate function template "cute::axpby(const Alpha &, const cute::Tensor<XEngine, XLayout> &, const Beta &, cute::Tensor<YEngine, YLayout> &, const PrdTensor &)" failed deduction
  axpby(Alpha const& alpha,
  ^
          detected during:
            instantiation of "void gemm_device<SharedStorage,ATensor,BTensor,CTensor,DTensor,MmaTiler_MNK,TiledMMA,ClusterShape_MNK,Alpha,Beta>(ATensor, BTensor, CTensor, DTensor, MmaTiler_MNK, TiledMMA, ClusterShape_MNK, Alpha, Beta) [with SharedStorage=SharedStorage<cutlass::half_t, cutlass::half_t, cute::ComposedLayout<cute::Swizzle<3, 4, 3>, cute::smem_ptr_flag_bits<16>, cute::Layout<cute::tuple<cute::tuple<cute::C<16>, cute::C<16>>, cute::_1, cute::_4>, cute::tuple<cute::tuple<cute::_64, cute::_1>, cute::C<0>, cute::C<16>>>>, cute::ComposedLayout<cute::Swizzle<3, 4, 3>, cute::smem_ptr_flag_bits<16>, cute::Layout<cute::tuple<cute::tuple<cute::C<16>, cute::C<16>>, cute::_1, cute::_4>, cute::tuple<cute::tuple<cute::_64, cute::_1>, cute::C<0>, cute::C<16>>>>>, ATensor=cute::Tensor<cute::ViewEngine<cute::gmem_ptr<const cutlass::half_t *>>, cute::Layout<cute::tuple<int, int>, cute::tuple<int, cute::C<1>>>>, BTensor=cute::Tensor<cute::ViewEngine<cute::gmem_ptr<const cutlass::half_t *>>, cute::Layout<cute::tuple<int, int>, cute::tuple<int, cute::C<1>>>>, CTensor=cute::Tensor<cute::ViewEngine<cute::gmem_ptr<const float *>>, cute::Layout<cute::tuple<int, int>, cute::tuple<int, cute::C<1>>>>, DTensor=cute::Tensor<cute::ViewEngine<cute::gmem_ptr<float *>>, cute::Layout<cute::tuple<int, int>, cute::tuple<int, cute::C<1>>>>, MmaTiler_MNK=cute::tuple<cute::C<16>, cute::C<16>, cute::C<64>>, TiledMMA=cute::TiledMMA<cute::MMA_Atom<cute::SM100_MMA_F16BF16_SS<cutlass::half_t, cutlass::half_t, float, 16, 16, cute::UMMA::Major::K, cute::UMMA::Major::K, cute::UMMA::ScaleIn::One, cute::UMMA::ScaleIn::One>>, cute::Layout<cute::tuple<cute::_1, cute::_1, cute::_1>, cute::tuple<cute::C<0>, cute::C<0>, cute::C<0>>>, cute::tuple<cute::Underscore, cute::Underscore, cute::Underscore>>, ClusterShape_MNK=cute::tuple<cute::_1, cute::_1, cute::_1>, Alpha=float, Beta=float]" at line 462
            instantiation of "void gemm_host_f16xf16_f32_f32_tnt(const TypeA *, LayoutA, const TypeB *, LayoutB, const TypeC *, LayoutC, TypeD *, LayoutD, Alpha, Beta) [with TypeA=cutlass::half_t, LayoutA=cute::Layout<cute::tuple<int, int>, cute::tuple<int, cute::C<1>>>, TypeB=cutlass::half_t, LayoutB=cute::Layout<cute::tuple<int, int>, cute::tuple<int, cute::C<1>>>, TypeC=float, LayoutC=cute::Layout<cute::tuple<int, int>, cute::tuple<int, cute::C<1>>>, TypeD=float, LayoutD=cute::Layout<cute::tuple<int, int>, cute::tuple<int, cute::C<1>>>, Alpha=float, Beta=float]" at line 578

/home/lcpu/10578328/c1_tcgen05_m16.36d5lj/01_mma_sm100.cu(321): error: no instance of overloaded function "copy" matches the argument list
            argument types are: (<error-type>, <error-type>)
    copy(tDrC, tDgD);
    ^
/home/lcpu/10578328/wmhpc-training-camp-x-lcpu-ai-infra-seminars/assignment02/team/c1_flashkda/FlashKDA/cutlass/include/cute/algorithm/copy.hpp(173): note #3322-D: number of parameters of function template "cute::copy(const cute::AutoCopyAsync &, const cute::Tensor<SrcEngine, SrcLayout> &, cute::Tensor<DstEngine, DstLayout> &)" does not match the call
  copy(AutoCopyAsync const& cpy,
  ^
/home/lcpu/10578328/wmhpc-training-camp-x-lcpu-ai-infra-seminars/assignment02/team/c1_flashkda/FlashKDA/cutlass/include/cute/algorithm/copy.hpp(189): note #3322-D: number of parameters of function template "cute::copy(const cute::Copy_Atom<CopyArgs...> &, const cute::Tensor<SrcEngine, SrcLayout> &, cute::Tensor<DstEngine, DstLayout> &)" does not match the call
  copy(Copy_Atom<CopyArgs...> const& copy_atom,
  ^
/home/lcpu/10578328/wmhpc-training-camp-x-lcpu-ai-infra-seminars/assignment02/team/c1_flashkda/FlashKDA/cutlass/include/cute/algorithm/copy.hpp(247): note #3322-D: number of parameters of function template "cute::copy(const cute::AutoVectorizingCopyWithAssumedAlignment<MaxVecBits> &, const cute::Tensor<SrcEngine, SrcLayout> &, cute::Tensor<DstEngine, DstLayout> &)" does not match the call
  copy(AutoVectorizingCopyWithAssumedAlignment<MaxVecBits> const&,
  ^
/home/lcpu/10578328/wmhpc-training-camp-x-lcpu-ai-infra-seminars/assignment02/team/c1_flashkda/FlashKDA/cutlass/include/cute/algorithm/copy.hpp(288): note #3322-D: number of parameters of function template "cute::copy(const cute::AutoFilter<CopyOp> &, const cute::Tensor<SrcEngine, SrcLayout> &, cute::Tensor<DstEngine, DstLayout> &)" does not match the call
  copy(AutoFilter<CopyOp> const& copy_op,
  ^
/home/lcpu/10578328/wmhpc-training-camp-x-lcpu-ai-infra-seminars/assignment02/team/c1_flashkda/FlashKDA/cutlass/include/cute/algorithm/copy.hpp(312): note #3327-D: candidate function template "cute::copy(const cute::Tensor<SrcEngine, SrcLayout> &, cute::Tensor<DstEngine, DstLayout> &)" failed deduction
  copy(Tensor<SrcEngine, SrcLayout> const& src,
  ^
/home/lcpu/10578328/wmhpc-training-camp-x-lcpu-ai-infra-seminars/assignment02/team/c1_flashkda/FlashKDA/cutlass/include/cute/algorithm/copy.hpp(350): note #3322-D: number of parameters of function template "cute::copy(const cute::Copy_Atom<cute::AutoVectorizingCopyWithAssumedAlignment<MaxVecBits>, Args...> &, const cute::Tensor<SrcEngine, SrcLayout> &, cute::Tensor<DstEngine, DstLayout> &)" does not match the call
  copy(Copy_Atom<AutoVectorizingCopyWithAssumedAlignment<MaxVecBits>, Args...> const&,
  ^
/home/lcpu/10578328/wmhpc-training-camp-x-lcpu-ai-infra-seminars/assignment02/team/c1_flashkda/FlashKDA/cutlass/include/cute/algorithm/copy.hpp(362): note #3322-D: number of parameters of function template "cute::copy(const cute::Copy_Atom<cute::Copy_Traits<cute::AutoVectorizingCopyWithAssumedAlignment<MaxVecBits>>, Args...> &, const cute::Tensor<SrcEngine, SrcLayout> &, cute::Tensor<DstEngine, DstLayout> &)" does not match the call
  copy(Copy_Atom<Copy_Traits<AutoVectorizingCopyWithAssumedAlignment<MaxVecBits>>, Args...> const&,
  ^
/home/lcpu/10578328/wmhpc-training-camp-x-lcpu-ai-infra-seminars/assignment02/team/c1_flashkda/FlashKDA/cutlass/include/cute/algorithm/copy.hpp(375): note #3322-D: number of parameters of function template "cute::copy(const cute::Copy_Traits<cute::SM90_BULK_COPY_AUTO, CT_Args...> &, const cute::Tensor<SrcEngine, SrcLayout> &, cute::Tensor<DstEngine, DstLayout> &)" does not match the call
  copy(Copy_Traits<SM90_BULK_COPY_AUTO, CT_Args...> const& atom,
  ^
/home/lcpu/10578328/wmhpc-training-camp-x-lcpu-ai-infra-seminars/assignment02/team/c1_flashkda/FlashKDA/cutlass/include/cute/algorithm/copy.hpp(408): note #3322-D: number of parameters of function template "cute::copy(const cute::Copy_Atom<cute::Copy_Traits<cute::SM90_BULK_COPY_AUTO, CT_Args...>, CA_Args...> &, const cute::Tensor<SrcEngine, SrcLayout> &, cute::Tensor<DstEngine, DstLayout> &)" does not match the call
  copy(Copy_Atom<Copy_Traits<SM90_BULK_COPY_AUTO, CT_Args...>, CA_Args...> const& atom,
  ^
/home/lcpu/10578328/wmhpc-training-camp-x-lcpu-ai-infra-seminars/assignment02/team/c1_flashkda/FlashKDA/cutlass/include/cute/algorithm/copy.hpp(439): note #3322-D: number of parameters of function template "cute::copy(const cute::TiledCopy<CopyAtom, TV, Tiler> &, const cute::Tensor<SrcEngine, SrcLayout> &, cute::Tensor<DstEngine, DstLayout> &)" does not match the call
  copy(TiledCopy<CopyAtom, TV, Tiler> const& tiled_copy,
  ^
/home/lcpu/10578328/wmhpc-training-camp-x-lcpu-ai-infra-seminars/assignment02/team/c1_flashkda/FlashKDA/cutlass/include/cute/algorithm/copy.hpp(462): note #3322-D: number of parameters of function template "cute::copy(const cute::ThrCopy<TiledCopy, ThrIdx> &, const cute::Tensor<SrcEngine, SrcLayout> &, cute::Tensor<DstEngine, DstLayout> &)" does not match the call
  copy(ThrCopy<TiledCopy, ThrIdx> const& thr_copy,
  ^
/home/lcpu/10578328/wmhpc-training-camp-x-lcpu-ai-infra-seminars/assignment02/team/c1_flashkda/FlashKDA/cutlass/include/cute/algorithm/copy.hpp(489): note #3322-D: number of parameters of function template "cute::copy(const CopyPolicy &, const cute::Tensor<SrcEngine, SrcLayout> &, cute::Tensor<DstEngine, DstLayout> &)" does not match the call
  copy(CopyPolicy const& cpy,
  ^
/home/lcpu/10578328/wmhpc-training-camp-x-lcpu-ai-infra-seminars/assignment02/team/c1_flashkda/FlashKDA/cutlass/include/cute/algorithm/copy.hpp(530): note #3327-D: candidate function template "cute::copy(const cute::Tensor<SrcEngine, SrcLayout> &, cute::Tensor<DstEngine, DstLayout> &&)" failed deduction
  copy(Tensor<SrcEngine, SrcLayout> const& src,
  ^
/home/lcpu/10578328/wmhpc-training-camp-x-lcpu-ai-infra-seminars/assignment02/team/c1_flashkda/FlashKDA/cutlass/include/cute/algorithm/copy.hpp(541): note #3322-D: number of parameters of function template "cute::copy(const CopyPolicy &, const cute::Tensor<SrcEngine, SrcLayout> &, cute::Tensor<DstEngine, DstLayout> &&)" does not match the call
  copy(CopyPolicy const& copy_policy,
  ^
          detected during:
            instantiation of "void gemm_device<SharedStorage,ATensor,BTensor,CTensor,DTensor,MmaTiler_MNK,TiledMMA,ClusterShape_MNK,Alpha,Beta>(ATensor, BTensor, CTensor, DTensor, MmaTiler_MNK, TiledMMA, ClusterShape_MNK, Alpha, Beta) [with SharedStorage=SharedStorage<cutlass::half_t, cutlass::half_t, cute::ComposedLayout<cute::Swizzle<3, 4, 3>, cute::smem_ptr_flag_bits<16>, cute::Layout<cute::tuple<cute::tuple<cute::C<16>, cute::C<16>>, cute::_1, cute::_4>, cute::tuple<cute::tuple<cute::_64, cute::_1>, cute::C<0>, cute::C<16>>>>, cute::ComposedLayout<cute::Swizzle<3, 4, 3>, cute::smem_ptr_flag_bits<16>, cute::Layout<cute::tuple<cute::tuple<cute::C<16>, cute::C<16>>, cute::_1, cute::_4>, cute::tuple<cute::tuple<cute::_64, cute::_1>, cute::C<0>, cute::C<16>>>>>, ATensor=cute::Tensor<cute::ViewEngine<cute::gmem_ptr<const cutlass::half_t *>>, cute::Layout<cute::tuple<int, int>, cute::tuple<int, cute::C<1>>>>, BTensor=cute::Tensor<cute::ViewEngine<cute::gmem_ptr<const cutlass::half_t *>>, cute::Layout<cute::tuple<int, int>, cute::tuple<int, cute::C<1>>>>, CTensor=cute::Tensor<cute::ViewEngine<cute::gmem_ptr<const float *>>, cute::Layout<cute::tuple<int, int>, cute::tuple<int, cute::C<1>>>>, DTensor=cute::Tensor<cute::ViewEngine<cute::gmem_ptr<float *>>, cute::Layout<cute::tuple<int, int>, cute::tuple<int, cute::C<1>>>>, MmaTiler_MNK=cute::tuple<cute::C<16>, cute::C<16>, cute::C<64>>, TiledMMA=cute::TiledMMA<cute::MMA_Atom<cute::SM100_MMA_F16BF16_SS<cutlass::half_t, cutlass::half_t, float, 16, 16, cute::UMMA::Major::K, cute::UMMA::Major::K, cute::UMMA::ScaleIn::One, cute::UMMA::ScaleIn::One>>, cute::Layout<cute::tuple<cute::_1, cute::_1, cute::_1>, cute::tuple<cute::C<0>, cute::C<0>, cute::C<0>>>, cute::tuple<cute::Underscore, cute::Underscore, cute::Underscore>>, ClusterShape_MNK=cute::tuple<cute::_1, cute::_1, cute::_1>, Alpha=float, Beta=float]" at line 462
            instantiation of "void gemm_host_f16xf16_f32_f32_tnt(const TypeA *, LayoutA, const TypeB *, LayoutB, const TypeC *, LayoutC, TypeD *, LayoutD, Alpha, Beta) [with TypeA=cutlass::half_t, LayoutA=cute::Layout<cute::tuple<int, int>, cute::tuple<int, cute::C<1>>>, TypeB=cutlass::half_t, LayoutB=cute::Layout<cute::tuple<int, int>, cute::tuple<int, cute::C<1>>>, TypeC=float, LayoutC=cute::Layout<cute::tuple<int, int>, cute::tuple<int, cute::C<1>>>, TypeD=float, LayoutD=cute::Layout<cute::tuple<int, int>, cute::tuple<int, cute::C<1>>>, Alpha=float, Beta=float]" at line 578

25 errors detected in the compilation of "/home/lcpu/10578328/c1_tcgen05_m16.36d5lj/01_mma_sm100.cu".
srun: error: dev-slurm: task 0: Exited with exit code 1
