BASE
bench_iters=100 bench_warmup=20 bench_total_ms=2.33005 bench_iter_ms=0.0233005
Matrix A: 512x64 of half_t
Matrix B: 1024x64 of half_t
Matrix C: 512x1024 of float
Infinity norm of A: 4.600000e+01
Infinity norm of B: 4.400000e+01
Infinity norm of C: 3.983000e+03
Infinity norm of (C - C_ref): 0.000000e+00
Relative error: 0.000000e+00
Execution is successful.
DIRECT
bench_iters=100 bench_warmup=20 bench_total_ms=2.31078 bench_iter_ms=0.0231078
Matrix A: 512x64 of half_t
Matrix B: 1024x64 of half_t
Matrix C: 512x1024 of float
Infinity norm of A: 4.600000e+01
Infinity norm of B: 4.400000e+01
Infinity norm of C: 3.983000e+03
Infinity norm of (C - C_ref): 0.000000e+00
Relative error: 0.000000e+00
Execution is successful.
