srun: job 23234 queued and waiting for resources
srun: job 23234 has been allocated resources
host_tensor_A:	ptr[16b](0x569368b4ac40) o (128,64):(64,_1)
host_tensor_B:	ptr[16b](0x569368b010c0) o (256,64):(64,_1)
host_tensor_C:	ptr[32b](0x569368b77cd0) o (128,256):(256,_1)
Running for problem shape (MxNxK): 128x256x64
TiledMMA
  ThrLayoutVMNK:  (_1,_1,_1,_1):(_0,_0,_0,_0)
  PermutationMNK: (_,_,_)
MMA_Atom
  ThrID:      _1:_0
  Shape_MNK:  (_128,_256,_16)
  LayoutA_TV: (_1,(_128,_16)):(_0,(_1,_128))
  LayoutB_TV: (_1,(_256,_16)):(_0,(_1,_256))
  LayoutC_TV: (_1,(_128,_256)):(_0,(_1,_128))
mma_shape_A:	((_128,_16),_1,_4)
mma_shape_B:	((_256,_16),_1,_4)
sA_layout:	Sw<3,4,3> o smem_ptr[16b](unset) o ((_128,_16),_1,_4):((_64,_1),_0,_16)
sB_layout:	Sw<3,4,3> o smem_ptr[16b](unset) o ((_256,_16),_1,_4):((_64,_1),_0,_16)
Grid launched: 1, 1, 1
Cluster launched: 1, 1, 1
mA:	gmem_ptr[16b](0x7c0315020000) o (128,64):(64,_1)
mB:	gmem_ptr[16b](0x7c0315024000) o (256,64):(64,_1)
mC:	gmem_ptr[32b](0x7c031502c000) o (128,256):(256,_1)
mD:	gmem_ptr[32b](0x7c0315000000) o (128,256):(256,_1)
gA:	gmem_ptr[16b](0x7c0315020000) o (_128,_64,1):(64,_1,_64)
gB:	gmem_ptr[16b](0x7c0315024000) o (_256,_64,1):(64,_1,_64)
gC:	gmem_ptr[32b](0x7c031502c000) o (_128,_256):(256,_1)
gD:	gmem_ptr[32b](0x7c0315000000) o (_128,_256):(256,_1)
tCgA:	gmem_ptr[16b](0x7c0315020000) o ((_128,_16),_1,_4,1):((64,_1),_0,_16,_64)
tCgB:	gmem_ptr[16b](0x7c0315024000) o ((_256,_16),_1,_4,1):((64,_1),_0,_16,_64)
tCgC:	gmem_ptr[32b](0x7c031502c000) o ((_128,_256),_1,_1):((256,_1),_0,_0)
tCgD:	gmem_ptr[32b](0x7c0315000000) o ((_128,_256),_1,_1):((256,_1),_0,_0)
tCsA:	Sw<3,4,3>_smem_ptr[16b](0x7c0400000400) o ((_128,_16),_1,_4):((_64,_1),_0,_16)
tCsB:	Sw<3,4,3>_smem_ptr[16b](0x7c0400004400) o ((_256,_16),_1,_4):((_64,_1),_0,_16)
tCrA:	UMMA::DescriptorIterator o (_1,_1,_4):(_0,_0,_2)
tCrB:	UMMA::DescriptorIterator o (_1,_1,_4):(_0,_0,_2)
tCtAcc:	tmem_[32b](0x0000.0000) o ((_128,_256),_1,_1):((_65536,_1),_0,_0)
Matrix A: 128x64 of half_t
Matrix B: 256x64 of half_t
Matrix C: 128x256 of float
Infinity norm of A: 4.500000e+01
Infinity norm of B: 4.600000e+01
Infinity norm of C: 9.900000e+02
Infinity norm of (C - C_ref): 0.000000e+00
Relative error: 0.000000e+00
Execution is successful.
