ptxas info    : 45 bytes gmem
ptxas info    : Compiling entry function '_ZN3cub18CUB_300001_SM_10306detail8for_each13static_kernelINS2_12policy_hub_t12policy_500_tEmN6thrust24THRUST_300001_SM_1030_NS8cuda_cub20__uninitialized_fill7functorINS7_10device_ptrIfEEfEEEEvT0_T1_' for 'sm_103a'
ptxas info    : Function properties for _ZN3cub18CUB_300001_SM_10306detail8for_each13static_kernelINS2_12policy_hub_t12policy_500_tEmN6thrust24THRUST_300001_SM_1030_NS8cuda_cub20__uninitialized_fill7functorINS7_10device_ptrIfEEfEEEEvT0_T1_
    0 bytes stack frame, 0 bytes spill stores, 0 bytes spill loads
ptxas info    : Used 8 registers, used 0 barriers
ptxas info    : Compile time = 2.745 ms
ptxas info    : Compiling entry function '_ZN3cub18CUB_300001_SM_10306detail11EmptyKernelIvEEvv' for 'sm_103a'
ptxas info    : Function properties for _ZN3cub18CUB_300001_SM_10306detail11EmptyKernelIvEEvv
    0 bytes stack frame, 0 bytes spill stores, 0 bytes spill loads
ptxas info    : Used 4 registers, used 0 barriers
ptxas info    : Compile time = 0.405 ms
ptxas info    : Compiling entry function '_Z11gemm_deviceI13SharedStorageIN7cutlass10bfloat16_tES2_N4cute14ComposedLayoutINS3_7SwizzleILi1ELi4ELi3EEENS3_18smem_ptr_flag_bitsILi16EEENS3_6LayoutINS3_5tupleIJNSA_IJNS3_1CILi128EEENSB_ILi16EEEEEENSB_ILi1EEESF_EEENSA_IJNSA_IJSD_SF_EEENSB_ILi0EEESI_EEEEEEESL_ENS3_6TensorINS3_10ViewEngineINS3_8gmem_ptrIPKS2_EEEENS9_INSA_IJiiEEENSA_IJiSF_EEEEEEESX_NSN_INSO_INSP_IPKfEEEESW_EENSN_INSO_INSP_IPfEEEESW_EENSA_IJSC_SC_SD_EEENS3_8TiledMMAINS3_8MMA_AtomIJNS3_20SM100_MMA_F16BF16_SSIS2_S2_fLi128ELi128ELNS3_4UMMA5MajorE0ELS1C_0ELNS1B_7ScaleInE0ELS1D_0EEEEEENS9_INSA_IJSF_SF_SF_EEENSA_IJSI_SI_SI_EEEEENSA_IJNS3_10UnderscoreES1J_S1J_EEEEES1G_SF_SI_EvT0_T1_T2_T3_T4_T5_T6_T7_T8_' for 'sm_103a'
ptxas info    : Function properties for _Z11gemm_deviceI13SharedStorageIN7cutlass10bfloat16_tES2_N4cute14ComposedLayoutINS3_7SwizzleILi1ELi4ELi3EEENS3_18smem_ptr_flag_bitsILi16EEENS3_6LayoutINS3_5tupleIJNSA_IJNS3_1CILi128EEENSB_ILi16EEEEEENSB_ILi1EEESF_EEENSA_IJNSA_IJSD_SF_EEENSB_ILi0EEESI_EEEEEEESL_ENS3_6TensorINS3_10ViewEngineINS3_8gmem_ptrIPKS2_EEEENS9_INSA_IJiiEEENSA_IJiSF_EEEEEEESX_NSN_INSO_INSP_IPKfEEEESW_EENSN_INSO_INSP_IPfEEEESW_EENSA_IJSC_SC_SD_EEENS3_8TiledMMAINS3_8MMA_AtomIJNS3_20SM100_MMA_F16BF16_SSIS2_S2_fLi128ELi128ELNS3_4UMMA5MajorE0ELS1C_0ELNS1B_7ScaleInE0ELS1D_0EEEEEENS9_INSA_IJSF_SF_SF_EEENSA_IJSI_SI_SI_EEEEENSA_IJNS3_10UnderscoreES1J_S1J_EEEEES1G_SF_SI_EvT0_T1_T2_T3_T4_T5_T6_T7_T8_
    0 bytes stack frame, 0 bytes spill stores, 0 bytes spill loads
ptxas info    : Used 106 registers, used 1 barriers
ptxas info    : Compile time = 24.864 ms
ptxas info    : Compiling entry function '_Z11gemm_deviceI13SharedStorageIN7cutlass6half_tES2_N4cute14ComposedLayoutINS3_7SwizzleILi1ELi4ELi3EEENS3_18smem_ptr_flag_bitsILi16EEENS3_6LayoutINS3_5tupleIJNSA_IJNS3_1CILi128EEENSB_ILi16EEEEEENSB_ILi1EEESF_EEENSA_IJNSA_IJSD_SF_EEENSB_ILi0EEESI_EEEEEEESL_ENS3_6TensorINS3_10ViewEngineINS3_8gmem_ptrIPKS2_EEEENS9_INSA_IJiiEEENSA_IJiSF_EEEEEEESX_NSN_INSO_INSP_IPKfEEEESW_EENSN_INSO_INSP_IPfEEEESW_EENSA_IJSC_SC_SD_EEENS3_8TiledMMAINS3_8MMA_AtomIJNS3_20SM100_MMA_F16BF16_SSIS2_S2_fLi128ELi128ELNS3_4UMMA5MajorE0ELS1C_0ELNS1B_7ScaleInE0ELS1D_0EEEEEENS9_INSA_IJSF_SF_SF_EEENSA_IJSI_SI_SI_EEEEENSA_IJNS3_10UnderscoreES1J_S1J_EEEEES1G_ffEvT0_T1_T2_T3_T4_T5_T6_T7_T8_' for 'sm_103a'
ptxas info    : Function properties for _Z11gemm_deviceI13SharedStorageIN7cutlass6half_tES2_N4cute14ComposedLayoutINS3_7SwizzleILi1ELi4ELi3EEENS3_18smem_ptr_flag_bitsILi16EEENS3_6LayoutINS3_5tupleIJNSA_IJNS3_1CILi128EEENSB_ILi16EEEEEENSB_ILi1EEESF_EEENSA_IJNSA_IJSD_SF_EEENSB_ILi0EEESI_EEEEEEESL_ENS3_6TensorINS3_10ViewEngineINS3_8gmem_ptrIPKS2_EEEENS9_INSA_IJiiEEENSA_IJiSF_EEEEEEESX_NSN_INSO_INSP_IPKfEEEESW_EENSN_INSO_INSP_IPfEEEESW_EENSA_IJSC_SC_SD_EEENS3_8TiledMMAINS3_8MMA_AtomIJNS3_20SM100_MMA_F16BF16_SSIS2_S2_fLi128ELi128ELNS3_4UMMA5MajorE0ELS1C_0ELNS1B_7ScaleInE0ELS1D_0EEEEEENS9_INSA_IJSF_SF_SF_EEENSA_IJSI_SI_SI_EEEEENSA_IJNS3_10UnderscoreES1J_S1J_EEEEES1G_ffEvT0_T1_T2_T3_T4_T5_T6_T7_T8_
    0 bytes stack frame, 0 bytes spill stores, 0 bytes spill loads
ptxas info    : Used 168 registers, used 1 barriers
ptxas info    : Compile time = 39.187 ms
ptxas info    : Compiling entry function '_Z15sm80_state_gemmPKN7cutlass10bfloat16_tES2_Pf' for 'sm_103a'
ptxas info    : Function properties for _Z15sm80_state_gemmPKN7cutlass10bfloat16_tES2_Pf
    0 bytes stack frame, 0 bytes spill stores, 0 bytes spill loads
ptxas info    : Used 40 registers, used 1 barriers, 8192 bytes smem
ptxas info    : Compile time = 5.683 ms
