Rc files read:
  /home/huang/.config/latexmk/latexmkrc
Latexmk: This is Latexmk, John Collins, 15 June 2025. Version 4.87.
Latexmk: applying rule 'xelatex'...
Rule 'xelatex':  Reasons for rerun
Changed files or newly in use/created:
  C1_R20_EXECUTION_SECTION.tex
Category 'changed_user':
  C1_R20_EXECUTION_SECTION.tex

------------
Run number 1 of rule 'xelatex'
------------
------------
Running 'xelatex -synctex=1 -no-pdf -interaction=nonstopmode -halt-on-error -recorder  "C1_EXPERIMENT_RECORD.tex"'
------------
This is XeTeX, Version 3.141592653-2.6-0.999997 (TeX Live 2025/nixos.org) (preloaded format=xelatex)
 restricted \write18 enabled.
entering extended mode
(./C1_EXPERIMENT_RECORD.tex
LaTeX2e <2025-11-01>
L3 programming layer <2026-01-19>

(/nix/store/ff99w9369azw8z5njzjs1zs86s18znyq-texlive-2025-r78234-final-env-texm
fdist/tex/latex/ctex/ctexart.cls
(/nix/store/ff99w9369azw8z5njzjs1zs86s18znyq-texlive-2025-r78234-final-env-texm
fdist/tex/latex/ctex/config/ctexbackend.cfg)
(/nix/store/ff99w9369azw8z5njzjs1zs86s18znyq-texlive-2025-r78234-final-env-texm
fdist/tex/latex/l3kernel/expl3.sty
(/nix/store/ff99w9369azw8z5njzjs1zs86s18znyq-texlive-2025-r78234-final-env-texm
fdist/tex/latex/l3backend/l3backend-xetex.def))
Document Class: ctexart 2022/07/14 v2.5.10 Chinese adapter for class article (C
TEX)

(/nix/store/ff99w9369azw8z5njzjs1zs86s18znyq-texlive-2025-r78234-final-env-texm
fdist/tex/latex/ctex/ctexhook.sty)
(/nix/store/ff99w9369azw8z5njzjs1zs86s18znyq-texlive-2025-r78234-final-env-texm
fdist/tex/latex/ctex/ctexpatch.sty)
(/nix/store/ff99w9369azw8z5njzjs1zs86s18znyq-texlive-2025-r78234-final-env-texm
fdist/tex/latex/base/fix-cm.sty
(/nix/store/ff99w9369azw8z5njzjs1zs86s18znyq-texlive-2025-r78234-final-env-texm
fdist/tex/latex/base/ts1enc.def))
(/nix/store/ff99w9369azw8z5njzjs1zs86s18znyq-texlive-2025-r78234-final-env-texm
fdist/tex/latex/ctex/config/ctexopts.cfg)
(/nix/store/ff99w9369azw8z5njzjs1zs86s18znyq-texlive-2025-r78234-final-env-texm
fdist/tex/latex/base/article.cls
Document Class: article 2025/01/22 v1.4n Standard LaTeX document class

(/nix/store/ff99w9369azw8z5njzjs1zs86s18znyq-texlive-2025-r78234-final-env-texm
fdist/tex/latex/base/size11.clo))
(/nix/store/ff99w9369azw8z5njzjs1zs86s18znyq-texlive-2025-r78234-final-env-texm
fdist/tex/latex/ctex/engine/ctex-engine-xetex.def
(/nix/store/ff99w9369azw8z5njzjs1zs86s18znyq-texlive-2025-r78234-final-env-texm
fdist/tex/xelatex/xecjk/xeCJK.sty
(/nix/store/ff99w9369azw8z5njzjs1zs86s18znyq-texlive-2025-r78234-final-env-texm
fdist/tex/latex/l3packages/xtemplate/xtemplate.sty)
(/nix/store/ff99w9369azw8z5njzjs1zs86s18znyq-texlive-2025-r78234-final-env-texm
fdist/tex/latex/fontspec/fontspec.sty
(/nix/store/ff99w9369azw8z5njzjs1zs86s18znyq-texlive-2025-r78234-final-env-texm
fdist/tex/latex/l3packages/xparse/xparse.sty)
(/nix/store/ff99w9369azw8z5njzjs1zs86s18znyq-texlive-2025-r78234-final-env-texm
fdist/tex/latex/fontspec/fontspec-xetex.sty
(/nix/store/ff99w9369azw8z5njzjs1zs86s18znyq-texlive-2025-r78234-final-env-texm
fdist/tex/latex/base/fontenc.sty)
(/nix/store/ff99w9369azw8z5njzjs1zs86s18znyq-texlive-2025-r78234-final-env-texm
fdist/tex/latex/fontspec/fontspec.cfg)))
(/nix/store/ff99w9369azw8z5njzjs1zs86s18znyq-texlive-2025-r78234-final-env-texm
fdist/tex/xelatex/xecjk/xeCJK.cfg)))
(/nix/store/ff99w9369azw8z5njzjs1zs86s18znyq-texlive-2025-r78234-final-env-texm
fdist/tex/latex/zhnumber/zhnumber.sty
(/nix/store/ff99w9369azw8z5njzjs1zs86s18znyq-texlive-2025-r78234-final-env-texm
fdist/tex/latex/zhnumber/zhnumber-utf8.cfg))
(/nix/store/ff99w9369azw8z5njzjs1zs86s18znyq-texlive-2025-r78234-final-env-texm
fdist/tex/latex/ctex/scheme/ctex-scheme-chinese-article.def
(/nix/store/ff99w9369azw8z5njzjs1zs86s18znyq-texlive-2025-r78234-final-env-texm
fdist/tex/latex/ctex/config/ctex-name-utf8.cfg)))
(/nix/store/ff99w9369azw8z5njzjs1zs86s18znyq-texlive-2025-r78234-final-env-texm
fdist/tex/latex/ctex/config/ctex.cfg)
(/nix/store/ff99w9369azw8z5njzjs1zs86s18znyq-texlive-2025-r78234-final-env-texm
fdist/tex/latex/geometry/geometry.sty
(/nix/store/ff99w9369azw8z5njzjs1zs86s18znyq-texlive-2025-r78234-final-env-texm
fdist/tex/latex/graphics/keyval.sty)
(/nix/store/ff99w9369azw8z5njzjs1zs86s18znyq-texlive-2025-r78234-final-env-texm
fdist/tex/generic/iftex/ifvtex.sty
(/nix/store/ff99w9369azw8z5njzjs1zs86s18znyq-texlive-2025-r78234-final-env-texm
fdist/tex/generic/iftex/iftex.sty)))
(/nix/store/ff99w9369azw8z5njzjs1zs86s18znyq-texlive-2025-r78234-final-env-texm
fdist/tex/latex/amsmath/amsmath.sty
For additional information on amsmath, use the `?' option.

(/nix/store/ff99w9369azw8z5njzjs1zs86s18znyq-texlive-2025-r78234-final-env-texm
fdist/tex/latex/amsmath/amstext.sty
(/nix/store/ff99w9369azw8z5njzjs1zs86s18znyq-texlive-2025-r78234-final-env-texm
fdist/tex/latex/amsmath/amsgen.sty))
(/nix/store/ff99w9369azw8z5njzjs1zs86s18znyq-texlive-2025-r78234-final-env-texm
fdist/tex/latex/amsmath/amsbsy.sty)
(/nix/store/ff99w9369azw8z5njzjs1zs86s18znyq-texlive-2025-r78234-final-env-texm
fdist/tex/latex/amsmath/amsopn.sty))
(/nix/store/ff99w9369azw8z5njzjs1zs86s18znyq-texlive-2025-r78234-final-env-texm
fdist/tex/latex/amsfonts/amssymb.sty
(/nix/store/ff99w9369azw8z5njzjs1zs86s18znyq-texlive-2025-r78234-final-env-texm
fdist/tex/latex/amsfonts/amsfonts.sty))
(/nix/store/ff99w9369azw8z5njzjs1zs86s18znyq-texlive-2025-r78234-final-env-texm
fdist/tex/latex/booktabs/booktabs.sty)
(/nix/store/ff99w9369azw8z5njzjs1zs86s18znyq-texlive-2025-r78234-final-env-texm
fdist/tex/latex/tools/array.sty)
(/nix/store/ff99w9369azw8z5njzjs1zs86s18znyq-texlive-2025-r78234-final-env-texm
fdist/tex/latex/multirow/multirow.sty)
(/nix/store/ff99w9369azw8z5njzjs1zs86s18znyq-texlive-2025-r78234-final-env-texm
fdist/tex/latex/tools/longtable.sty)
(/nix/store/ff99w9369azw8z5njzjs1zs86s18znyq-texlive-2025-r78234-final-env-texm
fdist/tex/latex/tools/tabularx.sty)
(/nix/store/ff99w9369azw8z5njzjs1zs86s18znyq-texlive-2025-r78234-final-env-texm
fdist/tex/latex/enumitem/enumitem.sty)
(/nix/store/ff99w9369azw8z5njzjs1zs86s18znyq-texlive-2025-r78234-final-env-texm
fdist/tex/latex/xcolor/xcolor.sty
(/nix/store/ff99w9369azw8z5njzjs1zs86s18znyq-texlive-2025-r78234-final-env-texm
fdist/tex/latex/graphics-cfg/color.cfg)
(/nix/store/ff99w9369azw8z5njzjs1zs86s18znyq-texlive-2025-r78234-final-env-texm
fdist/tex/latex/graphics-def/xetex.def)
(/nix/store/ff99w9369azw8z5njzjs1zs86s18znyq-texlive-2025-r78234-final-env-texm
fdist/tex/latex/graphics/mathcolor.ltx))
(/nix/store/ff99w9369azw8z5njzjs1zs86s18znyq-texlive-2025-r78234-final-env-texm
fdist/tex/latex/tcolorbox/tcolorbox.sty
(/nix/store/ff99w9369azw8z5njzjs1zs86s18znyq-texlive-2025-r78234-final-env-texm
fdist/tex/latex/pgf/frontendlayer/tikz.sty
(/nix/store/ff99w9369azw8z5njzjs1zs86s18znyq-texlive-2025-r78234-final-env-texm
fdist/tex/latex/pgf/basiclayer/pgf.sty
(/nix/store/ff99w9369azw8z5njzjs1zs86s18znyq-texlive-2025-r78234-final-env-texm
fdist/tex/latex/pgf/utilities/pgfrcs.sty
(/nix/store/ff99w9369azw8z5njzjs1zs86s18znyq-texlive-2025-r78234-final-env-texm
fdist/tex/generic/pgf/utilities/pgfutil-common.tex)
(/nix/store/ff99w9369azw8z5njzjs1zs86s18znyq-texlive-2025-r78234-final-env-texm
fdist/tex/generic/pgf/utilities/pgfutil-latex.def)
(/nix/store/ff99w9369azw8z5njzjs1zs86s18znyq-texlive-2025-r78234-final-env-texm
fdist/tex/generic/pgf/utilities/pgfrcs.code.tex
(/nix/store/ff99w9369azw8z5njzjs1zs86s18znyq-texlive-2025-r78234-final-env-texm
fdist/tex/generic/pgf/pgf.revision.tex)))
(/nix/store/ff99w9369azw8z5njzjs1zs86s18znyq-texlive-2025-r78234-final-env-texm
fdist/tex/latex/pgf/basiclayer/pgfcore.sty
(/nix/store/ff99w9369azw8z5njzjs1zs86s18znyq-texlive-2025-r78234-final-env-texm
fdist/tex/latex/graphics/graphicx.sty
(/nix/store/ff99w9369azw8z5njzjs1zs86s18znyq-texlive-2025-r78234-final-env-texm
fdist/tex/latex/graphics/graphics.sty
(/nix/store/ff99w9369azw8z5njzjs1zs86s18znyq-texlive-2025-r78234-final-env-texm
fdist/tex/latex/graphics/trig.sty)
(/nix/store/ff99w9369azw8z5njzjs1zs86s18znyq-texlive-2025-r78234-final-env-texm
fdist/tex/latex/graphics-cfg/graphics.cfg)))
(/nix/store/ff99w9369azw8z5njzjs1zs86s18znyq-texlive-2025-r78234-final-env-texm
fdist/tex/latex/pgf/systemlayer/pgfsys.sty
(/nix/store/ff99w9369azw8z5njzjs1zs86s18znyq-texlive-2025-r78234-final-env-texm
fdist/tex/generic/pgf/systemlayer/pgfsys.code.tex
(/nix/store/ff99w9369azw8z5njzjs1zs86s18znyq-texlive-2025-r78234-final-env-texm
fdist/tex/generic/pgf/utilities/pgfkeys.code.tex
(/nix/store/ff99w9369azw8z5njzjs1zs86s18znyq-texlive-2025-r78234-final-env-texm
fdist/tex/generic/pgf/utilities/pgfkeyslibraryfiltered.code.tex))
(/nix/store/ff99w9369azw8z5njzjs1zs86s18znyq-texlive-2025-r78234-final-env-texm
fdist/tex/generic/pgf/systemlayer/pgf.cfg)
(/nix/store/ff99w9369azw8z5njzjs1zs86s18znyq-texlive-2025-r78234-final-env-texm
fdist/tex/generic/pgf/systemlayer/pgfsys-xetex.def
(/nix/store/ff99w9369azw8z5njzjs1zs86s18znyq-texlive-2025-r78234-final-env-texm
fdist/tex/generic/pgf/systemlayer/pgfsys-dvipdfmx.def
(/nix/store/ff99w9369azw8z5njzjs1zs86s18znyq-texlive-2025-r78234-final-env-texm
fdist/tex/generic/pgf/systemlayer/pgfsys-common-pdf.def))))
(/nix/store/ff99w9369azw8z5njzjs1zs86s18znyq-texlive-2025-r78234-final-env-texm
fdist/tex/generic/pgf/systemlayer/pgfsyssoftpath.code.tex)
(/nix/store/ff99w9369azw8z5njzjs1zs86s18znyq-texlive-2025-r78234-final-env-texm
fdist/tex/generic/pgf/systemlayer/pgfsysprotocol.code.tex))
(/nix/store/ff99w9369azw8z5njzjs1zs86s18znyq-texlive-2025-r78234-final-env-texm
fdist/tex/generic/pgf/basiclayer/pgfcore.code.tex
(/nix/store/ff99w9369azw8z5njzjs1zs86s18znyq-texlive-2025-r78234-final-env-texm
fdist/tex/generic/pgf/math/pgfmath.code.tex
(/nix/store/ff99w9369azw8z5njzjs1zs86s18znyq-texlive-2025-r78234-final-env-texm
fdist/tex/generic/pgf/math/pgfmathutil.code.tex)
(/nix/store/ff99w9369azw8z5njzjs1zs86s18znyq-texlive-2025-r78234-final-env-texm
fdist/tex/generic/pgf/math/pgfmathparser.code.tex)
(/nix/store/ff99w9369azw8z5njzjs1zs86s18znyq-texlive-2025-r78234-final-env-texm
fdist/tex/generic/pgf/math/pgfmathfunctions.code.tex)
(/nix/store/ff99w9369azw8z5njzjs1zs86s18znyq-texlive-2025-r78234-final-env-texm
fdist/tex/generic/pgf/math/pgfmathfunctions.basic.code.tex)
(/nix/store/ff99w9369azw8z5njzjs1zs86s18znyq-texlive-2025-r78234-final-env-texm
fdist/tex/generic/pgf/math/pgfmathfunctions.trigonometric.code.tex)
(/nix/store/ff99w9369azw8z5njzjs1zs86s18znyq-texlive-2025-r78234-final-env-texm
fdist/tex/generic/pgf/math/pgfmathfunctions.random.code.tex)
(/nix/store/ff99w9369azw8z5njzjs1zs86s18znyq-texlive-2025-r78234-final-env-texm
fdist/tex/generic/pgf/math/pgfmathfunctions.comparison.code.tex)
(/nix/store/ff99w9369azw8z5njzjs1zs86s18znyq-texlive-2025-r78234-final-env-texm
fdist/tex/generic/pgf/math/pgfmathfunctions.base.code.tex)
(/nix/store/ff99w9369azw8z5njzjs1zs86s18znyq-texlive-2025-r78234-final-env-texm
fdist/tex/generic/pgf/math/pgfmathfunctions.round.code.tex)
(/nix/store/ff99w9369azw8z5njzjs1zs86s18znyq-texlive-2025-r78234-final-env-texm
fdist/tex/generic/pgf/math/pgfmathfunctions.misc.code.tex)
(/nix/store/ff99w9369azw8z5njzjs1zs86s18znyq-texlive-2025-r78234-final-env-texm
fdist/tex/generic/pgf/math/pgfmathfunctions.integerarithmetics.code.tex)
(/nix/store/ff99w9369azw8z5njzjs1zs86s18znyq-texlive-2025-r78234-final-env-texm
fdist/tex/generic/pgf/math/pgfmathcalc.code.tex)
(/nix/store/ff99w9369azw8z5njzjs1zs86s18znyq-texlive-2025-r78234-final-env-texm
fdist/tex/generic/pgf/math/pgfmathfloat.code.tex))
(/nix/store/ff99w9369azw8z5njzjs1zs86s18znyq-texlive-2025-r78234-final-env-texm
fdist/tex/generic/pgf/math/pgfint.code.tex)
(/nix/store/ff99w9369azw8z5njzjs1zs86s18znyq-texlive-2025-r78234-final-env-texm
fdist/tex/generic/pgf/basiclayer/pgfcorepoints.code.tex)
(/nix/store/ff99w9369azw8z5njzjs1zs86s18znyq-texlive-2025-r78234-final-env-texm
fdist/tex/generic/pgf/basiclayer/pgfcorepathconstruct.code.tex)
(/nix/store/ff99w9369azw8z5njzjs1zs86s18znyq-texlive-2025-r78234-final-env-texm
fdist/tex/generic/pgf/basiclayer/pgfcorepathusage.code.tex)
(/nix/store/ff99w9369azw8z5njzjs1zs86s18znyq-texlive-2025-r78234-final-env-texm
fdist/tex/generic/pgf/basiclayer/pgfcorescopes.code.tex)
(/nix/store/ff99w9369azw8z5njzjs1zs86s18znyq-texlive-2025-r78234-final-env-texm
fdist/tex/generic/pgf/basiclayer/pgfcoregraphicstate.code.tex)
(/nix/store/ff99w9369azw8z5njzjs1zs86s18znyq-texlive-2025-r78234-final-env-texm
fdist/tex/generic/pgf/basiclayer/pgfcoretransformations.code.tex)
(/nix/store/ff99w9369azw8z5njzjs1zs86s18znyq-texlive-2025-r78234-final-env-texm
fdist/tex/generic/pgf/basiclayer/pgfcorequick.code.tex)
(/nix/store/ff99w9369azw8z5njzjs1zs86s18znyq-texlive-2025-r78234-final-env-texm
fdist/tex/generic/pgf/basiclayer/pgfcoreobjects.code.tex)
(/nix/store/ff99w9369azw8z5njzjs1zs86s18znyq-texlive-2025-r78234-final-env-texm
fdist/tex/generic/pgf/basiclayer/pgfcorepathprocessing.code.tex)
(/nix/store/ff99w9369azw8z5njzjs1zs86s18znyq-texlive-2025-r78234-final-env-texm
fdist/tex/generic/pgf/basiclayer/pgfcorearrows.code.tex)
(/nix/store/ff99w9369azw8z5njzjs1zs86s18znyq-texlive-2025-r78234-final-env-texm
fdist/tex/generic/pgf/basiclayer/pgfcoreshade.code.tex)
(/nix/store/ff99w9369azw8z5njzjs1zs86s18znyq-texlive-2025-r78234-final-env-texm
fdist/tex/generic/pgf/basiclayer/pgfcoreimage.code.tex)
(/nix/store/ff99w9369azw8z5njzjs1zs86s18znyq-texlive-2025-r78234-final-env-texm
fdist/tex/generic/pgf/basiclayer/pgfcoreexternal.code.tex)
(/nix/store/ff99w9369azw8z5njzjs1zs86s18znyq-texlive-2025-r78234-final-env-texm
fdist/tex/generic/pgf/basiclayer/pgfcorelayers.code.tex)
(/nix/store/ff99w9369azw8z5njzjs1zs86s18znyq-texlive-2025-r78234-final-env-texm
fdist/tex/generic/pgf/basiclayer/pgfcoretransparency.code.tex)
(/nix/store/ff99w9369azw8z5njzjs1zs86s18znyq-texlive-2025-r78234-final-env-texm
fdist/tex/generic/pgf/basiclayer/pgfcorepatterns.code.tex)
(/nix/store/ff99w9369azw8z5njzjs1zs86s18znyq-texlive-2025-r78234-final-env-texm
fdist/tex/generic/pgf/basiclayer/pgfcorerdf.code.tex)))
(/nix/store/ff99w9369azw8z5njzjs1zs86s18znyq-texlive-2025-r78234-final-env-texm
fdist/tex/generic/pgf/modules/pgfmoduleshapes.code.tex)
(/nix/store/ff99w9369azw8z5njzjs1zs86s18znyq-texlive-2025-r78234-final-env-texm
fdist/tex/generic/pgf/modules/pgfmoduleplot.code.tex)
(/nix/store/ff99w9369azw8z5njzjs1zs86s18znyq-texlive-2025-r78234-final-env-texm
fdist/tex/latex/pgf/compatibility/pgfcomp-version-0-65.sty)
(/nix/store/ff99w9369azw8z5njzjs1zs86s18znyq-texlive-2025-r78234-final-env-texm
fdist/tex/latex/pgf/compatibility/pgfcomp-version-1-18.sty))
(/nix/store/ff99w9369azw8z5njzjs1zs86s18znyq-texlive-2025-r78234-final-env-texm
fdist/tex/latex/pgf/utilities/pgffor.sty
(/nix/store/ff99w9369azw8z5njzjs1zs86s18znyq-texlive-2025-r78234-final-env-texm
fdist/tex/latex/pgf/utilities/pgfkeys.sty
(/nix/store/ff99w9369azw8z5njzjs1zs86s18znyq-texlive-2025-r78234-final-env-texm
fdist/tex/generic/pgf/utilities/pgfkeys.code.tex))
(/nix/store/ff99w9369azw8z5njzjs1zs86s18znyq-texlive-2025-r78234-final-env-texm
fdist/tex/latex/pgf/math/pgfmath.sty
(/nix/store/ff99w9369azw8z5njzjs1zs86s18znyq-texlive-2025-r78234-final-env-texm
fdist/tex/generic/pgf/math/pgfmath.code.tex))
(/nix/store/ff99w9369azw8z5njzjs1zs86s18znyq-texlive-2025-r78234-final-env-texm
fdist/tex/generic/pgf/utilities/pgffor.code.tex))
(/nix/store/ff99w9369azw8z5njzjs1zs86s18znyq-texlive-2025-r78234-final-env-texm
fdist/tex/generic/pgf/frontendlayer/tikz/tikz.code.tex
(/nix/store/ff99w9369azw8z5njzjs1zs86s18znyq-texlive-2025-r78234-final-env-texm
fdist/tex/generic/pgf/libraries/pgflibraryplothandlers.code.tex)
(/nix/store/ff99w9369azw8z5njzjs1zs86s18znyq-texlive-2025-r78234-final-env-texm
fdist/tex/generic/pgf/modules/pgfmodulematrix.code.tex)
(/nix/store/ff99w9369azw8z5njzjs1zs86s18znyq-texlive-2025-r78234-final-env-texm
fdist/tex/generic/pgf/frontendlayer/tikz/libraries/tikzlibrarytopaths.code.tex)
))
(/nix/store/ff99w9369azw8z5njzjs1zs86s18znyq-texlive-2025-r78234-final-env-texm
fdist/tex/latex/tools/verbatim.sty)
(/nix/store/ff99w9369azw8z5njzjs1zs86s18znyq-texlive-2025-r78234-final-env-texm
fdist/tex/latex/environ/environ.sty
(/nix/store/ff99w9369azw8z5njzjs1zs86s18znyq-texlive-2025-r78234-final-env-texm
fdist/tex/latex/trimspaces/trimspaces.sty))
(/nix/store/ff99w9369azw8z5njzjs1zs86s18znyq-texlive-2025-r78234-final-env-texm
fdist/tex/latex/etoolbox/etoolbox.sty)
(/nix/store/ff99w9369azw8z5njzjs1zs86s18znyq-texlive-2025-r78234-final-env-texm
fdist/tex/latex/tcolorbox/tcbraster.code.tex
Library (tcolorbox): 'tcbraster.code.tex' version '6.9.0'
)
(/nix/store/ff99w9369azw8z5njzjs1zs86s18znyq-texlive-2025-r78234-final-env-texm
fdist/tex/latex/tcolorbox/tcbskins.code.tex
Library (tcolorbox): 'tcbskins.code.tex' version '6.9.0'

(/nix/store/ff99w9369azw8z5njzjs1zs86s18znyq-texlive-2025-r78234-final-env-texm
fdist/tex/latex/tikzfill/tikzfill.image.sty
(/nix/store/ff99w9369azw8z5njzjs1zs86s18znyq-texlive-2025-r78234-final-env-texm
fdist/tex/latex/tikzfill/tikzfill-common.sty)
(/nix/store/ff99w9369azw8z5njzjs1zs86s18znyq-texlive-2025-r78234-final-env-texm
fdist/tex/latex/tikzfill/tikzlibraryfill.image.code.tex))
(/nix/store/ff99w9369azw8z5njzjs1zs86s18znyq-texlive-2025-r78234-final-env-texm
fdist/tex/latex/tcolorbox/tcbskinsjigsaw.code.tex
Library (tcolorbox): 'tcbskinsjigsaw.code.tex' version '6.9.0'
))
(/nix/store/ff99w9369azw8z5njzjs1zs86s18znyq-texlive-2025-r78234-final-env-texm
fdist/tex/latex/tcolorbox/tcbbreakable.code.tex
Library (tcolorbox): 'tcbbreakable.code.tex' version '6.9.0'

(/nix/store/ff99w9369azw8z5njzjs1zs86s18znyq-texlive-2025-r78234-final-env-texm
fdist/tex/latex/pdfcol/pdfcol.sty
(/nix/store/ff99w9369azw8z5njzjs1zs86s18znyq-texlive-2025-r78234-final-env-texm
fdist/tex/generic/ltxcmds/ltxcmds.sty)
(/nix/store/ff99w9369azw8z5njzjs1zs86s18znyq-texlive-2025-r78234-final-env-texm
fdist/tex/generic/infwarerr/infwarerr.sty)))
(/nix/store/ff99w9369azw8z5njzjs1zs86s18znyq-texlive-2025-r78234-final-env-texm
fdist/tex/latex/tcolorbox/tcbhooks.code.tex
Library (tcolorbox): 'tcbhooks.code.tex' version '6.9.0'
)
(/nix/store/ff99w9369azw8z5njzjs1zs86s18znyq-texlive-2025-r78234-final-env-texm
fdist/tex/latex/tcolorbox/tcbtheorems.code.tex
Library (tcolorbox): 'tcbtheorems.code.tex' version '6.9.0'
)
(/nix/store/ff99w9369azw8z5njzjs1zs86s18znyq-texlive-2025-r78234-final-env-texm
fdist/tex/latex/tcolorbox/tcbfitting.code.tex
Library (tcolorbox): 'tcbfitting.code.tex' version '6.9.0'
)
(/nix/store/ff99w9369azw8z5njzjs1zs86s18znyq-texlive-2025-r78234-final-env-texm
fdist/tex/latex/tcolorbox/tcblistingsutf8.code.tex
Library (tcolorbox): 'tcblistingsutf8.code.tex' version '6.9.0'

(/nix/store/ff99w9369azw8z5njzjs1zs86s18znyq-texlive-2025-r78234-final-env-texm
fdist/tex/latex/tcolorbox/tcblistings.code.tex
Library (tcolorbox): 'tcblistings.code.tex' version '6.9.0'

(/nix/store/ff99w9369azw8z5njzjs1zs86s18znyq-texlive-2025-r78234-final-env-texm
fdist/tex/latex/listings/listings.sty
(/nix/store/ff99w9369azw8z5njzjs1zs86s18znyq-texlive-2025-r78234-final-env-texm
fdist/tex/latex/listings/lstpatch.sty)
(/nix/store/ff99w9369azw8z5njzjs1zs86s18znyq-texlive-2025-r78234-final-env-texm
fdist/tex/latex/listings/lstmisc.sty)
(/nix/store/ff99w9369azw8z5njzjs1zs86s18znyq-texlive-2025-r78234-final-env-texm
fdist/tex/latex/listings/listings.cfg))
(/nix/store/ff99w9369azw8z5njzjs1zs86s18znyq-texlive-2025-r78234-final-env-texm
fdist/tex/xelatex/xecjk/xeCJK-listings.sty)
==> First Aid for listings.sty no longer applied!
    Expected:
        2024/09/23 1.10c (Carsten Heinz)
    but found:
        2025/11/14 1.11b (Carsten Heinz)
    so I'm assuming it got fixed.

(/nix/store/ff99w9369azw8z5njzjs1zs86s18znyq-texlive-2025-r78234-final-env-texm
fdist/tex/latex/tcolorbox/tcblistingscore.code.tex
Library (tcolorbox): 'tcblistingscore.code.tex' version '6.9.0'

(/nix/store/ff99w9369azw8z5njzjs1zs86s18znyq-texlive-2025-r78234-final-env-texm
fdist/tex/latex/tcolorbox/tcbprocessing.code.tex
Library (tcolorbox): 'tcbprocessing.code.tex' version '6.9.0'
))))
(/nix/store/ff99w9369azw8z5njzjs1zs86s18znyq-texlive-2025-r78234-final-env-texm
fdist/tex/latex/tcolorbox/tcbexternal.code.tex
Library (tcolorbox): 'tcbexternal.code.tex' version '6.9.0'
)
(/nix/store/ff99w9369azw8z5njzjs1zs86s18znyq-texlive-2025-r78234-final-env-texm
fdist/tex/latex/tcolorbox/tcbmagazine.code.tex
Library (tcolorbox): 'tcbmagazine.code.tex' version '6.9.0'
)
(/nix/store/ff99w9369azw8z5njzjs1zs86s18znyq-texlive-2025-r78234-final-env-texm
fdist/tex/latex/tcolorbox/tcbvignette.code.tex
Library (tcolorbox): 'tcbvignette.code.tex' version '6.9.0'

(/nix/store/ff99w9369azw8z5njzjs1zs86s18znyq-texlive-2025-r78234-final-env-texm
fdist/tex/generic/pgf/frontendlayer/tikz/libraries/tikzlibraryfadings.code.tex
(/nix/store/ff99w9369azw8z5njzjs1zs86s18znyq-texlive-2025-r78234-final-env-texm
fdist/tex/generic/pgf/libraries/pgflibraryfadings.code.tex)))
(/nix/store/ff99w9369azw8z5njzjs1zs86s18znyq-texlive-2025-r78234-final-env-texm
fdist/tex/latex/tcolorbox/tcbposter.code.tex
Library (tcolorbox): 'tcbposter.code.tex' version '6.9.0'
))
(/nix/store/ff99w9369azw8z5njzjs1zs86s18znyq-texlive-2025-r78234-final-env-texm
fdist/tex/latex/listings/lstlang1.sty)
(/nix/store/ff99w9369azw8z5njzjs1zs86s18znyq-texlive-2025-r78234-final-env-texm
fdist/tex/latex/listings/lstlang1.sty)
(/nix/store/ff99w9369azw8z5njzjs1zs86s18znyq-texlive-2025-r78234-final-env-texm
fdist/tex/latex/hyperref/hyperref.sty
(/nix/store/ff99w9369azw8z5njzjs1zs86s18znyq-texlive-2025-r78234-final-env-texm
fdist/tex/latex/kvsetkeys/kvsetkeys.sty)
(/nix/store/ff99w9369azw8z5njzjs1zs86s18znyq-texlive-2025-r78234-final-env-texm
fdist/tex/generic/kvdefinekeys/kvdefinekeys.sty)
(/nix/store/ff99w9369azw8z5njzjs1zs86s18znyq-texlive-2025-r78234-final-env-texm
fdist/tex/generic/pdfescape/pdfescape.sty
(/nix/store/ff99w9369azw8z5njzjs1zs86s18znyq-texlive-2025-r78234-final-env-texm
fdist/tex/generic/pdftexcmds/pdftexcmds.sty))
(/nix/store/ff99w9369azw8z5njzjs1zs86s18znyq-texlive-2025-r78234-final-env-texm
fdist/tex/latex/hycolor/hycolor.sty)
(/nix/store/ff99w9369azw8z5njzjs1zs86s18znyq-texlive-2025-r78234-final-env-texm
fdist/tex/latex/hyperref/nameref.sty
(/nix/store/ff99w9369azw8z5njzjs1zs86s18znyq-texlive-2025-r78234-final-env-texm
fdist/tex/latex/refcount/refcount.sty)
(/nix/store/ff99w9369azw8z5njzjs1zs86s18znyq-texlive-2025-r78234-final-env-texm
fdist/tex/generic/gettitlestring/gettitlestring.sty
(/nix/store/ff99w9369azw8z5njzjs1zs86s18znyq-texlive-2025-r78234-final-env-texm
fdist/tex/latex/kvoptions/kvoptions.sty)))
(/nix/store/ff99w9369azw8z5njzjs1zs86s18znyq-texlive-2025-r78234-final-env-texm
fdist/tex/generic/stringenc/stringenc.sty)
(/nix/store/ff99w9369azw8z5njzjs1zs86s18znyq-texlive-2025-r78234-final-env-texm
fdist/tex/latex/hyperref/pd1enc.def)
(/nix/store/ff99w9369azw8z5njzjs1zs86s18znyq-texlive-2025-r78234-final-env-texm
fdist/tex/generic/intcalc/intcalc.sty)
(/nix/store/ff99w9369azw8z5njzjs1zs86s18znyq-texlive-2025-r78234-final-env-texm
fdist/tex/latex/hyperref/puenc.def)
(/nix/store/ff99w9369azw8z5njzjs1zs86s18znyq-texlive-2025-r78234-final-env-texm
fdist/tex/latex/url/url.sty)
(/nix/store/ff99w9369azw8z5njzjs1zs86s18znyq-texlive-2025-r78234-final-env-texm
fdist/tex/generic/bitset/bitset.sty
(/nix/store/ff99w9369azw8z5njzjs1zs86s18znyq-texlive-2025-r78234-final-env-texm
fdist/tex/generic/bigintcalc/bigintcalc.sty)))
(/nix/store/ff99w9369azw8z5njzjs1zs86s18znyq-texlive-2025-r78234-final-env-texm
fdist/tex/latex/hyperref/hxetex.def
(/nix/store/ff99w9369azw8z5njzjs1zs86s18znyq-texlive-2025-r78234-final-env-texm
fdist/tex/latex/rerunfilecheck/rerunfilecheck.sty
(/nix/store/ff99w9369azw8z5njzjs1zs86s18znyq-texlive-2025-r78234-final-env-texm
fdist/tex/generic/uniquecounter/uniquecounter.sty)))
(./C1_EXPERIMENT_RECORD.aux)
*geometry* driver: auto-detecting
*geometry* detected driver: xetex
(./C1_EXPERIMENT_RECORD.out) (./C1_EXPERIMENT_RECORD.out)
(/nix/store/ff99w9369azw8z5njzjs1zs86s18znyq-texlive-2025-r78234-final-env-texm
fdist/tex/latex/amsfonts/umsa.fd)
(/nix/store/ff99w9369azw8z5njzjs1zs86s18znyq-texlive-2025-r78234-final-env-texm
fdist/tex/latex/amsfonts/umsb.fd)
Overfull \hbox (99.38391pt too wide) in paragraph at lines 83--93
 [] 
(./C1_EXPERIMENT_RECORD.toc [1] [2] [3] [4] [5] [6]) [7]
ignored error: Infinite glue shrinkage found in box being split [8] [9]
[10] [11]
Overfull \hbox (61.87643pt too wide) in paragraph at lines 341--344
[]\TU/NotoSerifCJKSC(0)/m/n/10.95 两 次 \TU/lmr/m/n/10.95 build \TU/NotoSerifCJKS
C(0)/m/n/10.95 均 成 功，| \TU/lmr/m/n/10.95 Python \TU/NotoSerifCJKSC(0)/m/n/10.95
 包 显 示 \TU/lmtt/m/n/10.95 0.0.1+86106d7\TU/NotoSerifCJKSC(0)/m/n/10.95 。|  生 成 
的 动 态 库 分 别 是 \TU/lmtt/m/n/10.95 flash_kda_C.cpython-312-...so
[12]
Underfull \hbox (badness 2626) in paragraph at lines 402--406
[]\TU/lmtt/m/n/10.95 benchmarks/bench_fwd.py \TU/NotoSerifCJKSC(0)/m/n/10.95 为 
每 个 调 用 创 建 \TU/lmr/m/n/10.95 CUDA event pair\TU/NotoSerifCJKSC(0)/m/n/10.95 ，|
  在 \TU/lmr/m/n/10.95 warmup \TU/NotoSerifCJKSC(0)/m/n/10.95 后 收 集
ignored error: Infinite glue shrinkage found in box being split [13] [14]
[15]
Overfull \hbox (172.97289pt too wide) in paragraph at lines 558--562
[]\TU/NotoSerifCJKSC(0)/m/n/10.95 新 增 \TU/lmtt/m/n/10.95 challenge/tcgen05_sm10
3_gemm.cu\TU/NotoSerifCJKSC(0)/m/n/10.95 ，|  来 源 是 \TU/lmr/m/n/10.95 pin \TU/No
toSerifCJKSC(0)/m/n/10.95 后 \TU/lmr/m/n/10.95 CUTLASS \TU/NotoSerifCJKSC(0)/m/n
/10.95 的 \TU/lmtt/m/n/10.95 examples/cute/tutorial/blackwell/01_mma_sm100.cu\TU
/NotoSerifCJKSC(0)/m/n/10.95 ，|
[16]
Underfull \hbox (badness 1371) in paragraph at lines 663--666
[]\TU/NotoSerifCJKSC(0)/m/n/10.95 源 码 表 明 \TU/lmr/m/n/10.95 fp32 global state \
TU/NotoSerifCJKSC(0)/m/n/10.95 会 转 为 \TU/lmr/m/n/10.95 bf16 \TU/lmtt/m/n/10.95 
state_acc\TU/NotoSerifCJKSC(0)/m/n/10.95 ，|  结 束 时 再 转 回 \TU/lmr/m/n/10.95 fp32
\TU/NotoSerifCJKSC(0)/m/n/10.95 。|  因 此 新 增
[17] [18] [19] [20]
Overfull \hbox (20.31041pt too wide) in paragraph at lines 814--819
\TU/lmr/m/n/10.95 wise identical” \TU/NotoSerifCJKSC(0)/m/n/10.95 不 成 立，|  尚 不 
足 以 说 明 算 法 错。|  新 增 独 立 脚 本 \TU/lmtt/m/n/10.95 challenge/diagnose_5090_exactne
ss.py\TU/NotoSerifCJKSC(0)/m/n/10.95 ，|

LaTeX Font Warning: Font shape `TU/NotoSansCJKSC(1)/m/it' undefined
(Font)              using `TU/NotoSansCJKSC(1)/m/n' instead on input line 845.

[21]
ignored error: Infinite glue shrinkage found in box being split [22] [23]
[24] [25] [26] [27]
Underfull \hbox (badness 4582) in paragraph at lines 1138--1144
\TU/lmtt/m/n/10.95 socket apparently being written to by something other than S
lurm\TU/NotoSerifCJKSC(0)/m/n/10.95 ，|  并 报 告 忽 略 \TU/lmr/m/n/10.95 job
[28]
Overfull \hbox (52.77502pt too wide) in paragraph at lines 1211--1222
 [][] 
[29]
Overfull \hbox (77.60065pt too wide) in paragraph at lines 1233--1236
[]\TU/NotoSerifCJKSC(0)/m/n/10.95 构 建 成 功 后，|  在 \TU/lmr/m/n/10.95 job 23495 \T
U/NotoSerifCJKSC(0)/m/n/10.95 使 用 新 安 装 \TU/lmr/m/n/10.95 extension \TU/NotoSer
ifCJKSC(0)/m/n/10.95 和 官 方 \TU/lmtt/m/n/10.95 torch_ref \TU/NotoSerifCJKSC(0)/m
/n/10.95 对 拍。| \TU/lmtt/m/n/10.95 challenge/vsplit_native_smoke.py

Underfull \hbox (badness 10000) in paragraph at lines 1261--1261
[]\TU/NotoSerifCJKSC(0)/m/n/10.95 表 \TU/lmr/m/n/10.95 14: []R3.2 job 23495 nati
ve exactness\TU/NotoSerifCJKSC(0)/m/n/10.95 。| \TU/lmr/m/n/10.95 JSON \TU/NotoS
erifCJKSC(0)/m/n/10.95 和 完 整 \TU/lmr/m/n/10.95 stdout \TU/NotoSerifCJKSC(0)/m/n
/10.95 位 于
[30]
Underfull \hbox (badness 10000) in paragraph at lines 1313--1313
[]\TU/NotoSerifCJKSC(0)/m/n/10.95 表 \TU/lmr/m/n/10.95 15: []R3.3 job 23500 \TU/
NotoSerifCJKSC(0)/m/n/10.95 的 \TU/lmr/m/n/10.95 six recurrence captures\TU/Noto
SerifCJKSC(0)/m/n/10.95 。|  完 整 数 值 提 取 为

Underfull \hbox (badness 1024) in paragraph at lines 1313--1313
\TU/lmtt/m/n/10.95 results/vsplit_native_ncu_summary_b300.csv\TU/NotoSerifCJKSC
(0)/m/n/10.95 。|  每 个 \TU/lmr/m/n/10.95 state \TU/NotoSerifCJKSC(0)/m/n/10.95 变
 体 含 \TU/lmr/m/n/10.95 warmup \TU/NotoSerifCJKSC(0)/m/n/10.95 和 \TU/lmr/m/n/10.
95 measured

Underfull \hbox (badness 1616) in paragraph at lines 1325--1330
[]\TU/NotoSerifCJKSC(0)/m/n/10.95 先 在 已 经 安 装 \TU/lmr/m/n/10.95 split extension
 \TU/NotoSerifCJKSC(0)/m/n/10.95 的 \TU/lmr/m/n/10.95 job 23501 \TU/NotoSerifCJK
SC(0)/m/n/10.95 运 行 官 方 \TU/lmr/m/n/10.95 benchmark \TU/NotoSerifCJKSC(0)/m/n/1
0.95 设 置 \TU/lmtt/m/n/10.95 warmup=30,
[31]
Underfull \hbox (badness 10000) in paragraph at lines 1362--1362
[]\TU/NotoSerifCJKSC(0)/m/n/10.95 表 \TU/lmr/m/n/10.95 16: []R3.3 B300 fixed $\O
T1/cmr/m/n/10.95 [8192\OML/cmm/m/it/10.95 ; \OT1/cmr/m/n/10.95 96\OML/cmm/m/it/
10.95 ; \OT1/cmr/m/n/10.95 128]$ \TU/lmr/m/n/10.95 end-to-end CUDA event mean\T
U/NotoSerifCJKSC(0)/m/n/10.95 。| \TU/lmr/m/n/10.95 split

Underfull \hbox (badness 10000) in paragraph at lines 1362--1362
\TU/NotoSerifCJKSC(0)/m/n/10.95 和 \TU/lmr/m/n/10.95 baseline \TU/NotoSerifCJKSC
(0)/m/n/10.95 的 原 始 日 志 分 别 为 \TU/lmtt/m/n/10.95 results/vsplit_native_bench_h9
6_b300.log \TU/NotoSerifCJKSC(0)/m/n/10.95 和
[32]
Underfull \hbox (badness 10000) in paragraph at lines 1426--1426
[]\TU/NotoSerifCJKSC(0)/m/n/10.95 表 \TU/lmr/m/n/10.95 17: []R4 \TU/NotoSerifCJK
SC(0)/m/n/10.95 分 片 布 局 与 线 程 映 射。|  每 个 \TU/lmr/m/n/10.95 split CTA \TU/NotoSe
rifCJKSC(0)/m/n/10.95 的 第 二 个 \TU/lmr/m/n/10.95 grid \TU/NotoSerifCJKSC(0)/m/n/
10.95 坐 标
[33]
Overfull \hbox (42.15567pt too wide) in paragraph at lines 1461--1466
[]\TU/NotoSerifCJKSC(0)/m/n/10.95 源 码 改 动 集 中 在 \TU/lmtt/m/n/10.95 csrc/smxx/fw
d_kernel2.cuh\TU/NotoSerifCJKSC(0)/m/n/10.95 、| \TU/lmtt/m/n/10.95 csrc/smxx/fw
d_launch.cu \TU/NotoSerifCJKSC(0)/m/n/10.95 和 \TU/lmtt/m/n/10.95 csrc/smxx/util
s.cuh\TU/NotoSerifCJKSC(0)/m/n/10.95 ；|

Overfull \hbox (258.9644pt too wide) in paragraph at lines 1476--1479
[]\TU/NotoSerifCJKSC(0)/m/n/10.95 其 中 \TU/lmtt/m/n/10.95 C1_FLASH \TU/NotoSerif
CJKSC(0)/m/n/10.95 展 开 为 \TU/lmtt/m/n/10.95 /home/lcpu/10578328/wmhpc-training-
camp-x-lcpu-ai-infra-seminars/assignment02/team/c1_flashkda/FlashKDA\TU/NotoSer
ifCJKSC(0)/m/n/10.95 。|
[34]
Underfull \hbox (badness 10000) in paragraph at lines 1552--1552
[]\TU/NotoSerifCJKSC(0)/m/n/10.95 表 \TU/lmr/m/n/10.95 18: []R4 job 23567 extend
ed exactness\TU/NotoSerifCJKSC(0)/m/n/10.95 。| \TU/lmr/m/n/10.95 JSON \TU/NotoS
erifCJKSC(0)/m/n/10.95 原 始 结 果 为

Underfull \hbox (badness 10000) in paragraph at lines 1552--1552
\TU/lmtt/m/n/10.95 results/vsplit_sliced_extended_smoke_b300.json\TU/NotoSerifC
JKSC(0)/m/n/10.95 ；| \TU/lmr/m/n/10.95 focused \TU/NotoSerifCJKSC(0)/m/n/10.95 
结 果 为
[35]
Overfull \hbox (3.75832pt too wide) in paragraph at lines 1595--1595
[]\TU/NotoSerifCJKSC(0)/m/n/10.95 表 \TU/lmr/m/n/10.95 19: []R4 job 23569 NCU de
tails\TU/NotoSerifCJKSC(0)/m/n/10.95 ；|  完 整 轻 量 表 为 \TU/lmtt/m/n/10.95 results
/vsplit_sliced_ncu_summary_b300.csv\TU/NotoSerifCJKSC(0)/m/n/10.95 。| 
[36]
Overfull \hbox (121.43365pt too wide) in paragraph at lines 1662--1665
[]\TU/lmr/m/n/10.95 job 23571 \TU/NotoSerifCJKSC(0)/m/n/10.95 成 功 安 装 \TU/lmtt/
m/n/10.95 flash-kda==0.0.1+baseline.r4\TU/NotoSerifCJKSC(0)/m/n/10.95 ，|  其 日 志
 为 \TU/lmtt/m/n/10.95 results/vsplit_sliced_baseline_build_b300.log\TU/NotoSeri
fCJKSC(0)/m/n/10.95 。|
[37]
Underfull \hbox (badness 1281) in paragraph at lines 1709--1713
[]\TU/NotoSerifCJKSC(0)/m/n/10.95 本 轮 仍 保 持 \TU/lmtt/m/n/10.95 FLASH_KDA_C1_VSP
LIT_K2=0 \TU/NotoSerifCJKSC(0)/m/n/10.95 的 默 认 环 境。|  也 就 是 说，| \TU/lmr/m/n/10.
95 tcgen05 \TU/NotoSerifCJKSC(0)/m/n/10.95 代 码 只 放 在

Overfull \hbox (31.36989pt too wide) in paragraph at lines 1756--1763
[]\TU/lmr/m/n/10.95 B300 \TU/NotoSerifCJKSC(0)/m/n/10.95 远 端 工 作 目 录 为 \TU/lmtt
/m/n/10.95 /home/lcpu/10578328/wmhpc-training-camp-x-lcpu-ai-infra-seminars\TU/
NotoSerifCJKSC(0)/m/n/10.95 ，|

Underfull \hbox (badness 1019) in paragraph at lines 1756--1763
\TU/NotoSerifCJKSC(0)/m/n/10.95 固 定 \TU/lmr/m/n/10.95 CUTLASS \TU/NotoSerifCJKS
C(0)/m/n/10.95 位 于 \TU/lmtt/m/n/10.95 assignment02/team/c1_flashkda/FlashKDA/cu
tlass\TU/NotoSerifCJKSC(0)/m/n/10.95 。|  本 地 源 码 先 通
[38] [39] [40]
Overfull \hbox (13.84166pt too wide) in paragraph at lines 1950--1960
 [][] 
[41] [42] (./C1_R6_SECTION.tex
Overfull \hbox (67.18475pt too wide) in paragraph at lines 12--19
[]\TU/NotoSerifCJKSC(0)/m/n/10.95 实 验 不 改 变 \TU/lmr/m/n/10.95 FlashKDA \TU/Noto
SerifCJKSC(0)/m/n/10.95 默 认 \TU/lmr/m/n/10.95 extension\TU/NotoSerifCJKSC(0)/m/
n/10.95 ，|  也 不 宣 称 该 路 径 支 持 任 意 \TU/lmr/m/n/10.95 alpha/beta\TU/NotoSerifCJKS
C(0)/m/n/10.95 。| \TU/lmtt/m/n/10.95 C1_TCGEN05_DIRECT_EPILOGUE
[43]
Underfull \hbox (badness 10000) in paragraph at lines 133--140
[]\TU/lmr/m/n/10.95 job 24263 \TU/NotoSerifCJKSC(0)/m/n/10.95 使 用 和 第 五 轮 相 同 的
 \TU/lmr/m/n/10.95 lightweight metric \TU/NotoSerifCJKSC(0)/m/n/10.95 集 合：| \TU
/lmtt/m/n/10.95 launch__block__size\TU/NotoSerifCJKSC(0)/m/n/10.95 、|

Overfull \hbox (49.64543pt too wide) in paragraph at lines 133--140
\TU/lmtt/m/n/10.95 launch__grid__size\TU/NotoSerifCJKSC(0)/m/n/10.95 、| \TU/lmt
t/m/n/10.95 launch__registers__per__thread\TU/NotoSerifCJKSC(0)/m/n/10.95 、| \T
U/lmtt/m/n/10.95 launch__shared__mem__per__block__dynamic\TU/NotoSerifCJKSC(0)/
m/n/10.95 、|
[44]) (./C1_R7_PLAN_SECTION.tex [45] [46]) (./C1_R7_EXECUTION_SECTION.tex
[47]
Underfull \hbox (badness 1675) in paragraph at lines 34--37
[]\TU/lmtt/m/n/10.95 FlashKDA/setup.py \TU/NotoSerifCJKSC(0)/m/n/10.95 增 加 \TU/
lmtt/m/n/10.95 FLASH_KDA_C1_STATE_ONLY=1 \TU/NotoSerifCJKSC(0)/m/n/10.95 到 \TU/
lmr/m/n/10.95 nvcc \TU/NotoSerifCJKSC(0)/m/n/10.95 的 \TU/lmr/m/n/10.95 opt-in \
TU/NotoSerifCJKSC(0)/m/n/10.95 编 译 开 关。|
[48]
Overfull \hbox (35.34216pt too wide) in paragraph at lines 133--137
\TU/NotoSerifCJKSC(0)/m/n/10.95 钟 和 \TU/lmr/m/n/10.95 kernel time\TU/NotoSerifC
JKSC(0)/m/n/10.95 ，|  故 只 用 于 结 构 解 释。|  原 始 \TU/lmr/m/n/10.95 CSV \TU/NotoSeri
fCJKSC(0)/m/n/10.95 风 格 日 志 为 \TU/lmtt/m/n/10.95 results/r7_stateonly_ncu_pipe_
24353.log
[49] [50]) (./C1_R8_EXECUTION_SECTION.tex
Underfull \hbox (badness 3323) in paragraph at lines 18--21
[]\TU/lmr/m/n/10.95 R8 \TU/NotoSerifCJKSC(0)/m/n/10.95 保 持 所 有 实 验 开 关 为 编 译 期 
\TU/lmr/m/n/10.95 opt-in\TU/NotoSerifCJKSC(0)/m/n/10.95 ，|  默 认 环 境 仍 关 闭 \TU/l
mtt/m/n/10.95 FLASH_KDA_C1_VSPLIT_K2\TU/NotoSerifCJKSC(0)/m/n/10.95 、|
[51] [52] [53]
Overfull \hbox (61.54437pt too wide) in paragraph at lines 190--195
\TU/lmr/m/n/10.95 1.2759\TU/NotoSerifCJKSC(0)/m/n/10.95 、| \TU/lmr/m/n/10.95 1.
2212 ms\TU/NotoSerifCJKSC(0)/m/n/10.95 ，|  两 个 \TU/lmr/m/n/10.95 FLA \TU/NotoSe
rifCJKSC(0)/m/n/10.95 参 考 实 现 为 \TU/lmr/m/n/10.95 0.5300 \TU/NotoSerifCJKSC(0)/
m/n/10.95 和 \TU/lmr/m/n/10.95 0.4293 ms |\TU/NotoSerifCJKSC(0)/m/n/10.95 （日 志：|
 \TU/lmtt/m/n/10.95 results/r8_lowprio_bench_h1_b300.log\TU/NotoSerifCJKSC(0)/m
/n/10.95 ） 。|

Overfull \hbox (19.87221pt too wide) in paragraph at lines 232--238
\TU/lmtt/m/n/10.95 results/r8_baseline_final_rebuild_24459.log\TU/NotoSerifCJKS
C(0)/m/n/10.95 、| \TU/lmtt/m/n/10.95 results/r8_baseline_final_smoke_24461.log
[54]) (./C1_R9_EXECUTION_SECTION.tex
Overfull \hbox (47.69379pt too wide) in paragraph at lines 18--23
[]\TU/NotoSerifCJKSC(0)/m/n/10.95 新 增 \TU/lmtt/m/n/10.95 challenge/r9_output_ma
p_probe.cu\TU/NotoSerifCJKSC(0)/m/n/10.95 ，|  复 用 了 \TU/lmr/m/n/10.95 K2 \TU/No
toSerifCJKSC(0)/m/n/10.95 的 \TU/lmtt/m/n/10.95 K2Layouts<128,16>::ValueSliceVOL
ayout\TU/NotoSerifCJKSC(0)/m/n/10.95 、|
[55] [56]) (./C1_R10_EXECUTION_SECTION.tex
Overfull \hbox (34.29333pt too wide) in paragraph at lines 31--34
[]\TU/NotoSerifCJKSC(0)/m/n/10.95 两 个 宏 默 认 都 是 零，|  因 此 未 设 置 环 境 变 量 的 构 建 不 
会 改 变 已 有 二 进 制 语 义。| \TU/lmtt/m/n/10.95 C1_K2_DIRECT_OUTPUT_VEC

Underfull \hbox (badness 2318) in paragraph at lines 37--41
\TU/lmr/m/n/10.95 ment \TU/NotoSerifCJKSC(0)/m/n/10.95 写 入 \TU/lmr/m/n/10.95 sh
ared output tile\TU/NotoSerifCJKSC(0)/m/n/10.95 ，|  而 是 按 \TU/lmr/m/n/10.95 R9 
\TU/NotoSerifCJKSC(0)/m/n/10.95 公 式 计 算 每 个 元 素 的 全 局 坐 标。|  设 $\OML/cmm/m/it/1
0.95 j$ \TU/NotoSerifCJKSC(0)/m/n/10.95 是 经
[57]
Overfull \hbox (5.81259pt too wide) in paragraph at lines 77--81
[]\TU/NotoSerifCJKSC(0)/m/n/10.95 远 端 工 作 副 本 为 \TU/lmtt/m/n/10.95 /home/lcpu/1
0578328/wmhpc-training-camp-x-lcpu-ai-infra-seminars\TU/NotoSerifCJKSC(0)/m/n/1
0.95 。|

Underfull \hbox (badness 6559) in paragraph at lines 86--94
[]\TU/NotoSerifCJKSC(0)/m/n/10.95 后 续 统 一 使 用 \TU/lmtt/m/n/10.95 uv pip install
 --reinstall --no-build-isolation -e\TU/NotoSerifCJKSC(0)/m/n/10.95 ，|  并 在 \TU
/lmr/m/n/10.95 GPU

Underfull \hbox (badness 8019) in paragraph at lines 86--94
\TU/lmr/m/n/10.95 allocation \TU/NotoSerifCJKSC(0)/m/n/10.95 内 设 置 \TU/lmtt/m/n
/10.95 FLASH_KDA_CUDA_ARCHS=103a\TU/NotoSerifCJKSC(0)/m/n/10.95 。|  随 后 发 现 第 一
 次 同 步 把 头 文 件 放 到 了

Overfull \hbox (6.11922pt too wide) in paragraph at lines 86--94
\TU/lmtt/m/n/10.95 FlashKDA/fwd_kernel2.cuh\TU/NotoSerifCJKSC(0)/m/n/10.95 ，|  
而 \TU/lmr/m/n/10.95 setuptools \TU/NotoSerifCJKSC(0)/m/n/10.95 实 际 编 译 的 是 \TU/
lmtt/m/n/10.95 FlashKDA/csrc/smxx/fwd_kernel2.cuh\TU/NotoSerifCJKSC(0)/m/n/10.9
5 。|

Overfull \hbox (67.15314pt too wide) in paragraph at lines 108--115
[]\TU/lmr/m/n/10.95 pair-packed \TU/NotoSerifCJKSC(0)/m/n/10.95 版 本 额 外 设 置 \TU
/lmtt/m/n/10.95 FLASH_KDA_C1_DIRECT_OUTPUT_VEC=1\TU/NotoSerifCJKSC(0)/m/n/10.95
 ；|  默 认 对 照 清 除 \TU/lmtt/m/n/10.95 FLASH_KDA_C1_VSPLIT_K2\TU/NotoSerifCJKSC(0)
/m/n/10.95 、|

Underfull \hbox (badness 5862) in paragraph at lines 108--115
\TU/lmtt/m/n/10.95 FLASH_KDA_C1_DIRECT_OUTPUT \TU/NotoSerifCJKSC(0)/m/n/10.95 和
 \TU/lmtt/m/n/10.95 FLASH_KDA_C1_DIRECT_OUTPUT_VEC\TU/NotoSerifCJKSC(0)/m/n/10.
95 。|  成 功 构 建 日 志 包 括

Overfull \hbox (17.726pt too wide) in paragraph at lines 108--115
\TU/lmtt/m/n/10.95 r10_direct_build_24545.log\TU/NotoSerifCJKSC(0)/m/n/10.95 、|
 \TU/lmtt/m/n/10.95 r10_vec_build_24551.log\TU/NotoSerifCJKSC(0)/m/n/10.95 、| \
TU/lmtt/m/n/10.95 r10_full_directvec_build_24560.log
[58]
Overfull \hbox (27.14305pt too wide) in paragraph at lines 174--178
[]\TU/lmr/m/n/10.95 varlen \TU/NotoSerifCJKSC(0)/m/n/10.95 的 \TU/lmr/m/n/10.95 
non-split pair-packed \TU/NotoSerifCJKSC(0)/m/n/10.95 结 果 也 没 有 反 转 结 论：| \TU/l
mr/m/n/10.95 job 24565 \TU/NotoSerifCJKSC(0)/m/n/10.95 在 \TU/lmtt/m/n/10.95 [13
00,547,2048,963,271,3063]
[59] [60]) (./C1_R11_EXECUTION_SECTION.tex
Underfull \hbox (badness 6675) in paragraph at lines 18--23
[]\TU/NotoSerifCJKSC(0)/m/n/10.95 本 轮 所 有 正 式 数 据 来 自 同 一 台 \TU/lmr/m/n/10.95 B
300 |\TU/NotoSerifCJKSC(0)/m/n/10.95 （\TU/lmtt/m/n/10.95 NVIDIA B300 SXM6 AC\TU
/NotoSerifCJKSC(0)/m/n/10.95 ，| \TU/lmr/m/n/10.95 CUDA 12.9\TU/NotoSerifCJKSC(0
)/m/n/10.95 ，| \TU/lmr/m/n/10.95 PyTorch

Underfull \hbox (badness 5217) in paragraph at lines 27--31
\TU/NotoSerifCJKSC(0)/b/n/10.95 设 计。| [] \TU/NotoSerifCJKSC(0)/m/n/10.95 在 \TU/
lmtt/m/n/10.95 SharedStorageK2 \TU/NotoSerifCJKSC(0)/m/n/10.95 中，| \TU/lmr/m/n/
10.95 direct-output \TU/NotoSerifCJKSC(0)/m/n/10.95 路 径 并 不 读 取 \TU/lmr/m/n/10.
95 output ring\TU/NotoSerifCJKSC(0)/m/n/10.95 ，|  因 此 新 增
[61]
Overfull \hbox (40.31587pt too wide) in paragraph at lines 113--116
[]\TU/NotoSerifCJKSC(0)/m/n/10.95 首 次 构 建 \TU/lmr/m/n/10.95 job 24739 \TU/NotoS
erifCJKSC(0)/m/n/10.95 仅 因 错 误 使 用 \TU/lmtt/m/n/10.95 ../../.venv/bin/python \T
U/NotoSerifCJKSC(0)/m/n/10.95 失 败；|  使 用 \TU/lmtt/m/n/10.95 ../../../.venv/bin/
python
[62] [63]) (./C1_R12_EXECUTION_SECTION.tex [64]
Underfull \hbox (badness 2932) in paragraph at lines 25--29
[]\TU/NotoSerifCJKSC(0)/m/n/10.95 使 用 既 有 \TU/lmtt/m/n/10.95 r7_state_only_prob
e.py\TU/NotoSerifCJKSC(0)/m/n/10.95 ，|  先 编 译 \TU/lmtt/m/n/10.95 FLASH_KDA_C1_S
TATE_ONLY=1\TU/NotoSerifCJKSC(0)/m/n/10.95 ，|  再 编 译 默
[65]
Underfull \hbox (badness 2922) in paragraph at lines 78--83
[]\TU/lmr/m/n/10.95 R11 scalar swizzled \TU/NotoSerifCJKSC(0)/m/n/10.95 分 支 在 \
TU/lmr/m/n/10.95 Phase 5 \TU/NotoSerifCJKSC(0)/m/n/10.95 中 逐 元 素 计 算 \TU/lmr/m/
n/10.95 row/column inverse map\TU/NotoSerifCJKSC(0)/m/n/10.95 ，|  再

Underfull \hbox (badness 10000) in paragraph at lines 78--83
\TU/NotoSerifCJKSC(0)/m/n/10.95 写 入 \TU/lmtt/m/n/10.95 SwizzledOutputLayout\TU/
NotoSerifCJKSC(0)/m/n/10.95 。| \TU/lmr/m/n/10.95 R12 \TU/NotoSerifCJKSC(0)/m/n/
10.95 新 增 \TU/lmtt/m/n/10.95 C1_K2_FUSED_TMA_EPILOGUE\TU/NotoSerifCJKSC(0)/m/n/
10.95 ，|  改 为 让 已 有 的
[66]) (./C1_R13_EXECUTION_SECTION.tex [67] [68]
Overfull \hbox (9.12035pt too wide) in paragraph at lines 131--142
 [] 
[69]) (./C1_R14_EXECUTION_SECTION.tex
Overfull \hbox (3.49124pt too wide) in paragraph at lines 22--26
[]\TU/NotoSerifCJKSC(0)/m/n/10.95 该 实 现 只 作 为 完 整 \TU/lmr/m/n/10.95 non-split K
2 \TU/NotoSerifCJKSC(0)/m/n/10.95 的 \TU/lmr/m/n/10.95 opt-in prototype\TU/NotoS
erifCJKSC(0)/m/n/10.95 。|  默 认 构 建 不 设 置 \TU/lmtt/m/n/10.95 FLASH_KDA_C1_FUSED_
WS\TU/NotoSerifCJKSC(0)/m/n/10.95 ，|
[70]
Overfull \hbox (4.10187pt too wide) in paragraph at lines 36--41
[]\TU/NotoSerifCJKSC(0)/m/n/10.95 在 \TU/lmtt/m/n/10.95 fwd_kernel2.cuh \TU/Noto
SerifCJKSC(0)/m/n/10.95 中 为 \TU/lmr/m/n/10.95 K2 \TU/NotoSerifCJKSC(0)/m/n/10.9
5 增 加 \TU/lmr/m/n/10.95 q/k/g TMA \TU/NotoSerifCJKSC(0)/m/n/10.95 参 数。|  原 有 \T
U/lmtt/m/n/10.95 k_decayed/q_decayed/k_restored

Overfull \hbox (16.69572pt too wide) in paragraph at lines 41--45
\TU/lmr/m/n/10.95 nal exponent\TU/NotoSerifCJKSC(0)/m/n/10.95 ；|  所 有 跨 \TU/lmr
/m/n/10.95 compute-warp \TU/NotoSerifCJKSC(0)/m/n/10.95 的 同 步 使 用 \TU/lmr/m/n/1
0.95 K2 \TU/NotoSerifCJKSC(0)/m/n/10.95 已 有 的 \TU/lmtt/m/n/10.95 NamedBarrier(k
ComputeThreads,0)\TU/NotoSerifCJKSC(0)/m/n/10.95 。| 
[71]
Overfull \hbox (57.42854pt too wide) in paragraph at lines 131--136
[]\TU/NotoSerifCJKSC(0)/m/n/10.95 完 整 \TU/lmr/m/n/10.95 JSON \TU/NotoSerifCJKSC
(0)/m/n/10.95 和 \TU/lmr/m/n/10.95 stdout \TU/NotoSerifCJKSC(0)/m/n/10.95 在 \TU/
lmtt/m/n/10.95 results/r14_remote/r14_ws_smoke_24949.json \TU/NotoSerifCJKSC(0)
/m/n/10.95 与 \TU/lmtt/m/n/10.95 r14_ws_smoke_24949.log\TU/NotoSerifCJKSC(0)/m/n
/10.95 。|
[72]) (./C1_R15_EXECUTION_SECTION.tex

Package hyperref Warning: Token not allowed in a PDF string (Unicode):
(hyperref)                removing `math shift' on input line 1.


Package hyperref Warning: Token not allowed in a PDF string (Unicode):
(hyperref)                removing `subscript' on input line 1.


Package hyperref Warning: Token not allowed in a PDF string (Unicode):
(hyperref)                removing `math shift' on input line 1.


Underfull \hbox (badness 2671) in paragraph at lines 25--31
[]\TU/NotoSerifCJKSC(0)/m/n/10.95 远 端 构 建 使 用 \TU/lmr/m/n/10.95 B300\TU/NotoSer
ifCJKSC(0)/m/n/10.95 、| \TU/lmtt/m/n/10.95 sm_103a\TU/NotoSerifCJKSC(0)/m/n/10.
95 、| \TU/lmr/m/n/10.95 CUDA 13.0 \TU/NotoSerifCJKSC(0)/m/n/10.95 和 现 有 虚 拟 环 境
。|  候 选 与 \TU/lmr/m/n/10.95 control \TU/NotoSerifCJKSC(0)/m/n/10.95 分 别

Underfull \hbox (badness 2735) in paragraph at lines 25--31
\TU/NotoSerifCJKSC(0)/m/n/10.95 从 干 净 \TU/lmr/m/n/10.95 checkout \TU/NotoSerifC
JKSC(0)/m/n/10.95 构 建，|  随 后 运 行 \TU/lmr/m/n/10.95 smoke\TU/NotoSerifCJKSC(0)/m
/n/10.95 、| \TU/lmr/m/n/10.95 extended exactness \TU/NotoSerifCJKSC(0)/m/n/10.9
5 和 配 对 \TU/lmr/m/n/10.95 benchmark\TU/NotoSerifCJKSC(0)/m/n/10.95 。|  轻 量

Underfull \hbox (badness 10000) in paragraph at lines 25--31
\TU/NotoSerifCJKSC(0)/m/n/10.95 产 物 位 于 \TU/lmtt/m/n/10.95 results/r15_remote/\
TU/NotoSerifCJKSC(0)/m/n/10.95 ：| \TU/lmtt/m/n/10.95 r15_gtotal_smoke.json\TU/N
otoSerifCJKSC(0)/m/n/10.95 、| \TU/lmtt/m/n/10.95 r15_gtotal_extended.json\TU/No
toSerifCJKSC(0)/m/n/10.95 、|
[73]
Underfull \hbox (badness 1466) in paragraph at lines 43--45
[]\TU/NotoSerifCJKSC(0)/m/n/10.95 下 表 给 出 \TU/lmr/m/n/10.95 CUDA-event median\T
U/NotoSerifCJKSC(0)/m/n/10.95 ；| \TU/lmr/m/n/10.95 candidate/base \TU/NotoSerif
CJKSC(0)/m/n/10.95 来 自 同 一 \TU/lmr/m/n/10.95 B300 harness\TU/NotoSerifCJKSC(0)/
m/n/10.95 ，|  比 例 定 义 为
[74]) (./C1_R16_EXECUTION_SECTION.tex [75] [76] [77])
(./C1_R17_EXECUTION_SECTION.tex [78]
Overfull \hbox (36.9544pt too wide) in paragraph at lines 72--75
\TU/lmtt/m/n/10.95 launch=no error\TU/NotoSerifCJKSC(0)/m/n/10.95 、| \TU/lmtt/m
/n/10.95 sync=no error\TU/NotoSerifCJKSC(0)/m/n/10.95 。|  对 应 结 构 化 结 果 为 \TU/l
mtt/m/n/10.95 results/r17_cluster_launch_smoke_b300.json\TU/NotoSerifCJKSC(0)/m
/n/10.95 。| 
[79] [80]) (./C1_R18_EXECUTION_SECTION.tex
Underfull \hbox (badness 10000) in paragraph at lines 13--13
[][][][][]$[][][][][] [] [] [] [][][][] [] [][][][][][] [] [][][] [] [][][][] [
] [][][][][][][][][][][][][][][][][][][][][][][][] [] [][][][][][][][][][][][][
][][][][][][] []
[81]
Overfull \hbox (80.20692pt too wide) in paragraph at lines 68--75
[]\TU/NotoSerifCJKSC(0)/m/n/10.95 结 果 文 件 为 \TU/lmtt/m/n/10.95 results/r18_pdl_
launch_probe_24995.log \TU/NotoSerifCJKSC(0)/m/n/10.95 和 \TU/lmtt/m/n/10.95 res
ults/r18_pdl_launch_probe_24995.jsonl\TU/NotoSerifCJKSC(0)/m/n/10.95 。|

LaTeX Font Warning: Font shape `TU/lmr/bx/sc' undefined
(Font)              using `TU/lmr/bx/n' instead on input line 76.

[82]
Overfull \hbox (108.95067pt too wide) in paragraph at lines 120--124
[]\TU/NotoSerifCJKSC(0)/m/n/10.95 完 整 摘 要 见 \TU/lmtt/m/n/10.95 results/r18_flas
hkda_vsplit_pdl_25000.log \TU/NotoSerifCJKSC(0)/m/n/10.95 和 \TU/lmtt/m/n/10.95 
results/r18_flashkda_vsplit_pdl_25000.json\TU/NotoSerifCJKSC(0)/m/n/10.95 。|
) (./C1_R19_EXECUTION_SECTION.tex [83] [84]
Overfull \hbox (80.80898pt too wide) in paragraph at lines 68--79
[]\TU/lmr/m/n/10.95 R19 \TU/NotoSerifCJKSC(0)/m/n/10.95 初 版 完 成 后 才 复 核 公 开 的 [
][]\TU/lmr/m/n/10.95 KDA-B200 \TU/lmtt/m/n/10.95 flash_kda_cuda.cu[][]\TU/NotoS
erifCJKSC(0)/m/n/10.95 。|  该 实 现 的 \TU/lmtt/m/n/10.95 warp_recurrence_value_pai
r_bf16
[85]
Underfull \hbox (badness 4621) in paragraph at lines 142--151
\TU/lmtt/m/n/10.95 2dcb7e698ec830f88477af1cd3bc741b816d3f2551a4bb45d820970c1391
0fd2\TU/NotoSerifCJKSC(0)/m/n/10.95 ，|  因 此 不 是 同 一 旧
[86]
Overfull \hbox (72.84618pt too wide) in paragraph at lines 211--217
[]\TU/NotoSerifCJKSC(0)/m/n/10.95 此 \TU/lmr/m/n/10.95 job \TU/NotoSerifCJKSC(0)
/m/n/10.95 的 每 个 候 选 均 以 旧 同 \TU/lmr/m/n/10.95 GPU baseline binary \TU/NotoSeri
fCJKSC(0)/m/n/10.95 在 同 一 \TU/lmr/m/n/10.95 allocation \TU/NotoSerifCJKSC(0)/m/
n/10.95 中 作 \TU/lmr/m/n/10.95 baseline,candidate,candidate,baseline
[87] [88] [89]
Overfull \hbox (108.72047pt too wide) in paragraph at lines 384--387
[]\TU/NotoSerifCJKSC(0)/m/n/10.95 优 化 代 码 仍 位 于 \TU/lmtt/m/n/10.95 FlashKDA/csr
c/smxx/fwd_kernel2.cuh\TU/NotoSerifCJKSC(0)/m/n/10.95 ，|  所 有 新 宏 默 认 关 闭。| \TU
/lmtt/m/n/10.95 challenge/r19_build_optimized.sh
) (./C1_WEB_RESEARCH_SECTION.tex [90]
Underfull \hbox (badness 1859) in paragraph at lines 25--31
[]\TU/lmr/m/n/10.95 CUDA \TU/NotoSerifCJKSC(0)/m/n/10.95 的 [][]\TU/lmr/m/n/10.9
5 Programmatic Dependent Launch (PDL)[][] \TU/NotoSerifCJKSC(0)/m/n/10.95 文 档 规
 定，| \TU/lmr/m/n/10.95 primary \TU/NotoSerifCJKSC(0)/m/n/10.95 在 发 布 依 赖

Underfull \hbox (badness 6708) in paragraph at lines 25--31
\TU/NotoSerifCJKSC(0)/m/n/10.95 数 据 后 调 用 \TU/lmtt/m/n/10.95 cudaTriggerProgram
maticLaunchCompletion\TU/NotoSerifCJKSC(0)/m/n/10.95 ，| \TU/lmr/m/n/10.95 secon
dary \TU/NotoSerifCJKSC(0)/m/n/10.95 在 读 取 数 据 前 调 用

Underfull \hbox (badness 2111) in paragraph at lines 46--59
[]\TU/NotoSerifCJKSC(0)/m/n/10.95 进 一 步 审 计 该 项 目 当 前 的 [][]\TU/lmtt/m/n/10.95 
flash_kda_cuda.cu[][] \TU/NotoSerifCJKSC(0)/m/n/10.95 可 见，|  它 并 非 把 所 有 \TU/lm
r/m/n/10.95 recurrence \TU/NotoSerifCJKSC(0)/m/n/10.95 都 替

Underfull \hbox (badness 10000) in paragraph at lines 46--59
\TU/NotoSerifCJKSC(0)/m/n/10.95 换 为 \TU/lmtt/m/n/10.95 tcgen05\TU/NotoSerifCJKS
C(0)/m/n/10.95 ：| \TU/lmtt/m/n/10.95 warp_recurrence_value_pair_bf16 \TU/NotoSe
rifCJKSC(0)/m/n/10.95 的 投 影 和 \TU/lmr/m/n/10.95 state update \TU/NotoSerifCJKSC
(0)/m/n/10.95 仍 显 式 调

Underfull \hbox (badness 6592) in paragraph at lines 46--59
\TU/NotoSerifCJKSC(0)/m/n/10.95 用 \TU/lmtt/m/n/10.95 mma_sync_m16n8k16_bf16\TU/
NotoSerifCJKSC(0)/m/n/10.95 。|  更 关 键 的 是，|  该 函 数 的 模 板 参 数 \TU/lmtt/m/n/10.95
 RegisterStateKeys \TU/NotoSerifCJKSC(0)/m/n/10.95 与
[91]
Overfull \hbox (11.3531pt too wide) in paragraph at lines 105--108
[]\TU/NotoSerifCJKSC(0)/m/n/10.95 对 当 前 \TU/lmr/m/n/10.95 checkout \TU/NotoSeri
fCJKSC(0)/m/n/10.95 的 \TU/lmtt/m/n/10.95 FlashKDA/csrc/smxx/fwd_launch.cu\TU/No
toSerifCJKSC(0)/m/n/10.95 、| \TU/lmtt/m/n/10.95 fwd_kernel1.cuh\TU/NotoSerifCJK
SC(0)/m/n/10.95 、| \TU/lmtt/m/n/10.95 fwd_kernel2.cuh

Overfull \hbox (65.85004pt too wide) in paragraph at lines 110--114
[]\TU/NotoSerifCJKSC(0)/m/n/10.95 编 译 使 用 \TU/lmtt/m/n/10.95 -O3\TU/NotoSerifCJ
KSC(0)/m/n/10.95 、| \TU/lmtt/m/n/10.95 --use-fast-math\TU/NotoSerifCJKSC(0)/m/n
/10.95 、| \TU/lmtt/m/n/10.95 --ptxas-options=-v,--register-usage-level=10,--war
n-on-spills\TU/NotoSerifCJKSC(0)/m/n/10.95 、|
[92]) (./C1_R20_EXECUTION_SECTION.tex [93]
Overfull \hbox (25.41658pt too wide) in paragraph at lines 57--68
\TU/lmr/bx/n/10.95 R13 \TU/NotoSerifCJKSC(0)/b/n/10.95 的 \TU/lmr/bx/n/10.95 pro
duct probe \TU/NotoSerifCJKSC(0)/b/n/10.95 缩 放 轴 错 误。| [] $[][][][][][][][][] [
] [][][][][] [] [][][][][][][] [] [][][][][] [] [][]$ \TU/NotoSerifCJKSC(0)/m/n
/10.95 的 \TU/lmtt/m/n/10.95 tile_product_error
[94]
Underfull \hbox (badness 6625) in paragraph at lines 70--73
\TU/lmr/bx/n/10.95 R16 \TU/NotoSerifCJKSC(0)/b/n/10.95 的 三 角 结 构 与 求 逆 符 号 错 误。
| [] \TU/lmtt/m/n/10.95 challenge/chunk32_scaled_state_probe.py \TU/NotoSerifCJ
KSC(0)/m/n/10.95 的 旧
[95] [96] [97]) [98] (./C1_EXPERIMENT_RECORD.aux)

LaTeX Font Warning: Some font shapes were not available, defaults substituted.

 )
(see the transcript file for additional information)
Output written on C1_EXPERIMENT_RECORD.xdv (98 pages, 2970288 bytes).
SyncTeX written on C1_EXPERIMENT_RECORD.synctex.gz.
Transcript written on C1_EXPERIMENT_RECORD.log.
Latexmk: fls file doesn't appear to have been made.
Latexmk: Getting log file 'C1_EXPERIMENT_RECORD.log'
Latexmk: Examining 'C1_EXPERIMENT_RECORD.log'
Latexmk: Log file says output to 'C1_EXPERIMENT_RECORD.xdv'
Latexmk: Using bibtex to make bibliography file(s).
Latexmk: applying rule 'xdvipdfmx'...
Rule 'xdvipdfmx':  Reasons for rerun
Changed files or newly in use/created:
  C1_EXPERIMENT_RECORD.xdv
Category 'changed_source_rules':
  xelatex

------------
Run number 1 of rule 'xdvipdfmx'
------------
------------
Running 'xdvipdfmx -E -o "C1_EXPERIMENT_RECORD.pdf"  "C1_EXPERIMENT_RECORD.xdv"'
------------
C1_EXPERIMENT_RECORD.xdv -> C1_EXPERIMENT_RECORD.pdf
[1][2][3][4][5][6][7][8][9][10][11][12][13][14][15][16][17][18][19][20][21][22][23][24][25][26][27][28][29][30][31][32][33][34][35][36][37][38][39][40][41][42][43][44][45][46][47][48][49][50][51][52][53][54][55][56][57][58][59][60][61][62][63][64][65][66][67][68][69][70][71][72][73][74][75][76][77][78][79][80][81][82][83][84][85][86][87][88][89][90][91][92][93][94][95][96][97][98]
925155 bytes written
Latexmk: All targets (C1_EXPERIMENT_RECORD.xdv C1_EXPERIMENT_RECORD.pdf) are up-to-date

