{
  "H": 96,
  "T": 8192,
  "output_different_elements": 0,
  "output_digest": "7cb17f36f8a2d5e46159dd250646da535c5b5d572b78bc66157b3affc6d6de4f",
  "output_equal_reference": true,
  "output_max_abs_diff": 0.0,
  "output_mean_abs_diff": 0.0,
  "output_nonzero_elements": 100659413,
  "reference_output_digest": "7cb17f36f8a2d5e46159dd250646da535c5b5d572b78bc66157b3affc6d6de4f",
  "reference_state_digest": "d83bda52e4e0a64ca1673a6f97758f9b3b023178a84261f253efbf75ff0aaac1",
  "seed": 2027,
  "state_digest": "d83bda52e4e0a64ca1673a6f97758f9b3b023178a84261f253efbf75ff0aaac1",
  "state_dtype": "bfloat16",
  "state_equal_reference": true,
  "timing": {
    "max_ms": 1.0765440464019775,
    "mean_ms": 1.0384633588790892,
    "median_ms": 1.037600040435791,
    "min_ms": 1.0343999862670898,
    "samples_ms": [
      1.0343999862670898,
      1.0345280170440674,
      1.0353599786758423,
      1.0355199575424194,
      1.0355520248413086,
      1.0355520248413086,
      1.0356160402297974,
      1.0357120037078857,
      1.0360959768295288,
      1.0363199710845947,
      1.0363839864730835,
      1.0364480018615723,
      1.036512017250061,
      1.036512017250061,
      1.0365760326385498,
      1.0366400480270386,
      1.0368319749832153,
      1.0368319749832153,
      1.0370240211486816,
      1.0370240211486816,
      1.0373120307922363,
      1.037343978881836,
      1.0375360250473022,
      1.0375360250473022,
      1.0375679731369019,
      1.037600040435791,
      1.037600040435791,
      1.0377919673919678,
      1.0377919673919678,
      1.037984013557434,
      1.0380799770355225,
      1.0381439924240112,
      1.0382399559020996,
      1.0382399559020996,
      1.0382399559020996,
      1.0384639501571655,
      1.0384960174560547,
      1.0385600328445435,
      1.0386879444122314,
      1.038815975189209,
      1.0390080213546753,
      1.0392320156097412,
      1.0393600463867188,
      1.0396159887313843,
      1.0400320291519165,
      1.0401279926300049,
      1.0407359600067139,
      1.0411839485168457,
      1.04585599899292,
      1.0765440464019775
    ]
  }
}
