{
  "H": 96,
  "T": 8192,
  "output_different_elements": 100659413,
  "output_digest": "46b23b74b0d431993099b9ccef75ac4e30dc48305089aa236b6ff1de97fed713",
  "output_equal_reference": false,
  "output_max_abs_diff": 93184.0,
  "output_mean_abs_diff": 2.170480728149414,
  "output_nonzero_elements": 0,
  "reference_output_digest": "7cb17f36f8a2d5e46159dd250646da535c5b5d572b78bc66157b3affc6d6de4f",
  "reference_state_digest": "d83bda52e4e0a64ca1673a6f97758f9b3b023178a84261f253efbf75ff0aaac1",
  "seed": 2027,
  "state_digest": "d83bda52e4e0a64ca1673a6f97758f9b3b023178a84261f253efbf75ff0aaac1",
  "state_dtype": "bfloat16",
  "state_equal_reference": true,
  "timing": {
    "max_ms": 1.5497280359268188,
    "mean_ms": 1.532435848712921,
    "median_ms": 1.532256007194519,
    "min_ms": 1.5144000053405762,
    "samples_ms": [
      1.5144000053405762,
      1.5169919729232788,
      1.5207040309906006,
      1.5223360061645508,
      1.5232000350952148,
      1.5247679948806763,
      1.5249600410461426,
      1.5257279872894287,
      1.526528000831604,
      1.5270400047302246,
      1.5271680355072021,
      1.5276479721069336,
      1.5277440547943115,
      1.5279040336608887,
      1.5283520221710205,
      1.5285120010375977,
      1.5295679569244385,
      1.5296000242233276,
      1.5300159454345703,
      1.530176043510437,
      1.5302720069885254,
      1.531167984008789,
      1.5317440032958984,
      1.5318080186843872,
      1.532096028327942,
      1.532256007194519,
      1.5327039957046509,
      1.5327680110931396,
      1.533087968826294,
      1.533471941947937,
      1.533568024635315,
      1.5338560342788696,
      1.533951997756958,
      1.5339839458465576,
      1.5340800285339355,
      1.5348800420761108,
      1.5351359844207764,
      1.5368640422821045,
      1.5375679731369019,
      1.5391039848327637,
      1.5393919944763184,
      1.5394560098648071,
      1.539520025253296,
      1.5395840406417847,
      1.5410560369491577,
      1.5448640584945679,
      1.545248031616211,
      1.546239972114563,
      1.5489920377731323,
      1.5497280359268188
    ]
  }
}
{
  "H": 4,
  "T": 8192,
  "output_different_elements": 4194135,
  "output_digest": "2daeb1f36095b44b318410b3f4e8b5d989dcc7bb023d1426c492dab0a3053e74",
  "output_equal_reference": false,
  "output_max_abs_diff": 1680.0,
  "output_mean_abs_diff": 0.09411072731018066,
  "output_nonzero_elements": 0,
  "reference_output_digest": "3f024ec8855cbd4168b7dd8685c8d842dd31dbf876d462e2a42067f55bd36dd6",
  "reference_state_digest": "8450df2a6179f915145fe73c5beba8e924b03385e07e102aeaf832ffc8ddf637",
  "seed": 2027,
  "state_digest": "8450df2a6179f915145fe73c5beba8e924b03385e07e102aeaf832ffc8ddf637",
  "state_dtype": "bfloat16",
  "state_equal_reference": true,
  "timing": {
    "max_ms": 1.096992015838623,
    "mean_ms": 1.0630835247039796,
    "median_ms": 1.063264012336731,
    "min_ms": 1.0551680326461792,
    "samples_ms": [
      1.0551680326461792,
      1.0551999807357788,
      1.0552639961242676,
      1.0559680461883545,
      1.0569920539855957,
      1.0573760271072388,
      1.0580159425735474,
      1.0585600137710571,
      1.0591360330581665,
      1.0599039793014526,
      1.060096025466919,
      1.0603200197219849,
      1.0603519678115845,
      1.0612479448318481,
      1.0615999698638916,
      1.0617599487304688,
      1.0619200468063354,
      1.0620479583740234,
      1.0623359680175781,
      1.0626879930496216,
      1.062880039215088,
      1.062880039215088,
      1.0629440546035767,
      1.0629440546035767,
      1.063264012336731,
      1.063264012336731,
      1.0635199546813965,
      1.0635520219802856,
      1.0637760162353516,
      1.0638079643249512,
      1.0638400316238403,
      1.06387197971344,
      1.063904047012329,
      1.0640000104904175,
      1.064031958580017,
      1.0640959739685059,
      1.0640959739685059,
      1.0642240047454834,
      1.0642240047454834,
      1.0642880201339722,
      1.0643199682235718,
      1.0644479990005493,
      1.064512014389038,
      1.0651839971542358,
      1.066208004951477,
      1.0665600299835205,
      1.0674240589141846,
      1.0676480531692505,
      1.0715199708938599,
      1.096992015838623
    ]
  }
}
{
  "H": 96,
  "T": 16,
  "output_different_elements": 196581,
  "output_digest": "a6619f482fee91a315f76cdcd8705d39b6ce11077c435ccc696142e130c27762",
  "output_equal_reference": false,
  "output_max_abs_diff": 48896.0,
  "output_mean_abs_diff": 888.10107421875,
  "output_nonzero_elements": 0,
  "reference_output_digest": "1bd9be12e3cdd353af0e2b3e71e1fc2404d19f9a97bbbcb35875da28ba049735",
  "reference_state_digest": "6bce0b0a915d8ae9e0558d3449336999545500dee3359378409ea3cc792a046a",
  "seed": 2027,
  "state_digest": "6bce0b0a915d8ae9e0558d3449336999545500dee3359378409ea3cc792a046a",
  "state_dtype": "bfloat16",
  "state_equal_reference": true,
  "timing": {
    "max_ms": 0.04662400111556053,
    "mean_ms": 0.03806047990918159,
    "median_ms": 0.03766399994492531,
    "min_ms": 0.03590400144457817,
    "samples_ms": [
      0.03590400144457817,
      0.036159999668598175,
      0.036159999668598175,
      0.036320000886917114,
      0.036320000886917114,
      0.03638400137424469,
      0.03638400137424469,
      0.03638400137424469,
      0.03641600161790848,
      0.03641600161790848,
      0.03641600161790848,
      0.036479998379945755,
      0.03651199862360954,
      0.03651199862360954,
      0.03651199862360954,
      0.03654399886727333,
      0.03654399886727333,
      0.03657599911093712,
      0.03657599911093712,
      0.036607999354600906,
      0.03667199984192848,
      0.036768000572919846,
      0.03680000081658363,
      0.03683200106024742,
      0.036896001547575,
      0.036928001791238785,
      0.036959998309612274,
      0.03705599904060364,
      0.03705599904060364,
      0.03711999952793121,
      0.03711999952793121,
      0.03721600025892258,
      0.037248000502586365,
      0.03734400123357773,
      0.03734400123357773,
      0.037376001477241516,
      0.037376001477241516,
      0.037376001477241516,
      0.037376001477241516,
      0.037408001720905304,
      0.037408001720905304,
      0.037408001720905304,
      0.03743999823927879,
      0.03747199848294258,
      0.03747199848294258,
      0.03750399872660637,
      0.03753599897027016,
      0.03753599897027016,
      0.03759999945759773,
      0.03763199970126152,
      0.03766399994492531,
      0.037728000432252884,
      0.03776000067591667,
      0.03776000067591667,
      0.03779200091958046,
      0.03788800165057182,
      0.03788800165057182,
      0.03788800165057182,
      0.03788800165057182,
      0.03791999816894531,
      0.0379519984126091,
      0.0379519984126091,
      0.0379519984126091,
      0.03798399865627289,
      0.03798399865627289,
      0.03798399865627289,
      0.038015998899936676,
      0.038047999143600464,
      0.03807999938726425,
      0.03811199963092804,
      0.0382080003619194,
      0.03824000060558319,
      0.03846399858593941,
      0.03852799907326698,
      0.038816001266241074,
      0.03891199827194214,
      0.0390079990029335,
      0.03903999924659729,
      0.03929600119590759,
      0.03932800143957138,
      0.03939199820160866,
      0.039423998445272446,
      0.039423998445272446,
      0.03948799893260002,
      0.03951999917626381,
      0.0395519994199276,
      0.039583999663591385,
      0.039583999663591385,
      0.03961599990725517,
      0.039712000638246536,
      0.039744000881910324,
      0.039903998374938965,
      0.03999999910593033,
      0.04016000032424927,
      0.04016000032424927,
      0.04041599854826927,
      0.04092799872159958,
      0.0453759990632534,
      0.045951999723911285,
      0.04662400111556053
    ]
  }
}
