{
  "H": 96,
  "T": 8192,
  "output_different_elements": 0,
  "output_digest": "7cb17f36f8a2d5e46159dd250646da535c5b5d572b78bc66157b3affc6d6de4f",
  "output_equal_reference": true,
  "output_max_abs_diff": 0.0,
  "output_mean_abs_diff": 0.0,
  "output_nonzero_elements": 100659413,
  "reference_output_digest": "7cb17f36f8a2d5e46159dd250646da535c5b5d572b78bc66157b3affc6d6de4f",
  "reference_state_digest": "d83bda52e4e0a64ca1673a6f97758f9b3b023178a84261f253efbf75ff0aaac1",
  "seed": 2027,
  "state_digest": "d83bda52e4e0a64ca1673a6f97758f9b3b023178a84261f253efbf75ff0aaac1",
  "state_dtype": "bfloat16",
  "state_equal_reference": true,
  "timing": {
    "max_ms": 1.9823360443115234,
    "mean_ms": 1.9324448037147521,
    "median_ms": 1.931872010231018,
    "min_ms": 1.9169280529022217,
    "samples_ms": [
      1.9169280529022217,
      1.9169280529022217,
      1.9171839952468872,
      1.919584035873413,
      1.9208639860153198,
      1.9209280014038086,
      1.9218239784240723,
      1.9220479726791382,
      1.922976016998291,
      1.9234240055084229,
      1.9238719940185547,
      1.9247679710388184,
      1.9249279499053955,
      1.9251519441604614,
      1.9259840250015259,
      1.9262720346450806,
      1.9265919923782349,
      1.927839994430542,
      1.9279040098190308,
      1.9288320541381836,
      1.9299839735031128,
      1.930016040802002,
      1.9302400350570679,
      1.9314240217208862,
      1.9315199851989746,
      1.931872010231018,
      1.9326080083847046,
      1.9327679872512817,
      1.932960033416748,
      1.9330559968948364,
      1.9335999488830566,
      1.9338560104370117,
      1.9345279932022095,
      1.934656023979187,
      1.935263991355896,
      1.9359359741210938,
      1.9367040395736694,
      1.937600016593933,
      1.9384959936141968,
      1.9391039609909058,
      1.9409600496292114,
      1.940991997718811,
      1.9412800073623657,
      1.94268798828125,
      1.9443520307540894,
      1.9446719884872437,
      1.9448959827423096,
      1.9451199769973755,
      1.9539200067520142,
      1.9823360443115234
    ]
  }
}
