{
  "H": 96,
  "T": 8192,
  "output_different_elements": 0,
  "output_digest": "7cb17f36f8a2d5e46159dd250646da535c5b5d572b78bc66157b3affc6d6de4f",
  "output_equal_reference": true,
  "output_max_abs_diff": 0.0,
  "output_mean_abs_diff": 0.0,
  "output_nonzero_elements": 100659413,
  "reference_output_digest": "7cb17f36f8a2d5e46159dd250646da535c5b5d572b78bc66157b3affc6d6de4f",
  "reference_state_digest": "d83bda52e4e0a64ca1673a6f97758f9b3b023178a84261f253efbf75ff0aaac1",
  "seed": 2027,
  "state_digest": "d83bda52e4e0a64ca1673a6f97758f9b3b023178a84261f253efbf75ff0aaac1",
  "state_dtype": "bfloat16",
  "state_equal_reference": true,
  "timing": {
    "max_ms": 1.8457599878311157,
    "mean_ms": 1.790625922679901,
    "median_ms": 1.7851200103759766,
    "min_ms": 1.7764159440994263,
    "samples_ms": [
      1.7764159440994263,
      1.7788480520248413,
      1.7794239521026611,
      1.7800960540771484,
      1.7802879810333252,
      1.780608057975769,
      1.780608057975769,
      1.7807680368423462,
      1.7808959484100342,
      1.7808959484100342,
      1.781216025352478,
      1.7814079523086548,
      1.7815040349960327,
      1.7815040349960327,
      1.7815040349960327,
      1.781599998474121,
      1.7823679447174072,
      1.7824959754943848,
      1.7828160524368286,
      1.7830079793930054,
      1.7830719947814941,
      1.7831039428710938,
      1.783136010169983,
      1.7833280563354492,
      1.7850559949874878,
      1.7851200103759766,
      1.78656005859375,
      1.7869759798049927,
      1.7872960567474365,
      1.7889280319213867,
      1.790079951286316,
      1.7917120456695557,
      1.7924799919128418,
      1.792799949645996,
      1.7930560111999512,
      1.795199990272522,
      1.7957760095596313,
      1.7965120077133179,
      1.7980799674987793,
      1.7989120483398438,
      1.801408052444458,
      1.8022079467773438,
      1.8054720163345337,
      1.8078080415725708,
      1.8083839416503906,
      1.809823989868164,
      1.8099839687347412,
      1.8112640380859375,
      1.8137279748916626,
      1.8457599878311157
    ]
  }
}
{
  "H": 4,
  "T": 8192,
  "output_different_elements": 0,
  "output_digest": "3f024ec8855cbd4168b7dd8685c8d842dd31dbf876d462e2a42067f55bd36dd6",
  "output_equal_reference": true,
  "output_max_abs_diff": 0.0,
  "output_mean_abs_diff": 0.0,
  "output_nonzero_elements": 4194135,
  "reference_output_digest": "3f024ec8855cbd4168b7dd8685c8d842dd31dbf876d462e2a42067f55bd36dd6",
  "reference_state_digest": "8450df2a6179f915145fe73c5beba8e924b03385e07e102aeaf832ffc8ddf637",
  "seed": 2027,
  "state_digest": "8450df2a6179f915145fe73c5beba8e924b03385e07e102aeaf832ffc8ddf637",
  "state_dtype": "bfloat16",
  "state_equal_reference": true,
  "timing": {
    "max_ms": 1.3305599689483643,
    "mean_ms": 1.3050387191772461,
    "median_ms": 1.3044159412384033,
    "min_ms": 1.2997440099716187,
    "samples_ms": [
      1.2997440099716187,
      1.3007680177688599,
      1.3015040159225464,
      1.301535964012146,
      1.301759958267212,
      1.3018879890441895,
      1.3020800352096558,
      1.3027520179748535,
      1.3027839660644531,
      1.3028160333633423,
      1.3028160333633423,
      1.3029439449310303,
      1.3031359910964966,
      1.303231954574585,
      1.3032959699630737,
      1.3033599853515625,
      1.30348801612854,
      1.3035520315170288,
      1.3036160469055176,
      1.3036479949951172,
      1.303712010383606,
      1.3039040565490723,
      1.3039040565490723,
      1.3042240142822266,
      1.3044159412384033,
      1.3044159412384033,
      1.3044480085372925,
      1.3045439720153809,
      1.3046079874038696,
      1.3048959970474243,
      1.3051520586013794,
      1.3052159547805786,
      1.3054399490356445,
      1.3056000471115112,
      1.3057600259780884,
      1.3058559894561768,
      1.3059200048446655,
      1.3059200048446655,
      1.3059200048446655,
      1.306015968322754,
      1.3061439990997314,
      1.3062080144882202,
      1.306656002998352,
      1.3070720434188843,
      1.3074560165405273,
      1.3075519800186157,
      1.3079999685287476,
      1.3080639839172363,
      1.3136320114135742,
      1.3305599689483643
    ]
  }
}
{
  "H": 96,
  "T": 16,
  "output_different_elements": 0,
  "output_digest": "1bd9be12e3cdd353af0e2b3e71e1fc2404d19f9a97bbbcb35875da28ba049735",
  "output_equal_reference": true,
  "output_max_abs_diff": 0.0,
  "output_mean_abs_diff": 0.0,
  "output_nonzero_elements": 196581,
  "reference_output_digest": "1bd9be12e3cdd353af0e2b3e71e1fc2404d19f9a97bbbcb35875da28ba049735",
  "reference_state_digest": "6bce0b0a915d8ae9e0558d3449336999545500dee3359378409ea3cc792a046a",
  "seed": 2027,
  "state_digest": "6bce0b0a915d8ae9e0558d3449336999545500dee3359378409ea3cc792a046a",
  "state_dtype": "bfloat16",
  "state_equal_reference": true,
  "timing": {
    "max_ms": 0.047807998955249786,
    "mean_ms": 0.03955008015036583,
    "median_ms": 0.03936000168323517,
    "min_ms": 0.037856001406908035,
    "samples_ms": [
      0.037856001406908035,
      0.037856001406908035,
      0.038047999143600464,
      0.03811199963092804,
      0.038176000118255615,
      0.03827200084924698,
      0.03827200084924698,
      0.03830400109291077,
      0.038336001336574554,
      0.03836800158023834,
      0.03840000182390213,
      0.03840000182390213,
      0.03846399858593941,
      0.038495998829603195,
      0.038495998829603195,
      0.03852799907326698,
      0.03852799907326698,
      0.03852799907326698,
      0.03852799907326698,
      0.03855999931693077,
      0.03859199956059456,
      0.03862399980425835,
      0.03862399980425835,
      0.038656000047922134,
      0.038656000047922134,
      0.03872000053524971,
      0.03872000053524971,
      0.038784001022577286,
      0.038816001266241074,
      0.038816001266241074,
      0.03884800150990486,
      0.03888000175356865,
      0.03888000175356865,
      0.03888000175356865,
      0.03891199827194214,
      0.0390079990029335,
      0.03903999924659729,
      0.039135999977588654,
      0.039135999977588654,
      0.039135999977588654,
      0.039135999977588654,
      0.03920000046491623,
      0.03923200070858002,
      0.03929600119590759,
      0.03929600119590759,
      0.03929600119590759,
      0.03932800143957138,
      0.03932800143957138,
      0.03936000168323517,
      0.03936000168323517,
      0.03936000168323517,
      0.03936000168323517,
      0.03936000168323517,
      0.03939199820160866,
      0.03939199820160866,
      0.039423998445272446,
      0.039423998445272446,
      0.039423998445272446,
      0.039455998688936234,
      0.039455998688936234,
      0.039455998688936234,
      0.039455998688936234,
      0.039455998688936234,
      0.039455998688936234,
      0.03948799893260002,
      0.03948799893260002,
      0.03948799893260002,
      0.03948799893260002,
      0.03951999917626381,
      0.039583999663591385,
      0.03961599990725517,
      0.03961599990725517,
      0.03964800015091896,
      0.03968000039458275,
      0.03968000039458275,
      0.03968000039458275,
      0.039712000638246536,
      0.039712000638246536,
      0.039712000638246536,
      0.039744000881910324,
      0.039744000881910324,
      0.03977600112557411,
      0.0398080013692379,
      0.03984000161290169,
      0.039872001856565475,
      0.03999999910593033,
      0.040063999593257904,
      0.040063999593257904,
      0.04016000032424927,
      0.04025600105524063,
      0.04032000154256821,
      0.04044799879193306,
      0.04121600091457367,
      0.04153599962592125,
      0.0416640006005764,
      0.04169600084424019,
      0.0453759990632534,
      0.04604800045490265,
      0.047359999269247055,
      0.047807998955249786
    ]
  }
}
