{
  "H": 96,
  "T": 8192,
  "output_different_elements": 0,
  "output_digest": "7cb17f36f8a2d5e46159dd250646da535c5b5d572b78bc66157b3affc6d6de4f",
  "output_equal_reference": true,
  "output_max_abs_diff": 0.0,
  "output_mean_abs_diff": 0.0,
  "output_nonzero_elements": 100659413,
  "reference_output_digest": "7cb17f36f8a2d5e46159dd250646da535c5b5d572b78bc66157b3affc6d6de4f",
  "reference_state_digest": "d83bda52e4e0a64ca1673a6f97758f9b3b023178a84261f253efbf75ff0aaac1",
  "seed": 2027,
  "state_digest": "d83bda52e4e0a64ca1673a6f97758f9b3b023178a84261f253efbf75ff0aaac1",
  "state_dtype": "bfloat16",
  "state_equal_reference": true,
  "timing": {
    "max_ms": 1.8675199747085571,
    "mean_ms": 1.7894470417499542,
    "median_ms": 1.7875200510025024,
    "min_ms": 1.7755199670791626,
    "samples_ms": [
      1.7755199670791626,
      1.776319980621338,
      1.776576042175293,
      1.776576042175293,
      1.7770559787750244,
      1.77839994430542,
      1.7784960269927979,
      1.7787519693374634,
      1.7796159982681274,
      1.7803200483322144,
      1.7804479598999023,
      1.7805119752883911,
      1.7807040214538574,
      1.780735969543457,
      1.7808959484100342,
      1.7808959484100342,
      1.7811839580535889,
      1.7819520235061646,
      1.7827520370483398,
      1.7828160524368286,
      1.7828480005264282,
      1.7828799486160278,
      1.7829760313034058,
      1.7830719947814941,
      1.7832319736480713,
      1.7846720218658447,
      1.7847039699554443,
      1.7848000526428223,
      1.7848320007324219,
      1.7848960161209106,
      1.7851519584655762,
      1.7854399681091309,
      1.7854399681091309,
      1.7855360507965088,
      1.7856320142745972,
      1.785696029663086,
      1.7859519720077515,
      1.7860480546951294,
      1.7865920066833496,
      1.7865920066833496,
      1.7867200374603271,
      1.7867200374603271,
      1.7868160009384155,
      1.7868800163269043,
      1.7868800163269043,
      1.786944031715393,
      1.7869759798049927,
      1.7871359586715698,
      1.7872639894485474,
      1.7874879837036133,
      1.7875200510025024,
      1.7879680395126343,
      1.7884160280227661,
      1.7884800434112549,
      1.7885119915008545,
      1.7886719703674316,
      1.7886719703674316,
      1.7887359857559204,
      1.7888319492340088,
      1.788864016532898,
      1.7888959646224976,
      1.7889280319213867,
      1.7889920473098755,
      1.789023995399475,
      1.7890559434890747,
      1.789247989654541,
      1.7900480031967163,
      1.7904000282287598,
      1.7906559705734253,
      1.790719985961914,
      1.7907840013504028,
      1.7907840013504028,
      1.7909120321273804,
      1.7910399436950684,
      1.7913919687271118,
      1.7920960187911987,
      1.7923200130462646,
      1.793023943901062,
      1.7930560111999512,
      1.7931840419769287,
      1.7931840419769287,
      1.7934080362319946,
      1.7936320304870605,
      1.7939200401306152,
      1.7944639921188354,
      1.7951040267944336,
      1.795199990272522,
      1.7953280210494995,
      1.7962559461593628,
      1.7967360019683838,
      1.8026560544967651,
      1.8031359910964966,
      1.8036479949951172,
      1.8062080144882202,
      1.8088639974594116,
      1.8112640380859375,
      1.8115520477294922,
      1.812384009361267,
      1.8136639595031738,
      1.8675199747085571
    ]
  }
}
